Archive member included to satisfy reference by file (symbol)

c:/program files (x86)/atollic/truestudio for stm32 9.3.0/armtools/bin/../lib/gcc/arm-atollic-eabi/6.3.1/../../../../arm-atollic-eabi/lib/armv7-m\libc_nano.a(lib_a-errno.o)
                              Src\syscalls.o (__errno)
c:/program files (x86)/atollic/truestudio for stm32 9.3.0/armtools/bin/../lib/gcc/arm-atollic-eabi/6.3.1/../../../../arm-atollic-eabi/lib/armv7-m\libc_nano.a(lib_a-impure.o)
                              c:/program files (x86)/atollic/truestudio for stm32 9.3.0/armtools/bin/../lib/gcc/arm-atollic-eabi/6.3.1/../../../../arm-atollic-eabi/lib/armv7-m\libc_nano.a(lib_a-errno.o) (_impure_ptr)
c:/program files (x86)/atollic/truestudio for stm32 9.3.0/armtools/bin/../lib/gcc/arm-atollic-eabi/6.3.1/../../../../arm-atollic-eabi/lib/armv7-m\libc_nano.a(lib_a-init.o)
                              startup\startup_stm32f103xg.o (__libc_init_array)
c:/program files (x86)/atollic/truestudio for stm32 9.3.0/armtools/bin/../lib/gcc/arm-atollic-eabi/6.3.1/../../../../arm-atollic-eabi/lib/armv7-m\libc_nano.a(lib_a-memcpy-stub.o)
                              Src\main.o (memcpy)
c:/program files (x86)/atollic/truestudio for stm32 9.3.0/armtools/bin/../lib/gcc/arm-atollic-eabi/6.3.1/../../../../arm-atollic-eabi/lib/armv7-m\libc_nano.a(lib_a-memset.o)
                              Src\main.o (memset)
c:/program files (x86)/atollic/truestudio for stm32 9.3.0/armtools/bin/../lib/gcc/arm-atollic-eabi/6.3.1/../../../../arm-atollic-eabi/lib/armv7-m\libc_nano.a(lib_a-sprintf.o)
                              Src\main.o (sprintf)
c:/program files (x86)/atollic/truestudio for stm32 9.3.0/armtools/bin/../lib/gcc/arm-atollic-eabi/6.3.1/../../../../arm-atollic-eabi/lib/armv7-m\libc_nano.a(lib_a-strlen.o)
                              Src\fonts.o (strlen)
c:/program files (x86)/atollic/truestudio for stm32 9.3.0/armtools/bin/../lib/gcc/arm-atollic-eabi/6.3.1/../../../../arm-atollic-eabi/lib/armv7-m\libc_nano.a(lib_a-nano-svfprintf.o)
                              c:/program files (x86)/atollic/truestudio for stm32 9.3.0/armtools/bin/../lib/gcc/arm-atollic-eabi/6.3.1/../../../../arm-atollic-eabi/lib/armv7-m\libc_nano.a(lib_a-sprintf.o) (_svfprintf_r)
c:/program files (x86)/atollic/truestudio for stm32 9.3.0/armtools/bin/../lib/gcc/arm-atollic-eabi/6.3.1/../../../../arm-atollic-eabi/lib/armv7-m\libc_nano.a(lib_a-nano-vfprintf_i.o)
                              c:/program files (x86)/atollic/truestudio for stm32 9.3.0/armtools/bin/../lib/gcc/arm-atollic-eabi/6.3.1/../../../../arm-atollic-eabi/lib/armv7-m\libc_nano.a(lib_a-nano-svfprintf.o) (_printf_i)
c:/program files (x86)/atollic/truestudio for stm32 9.3.0/armtools/bin/../lib/gcc/arm-atollic-eabi/6.3.1/../../../../arm-atollic-eabi/lib/armv7-m\libc_nano.a(lib_a-memchr-stub.o)
                              c:/program files (x86)/atollic/truestudio for stm32 9.3.0/armtools/bin/../lib/gcc/arm-atollic-eabi/6.3.1/../../../../arm-atollic-eabi/lib/armv7-m\libc_nano.a(lib_a-nano-svfprintf.o) (memchr)
c:/program files (x86)/atollic/truestudio for stm32 9.3.0/armtools/bin/../lib/gcc/arm-atollic-eabi/6.3.1/../../../../arm-atollic-eabi/lib/armv7-m\libc_nano.a(lib_a-memmove.o)
                              c:/program files (x86)/atollic/truestudio for stm32 9.3.0/armtools/bin/../lib/gcc/arm-atollic-eabi/6.3.1/../../../../arm-atollic-eabi/lib/armv7-m\libc_nano.a(lib_a-nano-svfprintf.o) (memmove)
c:/program files (x86)/atollic/truestudio for stm32 9.3.0/armtools/bin/../lib/gcc/arm-atollic-eabi/6.3.1/../../../../arm-atollic-eabi/lib/armv7-m\libc_nano.a(lib_a-nano-freer.o)
                              c:/program files (x86)/atollic/truestudio for stm32 9.3.0/armtools/bin/../lib/gcc/arm-atollic-eabi/6.3.1/../../../../arm-atollic-eabi/lib/armv7-m\libc_nano.a(lib_a-nano-svfprintf.o) (_free_r)
c:/program files (x86)/atollic/truestudio for stm32 9.3.0/armtools/bin/../lib/gcc/arm-atollic-eabi/6.3.1/../../../../arm-atollic-eabi/lib/armv7-m\libc_nano.a(lib_a-nano-mallocr.o)
                              c:/program files (x86)/atollic/truestudio for stm32 9.3.0/armtools/bin/../lib/gcc/arm-atollic-eabi/6.3.1/../../../../arm-atollic-eabi/lib/armv7-m\libc_nano.a(lib_a-nano-svfprintf.o) (_malloc_r)
c:/program files (x86)/atollic/truestudio for stm32 9.3.0/armtools/bin/../lib/gcc/arm-atollic-eabi/6.3.1/../../../../arm-atollic-eabi/lib/armv7-m\libc_nano.a(lib_a-nano-reallocr.o)
                              c:/program files (x86)/atollic/truestudio for stm32 9.3.0/armtools/bin/../lib/gcc/arm-atollic-eabi/6.3.1/../../../../arm-atollic-eabi/lib/armv7-m\libc_nano.a(lib_a-nano-svfprintf.o) (_realloc_r)
c:/program files (x86)/atollic/truestudio for stm32 9.3.0/armtools/bin/../lib/gcc/arm-atollic-eabi/6.3.1/../../../../arm-atollic-eabi/lib/armv7-m\libc_nano.a(lib_a-sbrkr.o)
[...]
Memory Configuration

Name             Origin             Length             Attributes
RAM              0x20000000         0x00018000         xrw
FLASH            0x08000000         0x000c0000         xr
*default*        0x00000000         0xffffffff

Linker script and memory map

LOAD c:/program files (x86)/atollic/truestudio for stm32 9.3.0/armtools/bin/../lib/gcc/arm-atollic-eabi/6.3.1/armv7-m/crti.o
LOAD c:/program files (x86)/atollic/truestudio for stm32 9.3.0/armtools/bin/../lib/gcc/arm-atollic-eabi/6.3.1/armv7-m/crtbegin.o
LOAD Drivers\STM32F1xx_HAL_Driver\Src\stm32f1xx_hal.o
LOAD Drivers\STM32F1xx_HAL_Driver\Src\stm32f1xx_hal_cortex.o
LOAD Drivers\STM32F1xx_HAL_Driver\Src\stm32f1xx_hal_dma.o
LOAD Drivers\STM32F1xx_HAL_Driver\Src\stm32f1xx_hal_exti.o
LOAD Drivers\STM32F1xx_HAL_Driver\Src\stm32f1xx_hal_flash.o
LOAD Drivers\STM32F1xx_HAL_Driver\Src\stm32f1xx_hal_flash_ex.o
LOAD Drivers\STM32F1xx_HAL_Driver\Src\stm32f1xx_hal_gpio.o
LOAD Drivers\STM32F1xx_HAL_Driver\Src\stm32f1xx_hal_gpio_ex.o
LOAD Drivers\STM32F1xx_HAL_Driver\Src\stm32f1xx_hal_i2c.o
LOAD Drivers\STM32F1xx_HAL_Driver\Src\stm32f1xx_hal_pcd.o
LOAD Drivers\STM32F1xx_HAL_Driver\Src\stm32f1xx_hal_pcd_ex.o
LOAD Drivers\STM32F1xx_HAL_Driver\Src\stm32f1xx_hal_pwr.o
LOAD Drivers\STM32F1xx_HAL_Driver\Src\stm32f1xx_hal_rcc.o
LOAD Drivers\STM32F1xx_HAL_Driver\Src\stm32f1xx_hal_rcc_ex.o
LOAD Drivers\STM32F1xx_HAL_Driver\Src\stm32f1xx_hal_sd.o
LOAD Drivers\STM32F1xx_HAL_Driver\Src\stm32f1xx_hal_spi.o
LOAD Drivers\STM32F1xx_HAL_Driver\Src\stm32f1xx_hal_tim.o
LOAD Drivers\STM32F1xx_HAL_Driver\Src\stm32f1xx_hal_tim_ex.o
LOAD Drivers\STM32F1xx_HAL_Driver\Src\stm32f1xx_ll_sdmmc.o
LOAD Drivers\STM32F1xx_HAL_Driver\Src\stm32f1xx_ll_usb.o
LOAD Middlewares\ST\STM32_USB_Device_Library\Class\CDC\Src\usbd_cdc.o
LOAD Middlewares\ST\STM32_USB_Device_Library\Core\Src\usbd_core.o
LOAD Middlewares\ST\STM32_USB_Device_Library\Core\Src\usbd_ctlreq.o
LOAD Middlewares\ST\STM32_USB_Device_Library\Core\Src\usbd_ioreq.o
LOAD Middlewares\Third_Party\FatFs\src\diskio.o
LOAD Middlewares\Third_Party\FatFs\src\drivers\sd_diskio.o
LOAD Middlewares\Third_Party\FatFs\src\ff.o
LOAD Middlewares\Third_Party\FatFs\src\ff_gen_drv.o
LOAD Middlewares\Third_Party\FatFs\src\option\ccsbcs.o
LOAD Middlewares\Third_Party\FatFs\src\option\syscall.o
LOAD Src\bsp_driver_sd.o
LOAD Src\dwt_stm32_delay.o
LOAD Src\fatfs.o
LOAD Src\flash.o
LOAD Src\fonts.o
LOAD Src\main.o
LOAD Src\ssd1306.o
LOAD Src\stm32f1xx_hal_msp.o
LOAD Src\stm32f1xx_it.o
LOAD Src\syscalls.o
LOAD Src\system_stm32f1xx.o
LOAD Src\usb_device.o
LOAD Src\usbd_cdc_if.o
LOAD Src\usbd_conf.o
LOAD Src\usbd_desc.o
LOAD Src\w25qxx.o
LOAD Src\ym2612.o
LOAD startup\startup_stm32f103xg.o
                0x00000080                malloc_getpagesize_P = 0x80
START GROUP
LOAD c:/program files (x86)/atollic/truestudio for stm32 9.3.0/armtools/bin/../lib/gcc/arm-atollic-eabi/6.3.1/../../../../arm-atollic-eabi/lib/armv7-m\libc_nano.a
LOAD c:/program files (x86)/atollic/truestudio for stm32 9.3.0/armtools/bin/../lib/gcc/arm-atollic-eabi/6.3.1/../../../../arm-atollic-eabi/lib/armv7-m\libm.a
END GROUP
START GROUP
LOAD c:/program files (x86)/atollic/truestudio for stm32 9.3.0/armtools/bin/../lib/gcc/arm-atollic-eabi/6.3.1/armv7-m\libgcc.a
LOAD c:/program files (x86)/atollic/truestudio for stm32 9.3.0/armtools/bin/../lib/gcc/arm-atollic-eabi/6.3.1/../../../../arm-atollic-eabi/lib/armv7-m\libc_nano.a
END GROUP
START GROUP
LOAD c:/program files (x86)/atollic/truestudio for stm32 9.3.0/armtools/bin/../lib/gcc/arm-atollic-eabi/6.3.1/armv7-m\libgcc.a
LOAD c:/program files (x86)/atollic/truestudio for stm32 9.3.0/armtools/bin/../lib/gcc/arm-atollic-eabi/6.3.1/../../../../arm-atollic-eabi/lib/armv7-m\libc_nano.a
LOAD c:/program files (x86)/atollic/truestudio for stm32 9.3.0/armtools/bin/../lib/gcc/arm-atollic-eabi/6.3.1/../../../../arm-atollic-eabi/lib/armv7-m\libnosys.a
END GROUP
START GROUP
LOAD c:/program files (x86)/atollic/truestudio for stm32 9.3.0/armtools/bin/../lib/gcc/arm-atollic-eabi/6.3.1/armv7-m\libgcc.a
LOAD c:/program files (x86)/atollic/truestudio for stm32 9.3.0/armtools/bin/../lib/gcc/arm-atollic-eabi/6.3.1/../../../../arm-atollic-eabi/lib/armv7-m\libc_nano.a
LOAD c:/program files (x86)/atollic/truestudio for stm32 9.3.0/armtools/bin/../lib/gcc/arm-atollic-eabi/6.3.1/../../../../arm-atollic-eabi/lib/armv7-m\libnosys.a
END GROUP
LOAD c:/program files (x86)/atollic/truestudio for stm32 9.3.0/armtools/bin/../lib/gcc/arm-atollic-eabi/6.3.1/armv7-m/crtend.o
LOAD c:/program files (x86)/atollic/truestudio for stm32 9.3.0/armtools/bin/../lib/gcc/arm-atollic-eabi/6.3.1/armv7-m/crtn.o
                0x20018000                _estack = 0x20018000
                0x00000200                _Min_Heap_Size = 0x200
                0x00000400                _Min_Stack_Size = 0x400

.isr_vector     0x08000000      0x1e4
                0x08000000                . = ALIGN (0x4)
 *(.isr_vector)
 .isr_vector    0x08000000      0x1e4 startup\startup_stm32f103xg.o
                0x08000000                g_pfnVectors
                0x080001e4                . = ALIGN (0x4)

.text           0x080001e4     0x9cdc
                0x080001e4                . = ALIGN (0x4)
 *(.text)
 .text          0x080001e4       0x40 c:/program files (x86)/atollic/truestudio for stm32 9.3.0/armtools/bin/../lib/gcc/arm-atollic-eabi/6.3.1/armv7-m/crtbegin.o
 .text          0x08000224       0x10 c:/program files (x86)/atollic/truestudio for stm32 9.3.0/armtools/bin/../lib/gcc/arm-atollic-eabi/6.3.1/../../../../arm-atollic-eabi/lib/armv7-m\libc_nano.a(lib_a-strlen.o)
                0x08000224                strlen
 *(.text*)
 .text.HAL_InitTick
                0x08000234       0x4c Drivers\STM32F1xx_HAL_Driver\Src\stm32f1xx_hal.o
                0x08000234                HAL_InitTick
 .text.HAL_Init
                0x08000280       0x24 Drivers\STM32F1xx_HAL_Driver\Src\stm32f1xx_hal.o
                0x08000280                HAL_Init
 .text.HAL_IncTick
                0x080002a4       0x18 Drivers\STM32F1xx_HAL_Driver\Src\stm32f1xx_hal.o
                0x080002a4                HAL_IncTick
 .text.HAL_GetTick
                0x080002bc        0xc Drivers\STM32F1xx_HAL_Driver\Src\stm32f1xx_hal.o
                0x080002bc                HAL_GetTick
 .text.HAL_Delay
                0x080002c8       0x28 Drivers\STM32F1xx_HAL_Driver\Src\stm32f1xx_hal.o
                0x080002c8                HAL_Delay
 .text.HAL_NVIC_SetPriorityGrouping
                0x080002f0       0x24 Drivers\STM32F1xx_HAL_Driver\Src\stm32f1xx_hal_cortex.o
                0x080002f0                HAL_NVIC_SetPriorityGrouping
 .text.HAL_NVIC_SetPriority
                0x08000314       0x64 Drivers\STM32F1xx_HAL_Driver\Src\stm32f1xx_hal_cortex.o
                0x08000314                HAL_NVIC_SetPriority
 .text.HAL_NVIC_EnableIRQ
                0x08000378       0x1c Drivers\STM32F1xx_HAL_Driver\Src\stm32f1xx_hal_cortex.o
                0x08000378                HAL_NVIC_EnableIRQ
 .text.HAL_SYSTICK_Config
                0x08000394       0x2c Drivers\STM32F1xx_HAL_Driver\Src\stm32f1xx_hal_cortex.o
                0x08000394                HAL_SYSTICK_Config
 .text.HAL_GPIO_Init
                0x080003c0      0x200 Drivers\STM32F1xx_HAL_Driver\Src\stm32f1xx_hal_gpio.o
                0x080003c0                HAL_GPIO_Init
 .text.HAL_GPIO_WritePin
                0x080005c0        0xc Drivers\STM32F1xx_HAL_Driver\Src\stm32f1xx_hal_gpio.o
                0x080005c0                HAL_GPIO_WritePin
 .text.HAL_GPIO_TogglePin
                0x080005cc        0xe Drivers\STM32F1xx_HAL_Driver\Src\stm32f1xx_hal_gpio.o
                0x080005cc                HAL_GPIO_TogglePin
 .text.I2C_IsAcknowledgeFailed
                0x080005da       0x32 Drivers\STM32F1xx_HAL_Driver\Src\stm32f1xx_hal_i2c.o
 .text.I2C_WaitOnFlagUntilTimeout
                0x0800060c       0x70 Drivers\STM32F1xx_HAL_Driver\Src\stm32f1xx_hal_i2c.o
 .text.I2C_WaitOnMasterAddressFlagUntilTimeout
                0x0800067c       0xa4 Drivers\STM32F1xx_HAL_Driver\Src\stm32f1xx_hal_i2c.o
 .text.I2C_MasterRequestWrite
                0x08000720       0xa8 Drivers\STM32F1xx_HAL_Driver\Src\stm32f1xx_hal_i2c.o
 .text.I2C_WaitOnTXEFlagUntilTimeout
                0x080007c8       0x54 Drivers\STM32F1xx_HAL_Driver\Src\stm32f1xx_hal_i2c.o
 .text.I2C_WaitOnBTFFlagUntilTimeout
                0x0800081c       0x54 Drivers\STM32F1xx_HAL_Driver\Src\stm32f1xx_hal_i2c.o
 .text.HAL_I2C_Init
                0x08000870      0x1a0 Drivers\STM32F1xx_HAL_Driver\Src\stm32f1xx_hal_i2c.o
                0x08000870                HAL_I2C_Init
 .text.HAL_I2C_Master_Transmit
                0x08000a10      0x174 Drivers\STM32F1xx_HAL_Driver\Src\stm32f1xx_hal_i2c.o
                0x08000a10                HAL_I2C_Master_Transmit
 .text.HAL_I2C_IsDeviceReady
                0x08000b84      0x184 Drivers\STM32F1xx_HAL_Driver\Src\stm32f1xx_hal_i2c.o
                0x08000b84                HAL_I2C_IsDeviceReady
 .text.HAL_PCD_Init
                0x08000d08       0xf4 Drivers\STM32F1xx_HAL_Driver\Src\stm32f1xx_hal_pcd.o
                0x08000d08                HAL_PCD_Init
 .text.HAL_PCD_Start
                0x08000dfc       0x2e Drivers\STM32F1xx_HAL_Driver\Src\stm32f1xx_hal_pcd.o
                0x08000dfc                HAL_PCD_Start
 .text.HAL_PCD_SetAddress
                0x08000e2a       0x28 Drivers\STM32F1xx_HAL_Driver\Src\stm32f1xx_hal_pcd.o
                0x08000e2a                HAL_PCD_SetAddress
 .text.HAL_PCD_EP_Open
                0x08000e52       0x70 Drivers\STM32F1xx_HAL_Driver\Src\stm32f1xx_hal_pcd.o
                0x08000e52                HAL_PCD_EP_Open
 .text.HAL_PCD_EP_Close
                0x08000ec2       0x5c Drivers\STM32F1xx_HAL_Driver\Src\stm32f1xx_hal_pcd.o
                0x08000ec2                HAL_PCD_EP_Close
 .text.HAL_PCD_EP_Receive
                0x08000f1e       0x3e Drivers\STM32F1xx_HAL_Driver\Src\stm32f1xx_hal_pcd.o
                0x08000f1e                HAL_PCD_EP_Receive
 .text.HAL_PCD_EP_GetRxCount
                0x08000f5c        0xe Drivers\STM32F1xx_HAL_Driver\Src\stm32f1xx_hal_pcd.o
                0x08000f5c                HAL_PCD_EP_GetRxCount
 .text.HAL_PCD_EP_Transmit
                0x08000f6a       0x3c Drivers\STM32F1xx_HAL_Driver\Src\stm32f1xx_hal_pcd.o
                0x08000f6a                HAL_PCD_EP_Transmit
 .text.PCD_EP_ISR_Handler
                0x08000fa6      0x388 Drivers\STM32F1xx_HAL_Driver\Src\stm32f1xx_hal_pcd.o
 .text.HAL_PCD_IRQHandler
                0x0800132e      0x176 Drivers\STM32F1xx_HAL_Driver\Src\stm32f1xx_hal_pcd.o
                0x0800132e                HAL_PCD_IRQHandler
 .text.HAL_PCD_EP_SetStall
                0x080014a4       0x6e Drivers\STM32F1xx_HAL_Driver\Src\stm32f1xx_hal_pcd.o
                0x080014a4                HAL_PCD_EP_SetStall
 .text.HAL_PCD_EP_ClrStall
                0x08001512       0x6e Drivers\STM32F1xx_HAL_Driver\Src\stm32f1xx_hal_pcd.o
                0x08001512                HAL_PCD_EP_ClrStall
 .text.HAL_PCDEx_PMAConfig
                0x08001580       0x30 Drivers\STM32F1xx_HAL_Driver\Src\stm32f1xx_hal_pcd_ex.o
                0x08001580                HAL_PCDEx_PMAConfig
 .text.RCC_Delay
                0x080015b0       0x2c Drivers\STM32F1xx_HAL_Driver\Src\stm32f1xx_hal_rcc.o
 .text.HAL_RCC_DeInit
                0x080015dc       0xf4 Drivers\STM32F1xx_HAL_Driver\Src\stm32f1xx_hal_rcc.o
                0x080015dc                HAL_RCC_DeInit
 .text.HAL_RCC_OscConfig
                0x080016d0      0x410 Drivers\STM32F1xx_HAL_Driver\Src\stm32f1xx_hal_rcc.o
                0x080016d0                HAL_RCC_OscConfig
 .text.HAL_RCC_GetSysClockFreq
                0x08001ae0       0x6c Drivers\STM32F1xx_HAL_Driver\Src\stm32f1xx_hal_rcc.o
                0x08001ae0                HAL_RCC_GetSysClockFreq
 .text.HAL_RCC_ClockConfig
                0x08001b4c      0x168 Drivers\STM32F1xx_HAL_Driver\Src\stm32f1xx_hal_rcc.o
                0x08001b4c                HAL_RCC_ClockConfig
 .text.HAL_RCC_GetHCLKFreq
                0x08001cb4        0xc Drivers\STM32F1xx_HAL_Driver\Src\stm32f1xx_hal_rcc.o
                0x08001cb4                HAL_RCC_GetHCLKFreq
 .text.HAL_RCC_GetPCLK1Freq
                0x08001cc0       0x20 Drivers\STM32F1xx_HAL_Driver\Src\stm32f1xx_hal_rcc.o
                0x08001cc0                HAL_RCC_GetPCLK1Freq
 .text.HAL_RCCEx_PeriphCLKConfig
                0x08001ce0      0x114 Drivers\STM32F1xx_HAL_Driver\Src\stm32f1xx_hal_rcc_ex.o
                0x08001ce0                HAL_RCCEx_PeriphCLKConfig
 .text.SD_PowerON
                0x08001df4       0xc0 Drivers\STM32F1xx_HAL_Driver\Src\stm32f1xx_hal_sd.o
 .text.SD_FindSCR
                0x08001eb4      0x106 Drivers\STM32F1xx_HAL_Driver\Src\stm32f1xx_hal_sd.o
 .text.SD_WideBus_Enable
                0x08001fba       0x5a Drivers\STM32F1xx_HAL_Driver\Src\stm32f1xx_hal_sd.o
 .text.SD_WideBus_Disable
                0x08002014       0x5a Drivers\STM32F1xx_HAL_Driver\Src\stm32f1xx_hal_sd.o
 .text.SD_SendStatus
                0x0800206e       0x2a Drivers\STM32F1xx_HAL_Driver\Src\stm32f1xx_hal_sd.o
 .text.HAL_SD_ReadBlocks
                0x08002098      0x264 Drivers\STM32F1xx_HAL_Driver\Src\stm32f1xx_hal_sd.o
                0x08002098                HAL_SD_ReadBlocks
 .text.HAL_SD_WriteBlocks
                0x080022fc      0x214 Drivers\STM32F1xx_HAL_Driver\Src\stm32f1xx_hal_sd.o
                0x080022fc                HAL_SD_WriteBlocks
 .text.HAL_SD_GetCardCSD
                0x08002510      0x1bc Drivers\STM32F1xx_HAL_Driver\Src\stm32f1xx_hal_sd.o
                0x08002510                HAL_SD_GetCardCSD
 .text.SD_InitCard
                0x080026cc       0xfc Drivers\STM32F1xx_HAL_Driver\Src\stm32f1xx_hal_sd.o
 .text.HAL_SD_InitCard
                0x080027c8       0x7c Drivers\STM32F1xx_HAL_Driver\Src\stm32f1xx_hal_sd.o
                0x080027c8                HAL_SD_InitCard
 .text.HAL_SD_Init
                0x08002844       0x3e Drivers\STM32F1xx_HAL_Driver\Src\stm32f1xx_hal_sd.o
                0x08002844                HAL_SD_Init
 .text.HAL_SD_GetCardInfo
                0x08002882       0x24 Drivers\STM32F1xx_HAL_Driver\Src\stm32f1xx_hal_sd.o
                0x08002882                HAL_SD_GetCardInfo
 *fill*         0x080028a6        0x2 
 .text.HAL_SD_ConfigWideBusOperation
                0x080028a8       0xa4 Drivers\STM32F1xx_HAL_Driver\Src\stm32f1xx_hal_sd.o
                0x080028a8                HAL_SD_ConfigWideBusOperation
 .text.HAL_SD_GetCardState
                0x0800294c       0x26 Drivers\STM32F1xx_HAL_Driver\Src\stm32f1xx_hal_sd.o
                0x0800294c                HAL_SD_GetCardState
 .text.SPI_WaitFlagStateUntilTimeout
                0x08002972       0x90 Drivers\STM32F1xx_HAL_Driver\Src\stm32f1xx_hal_spi.o
 .text.SPI_EndRxTxTransaction
                0x08002a02       0x26 Drivers\STM32F1xx_HAL_Driver\Src\stm32f1xx_hal_spi.o
 .text.SPI_EndRxTransaction
                0x08002a28       0x7a Drivers\STM32F1xx_HAL_Driver\Src\stm32f1xx_hal_spi.o
 .text.HAL_SPI_Init
                0x08002aa2       0x7c Drivers\STM32F1xx_HAL_Driver\Src\stm32f1xx_hal_spi.o
                0x08002aa2                HAL_SPI_Init
 .text.HAL_SPI_Transmit
                0x08002b1e      0x1a0 Drivers\STM32F1xx_HAL_Driver\Src\stm32f1xx_hal_spi.o
                0x08002b1e                HAL_SPI_Transmit
 .text.HAL_SPI_TransmitReceive
                0x08002cbe      0x238 Drivers\STM32F1xx_HAL_Driver\Src\stm32f1xx_hal_spi.o
                0x08002cbe                HAL_SPI_TransmitReceive
 .text.HAL_SPI_Receive
                0x08002ef6      0x164 Drivers\STM32F1xx_HAL_Driver\Src\stm32f1xx_hal_spi.o
                0x08002ef6                HAL_SPI_Receive
 .text.HAL_TIM_Base_Start_IT
                0x0800305a       0x22 Drivers\STM32F1xx_HAL_Driver\Src\stm32f1xx_hal_tim.o
                0x0800305a                HAL_TIM_Base_Start_IT
 .text.HAL_TIM_Base_Stop_IT
                0x0800307c       0x2c Drivers\STM32F1xx_HAL_Driver\Src\stm32f1xx_hal_tim.o
                0x0800307c                HAL_TIM_Base_Stop_IT
 .text.HAL_TIM_OC_DelayElapsedCallback
                0x080030a8        0x2 Drivers\STM32F1xx_HAL_Driver\Src\stm32f1xx_hal_tim.o
                0x080030a8                HAL_TIM_OC_DelayElapsedCallback
 .text.HAL_TIM_IC_CaptureCallback
                0x080030aa        0x2 Drivers\STM32F1xx_HAL_Driver\Src\stm32f1xx_hal_tim.o
                0x080030aa                HAL_TIM_IC_CaptureCallback
 .text.HAL_TIM_PWM_PulseFinishedCallback
                0x080030ac        0x2 Drivers\STM32F1xx_HAL_Driver\Src\stm32f1xx_hal_tim.o
                0x080030ac                HAL_TIM_PWM_PulseFinishedCallback
 .text.HAL_TIM_TriggerCallback
                0x080030ae        0x2 Drivers\STM32F1xx_HAL_Driver\Src\stm32f1xx_hal_tim.o
                0x080030ae                HAL_TIM_TriggerCallback
 .text.HAL_TIM_IRQHandler
                0x080030b0      0x17a Drivers\STM32F1xx_HAL_Driver\Src\stm32f1xx_hal_tim.o
                0x080030b0                HAL_TIM_IRQHandler
 *fill*         0x0800322a        0x2 
 .text.TIM_Base_SetConfig
                0x0800322c       0xcc Drivers\STM32F1xx_HAL_Driver\Src\stm32f1xx_hal_tim.o
                0x0800322c                TIM_Base_SetConfig
 .text.HAL_TIM_Base_Init
                0x080032f8       0x32 Drivers\STM32F1xx_HAL_Driver\Src\stm32f1xx_hal_tim.o
                0x080032f8                HAL_TIM_Base_Init
 .text.HAL_TIMEx_MasterConfigSynchronization
                0x0800332a       0x46 Drivers\STM32F1xx_HAL_Driver\Src\stm32f1xx_hal_tim_ex.o
                0x0800332a                HAL_TIMEx_MasterConfigSynchronization
 .text.HAL_TIMEx_CommutCallback
                0x08003370        0x2 Drivers\STM32F1xx_HAL_Driver\Src\stm32f1xx_hal_tim_ex.o
                0x08003370                HAL_TIMEx_CommutCallback
 .text.HAL_TIMEx_BreakCallback
                0x08003372        0x2 Drivers\STM32F1xx_HAL_Driver\Src\stm32f1xx_hal_tim_ex.o
                0x08003372                HAL_TIMEx_BreakCallback
 .text.SDMMC_GetCmdError
                0x08003374       0x38 Drivers\STM32F1xx_HAL_Driver\Src\stm32f1xx_ll_sdmmc.o
 .text.SDMMC_GetCmdResp2
                0x080033ac       0x60 Drivers\STM32F1xx_HAL_Driver\Src\stm32f1xx_ll_sdmmc.o
 .text.SDMMC_GetCmdResp3
                0x0800340c       0x50 Drivers\STM32F1xx_HAL_Driver\Src\stm32f1xx_ll_sdmmc.o
 .text.SDMMC_GetCmdResp7
                0x0800345c       0x6c Drivers\STM32F1xx_HAL_Driver\Src\stm32f1xx_ll_sdmmc.o
 .text.SDIO_Init
                0x080034c8       0x36 Drivers\STM32F1xx_HAL_Driver\Src\stm32f1xx_ll_sdmmc.o
                0x080034c8                SDIO_Init
 .text.SDIO_ReadFIFO
                0x080034fe        0x6 Drivers\STM32F1xx_HAL_Driver\Src\stm32f1xx_ll_sdmmc.o
                0x080034fe                SDIO_ReadFIFO
 .text.SDIO_WriteFIFO
                0x08003504        0xa Drivers\STM32F1xx_HAL_Driver\Src\stm32f1xx_ll_sdmmc.o
                0x08003504                SDIO_WriteFIFO
 .text.SDIO_PowerState_ON
                0x0800350e       0x10 Drivers\STM32F1xx_HAL_Driver\Src\stm32f1xx_ll_sdmmc.o
                0x0800350e                SDIO_PowerState_ON
 .text.SDIO_GetPowerState
                0x0800351e        0x8 Drivers\STM32F1xx_HAL_Driver\Src\stm32f1xx_ll_sdmmc.o
                0x0800351e                SDIO_GetPowerState
 .text.SDIO_SendCommand
                0x08003526       0x24 Drivers\STM32F1xx_HAL_Driver\Src\stm32f1xx_ll_sdmmc.o
                0x08003526                SDIO_SendCommand
 .text.SDIO_GetCommandResponse
                0x0800354a        0x6 Drivers\STM32F1xx_HAL_Driver\Src\stm32f1xx_ll_sdmmc.o
                0x0800354a                SDIO_GetCommandResponse
 .text.SDIO_GetResponse
                0x08003550        0x6 Drivers\STM32F1xx_HAL_Driver\Src\stm32f1xx_ll_sdmmc.o
                0x08003550                SDIO_GetResponse
 *fill*         0x08003556        0x2 
 .text.SDMMC_GetCmdResp1
                0x08003558      0x158 Drivers\STM32F1xx_HAL_Driver\Src\stm32f1xx_ll_sdmmc.o
 .text.SDMMC_GetCmdResp6
                0x080036b0       0xa4 Drivers\STM32F1xx_HAL_Driver\Src\stm32f1xx_ll_sdmmc.o
 .text.SDIO_ConfigData
                0x08003754       0x24 Drivers\STM32F1xx_HAL_Driver\Src\stm32f1xx_ll_sdmmc.o
                0x08003754                SDIO_ConfigData
 .text.SDMMC_CmdBlockLength
                0x08003778       0x30 Drivers\STM32F1xx_HAL_Driver\Src\stm32f1xx_ll_sdmmc.o
                0x08003778                SDMMC_CmdBlockLength
 .text.SDMMC_CmdReadSingleBlock
                0x080037a8       0x30 Drivers\STM32F1xx_HAL_Driver\Src\stm32f1xx_ll_sdmmc.o
                0x080037a8                SDMMC_CmdReadSingleBlock
 .text.SDMMC_CmdReadMultiBlock
                0x080037d8       0x30 Drivers\STM32F1xx_HAL_Driver\Src\stm32f1xx_ll_sdmmc.o
                0x080037d8                SDMMC_CmdReadMultiBlock
 .text.SDMMC_CmdWriteSingleBlock
                0x08003808       0x30 Drivers\STM32F1xx_HAL_Driver\Src\stm32f1xx_ll_sdmmc.o
                0x08003808                SDMMC_CmdWriteSingleBlock
 .text.SDMMC_CmdWriteMultiBlock
                0x08003838       0x30 Drivers\STM32F1xx_HAL_Driver\Src\stm32f1xx_ll_sdmmc.o
                0x08003838                SDMMC_CmdWriteMultiBlock
 .text.SDMMC_CmdStopTransfer
                0x08003868       0x34 Drivers\STM32F1xx_HAL_Driver\Src\stm32f1xx_ll_sdmmc.o
                0x08003868                SDMMC_CmdStopTransfer
 .text.SDMMC_CmdSelDesel
                0x0800389c       0x30 Drivers\STM32F1xx_HAL_Driver\Src\stm32f1xx_ll_sdmmc.o
                0x0800389c                SDMMC_CmdSelDesel
 .text.SDMMC_CmdGoIdleState
                0x080038cc       0x26 Drivers\STM32F1xx_HAL_Driver\Src\stm32f1xx_ll_sdmmc.o
                0x080038cc                SDMMC_CmdGoIdleState
 .text.SDMMC_CmdOperCond
                0x080038f2       0x2e Drivers\STM32F1xx_HAL_Driver\Src\stm32f1xx_ll_sdmmc.o
                0x080038f2                SDMMC_CmdOperCond
 .text.SDMMC_CmdAppCommand
                0x08003920       0x30 Drivers\STM32F1xx_HAL_Driver\Src\stm32f1xx_ll_sdmmc.o
                0x08003920                SDMMC_CmdAppCommand
 .text.SDMMC_CmdAppOperCommand
                0x08003950       0x32 Drivers\STM32F1xx_HAL_Driver\Src\stm32f1xx_ll_sdmmc.o
                0x08003950                SDMMC_CmdAppOperCommand
 .text.SDMMC_CmdBusWidth
                0x08003982       0x30 Drivers\STM32F1xx_HAL_Driver\Src\stm32f1xx_ll_sdmmc.o
                0x08003982                SDMMC_CmdBusWidth
 .text.SDMMC_CmdSendSCR
                0x080039b2       0x30 Drivers\STM32F1xx_HAL_Driver\Src\stm32f1xx_ll_sdmmc.o
                0x080039b2                SDMMC_CmdSendSCR
 .text.SDMMC_CmdSendCID
                0x080039e2       0x2a Drivers\STM32F1xx_HAL_Driver\Src\stm32f1xx_ll_sdmmc.o
                0x080039e2                SDMMC_CmdSendCID
 .text.SDMMC_CmdSendCSD
                0x08003a0c       0x2a Drivers\STM32F1xx_HAL_Driver\Src\stm32f1xx_ll_sdmmc.o
                0x08003a0c                SDMMC_CmdSendCSD
 .text.SDMMC_CmdSetRelAdd
                0x08003a36       0x30 Drivers\STM32F1xx_HAL_Driver\Src\stm32f1xx_ll_sdmmc.o
                0x08003a36                SDMMC_CmdSetRelAdd
 .text.SDMMC_CmdSendStatus
                0x08003a66       0x30 Drivers\STM32F1xx_HAL_Driver\Src\stm32f1xx_ll_sdmmc.o
                0x08003a66                SDMMC_CmdSendStatus
 .text.USB_CoreInit
                0x08003a96        0xe Drivers\STM32F1xx_HAL_Driver\Src\stm32f1xx_ll_usb.o
                0x08003a96                USB_CoreInit
 .text.USB_EnableGlobalInt
                0x08003aa4       0x12 Drivers\STM32F1xx_HAL_Driver\Src\stm32f1xx_ll_usb.o
                0x08003aa4                USB_EnableGlobalInt
 .text.USB_DisableGlobalInt
                0x08003ab6       0x14 Drivers\STM32F1xx_HAL_Driver\Src\stm32f1xx_ll_usb.o
                0x08003ab6                USB_DisableGlobalInt
 .text.USB_SetCurrentMode
                0x08003aca        0x4 Drivers\STM32F1xx_HAL_Driver\Src\stm32f1xx_ll_usb.o
                0x08003aca                USB_SetCurrentMode
 .text.USB_DevInit
                0x08003ace       0x2c Drivers\STM32F1xx_HAL_Driver\Src\stm32f1xx_ll_usb.o
                0x08003ace                USB_DevInit
 .text.USB_ActivateEndpoint
                0x08003afa      0x380 Drivers\STM32F1xx_HAL_Driver\Src\stm32f1xx_ll_usb.o
                0x08003afa                USB_ActivateEndpoint
 .text.USB_DeactivateEndpoint
                0x08003e7a      0x1d4 Drivers\STM32F1xx_HAL_Driver\Src\stm32f1xx_ll_usb.o
                0x08003e7a                USB_DeactivateEndpoint
 .text.USB_EPSetStall
                0x0800404e       0x4a Drivers\STM32F1xx_HAL_Driver\Src\stm32f1xx_ll_usb.o
                0x0800404e                USB_EPSetStall
 .text.USB_EPClearStall
                0x08004098       0xa2 Drivers\STM32F1xx_HAL_Driver\Src\stm32f1xx_ll_usb.o
                0x08004098                USB_EPClearStall
 .text.USB_SetDevAddress
                0x0800413a        0xc Drivers\STM32F1xx_HAL_Driver\Src\stm32f1xx_ll_usb.o
                0x0800413a                USB_SetDevAddress
 .text.USB_DevConnect
                0x08004146        0x4 Drivers\STM32F1xx_HAL_Driver\Src\stm32f1xx_ll_usb.o
                0x08004146                USB_DevConnect
 .text.USB_DevDisconnect
                0x0800414a        0x4 Drivers\STM32F1xx_HAL_Driver\Src\stm32f1xx_ll_usb.o
                0x0800414a                USB_DevDisconnect
 .text.USB_ReadInterrupts
                0x0800414e        0x8 Drivers\STM32F1xx_HAL_Driver\Src\stm32f1xx_ll_usb.o
                0x0800414e                USB_ReadInterrupts
 .text.USB_EP0_OutStart
                0x08004156        0x4 Drivers\STM32F1xx_HAL_Driver\Src\stm32f1xx_ll_usb.o
                0x08004156                USB_EP0_OutStart
 .text.USB_WritePMA
                0x0800415a       0x2a Drivers\STM32F1xx_HAL_Driver\Src\stm32f1xx_ll_usb.o
                0x0800415a                USB_WritePMA
 .text.USB_EPStartXfer
                0x08004184      0x350 Drivers\STM32F1xx_HAL_Driver\Src\stm32f1xx_ll_usb.o
                0x08004184                USB_EPStartXfer
 .text.USB_ReadPMA
                0x080044d4       0x30 Drivers\STM32F1xx_HAL_Driver\Src\stm32f1xx_ll_usb.o
                0x080044d4                USB_ReadPMA
 .text.USBD_CDC_EP0_RxReady
                0x08004504       0x28 Middlewares\ST\STM32_USB_Device_Library\Class\CDC\Src\usbd_cdc.o
 .text.USBD_CDC_GetFSCfgDesc
                0x0800452c        0xc Middlewares\ST\STM32_USB_Device_Library\Class\CDC\Src\usbd_cdc.o
 .text.USBD_CDC_GetHSCfgDesc
                0x08004538        0xc Middlewares\ST\STM32_USB_Device_Library\Class\CDC\Src\usbd_cdc.o
 .text.USBD_CDC_GetOtherSpeedCfgDesc
                0x08004544        0xc Middlewares\ST\STM32_USB_Device_Library\Class\CDC\Src\usbd_cdc.o
 .text.USBD_CDC_GetDeviceQualifierDescriptor
                0x08004550        0xc Middlewares\ST\STM32_USB_Device_Library\Class\CDC\Src\usbd_cdc.o
                0x08004550                USBD_CDC_GetDeviceQualifierDescriptor
 .text.USBD_CDC_DataOut
                0x0800455c       0x2e Middlewares\ST\STM32_USB_Device_Library\Class\CDC\Src\usbd_cdc.o
 .text.USBD_CDC_DataIn
                0x0800458a       0x4c Middlewares\ST\STM32_USB_Device_Library\Class\CDC\Src\usbd_cdc.o
 .text.USBD_CDC_Setup
                0x080045d6       0xda Middlewares\ST\STM32_USB_Device_Library\Class\CDC\Src\usbd_cdc.o
 .text.USBD_CDC_DeInit
                0x080046b0       0x42 Middlewares\ST\STM32_USB_Device_Library\Class\CDC\Src\usbd_cdc.o
 .text.USBD_CDC_Init
                0x080046f2       0xaa Middlewares\ST\STM32_USB_Device_Library\Class\CDC\Src\usbd_cdc.o
 .text.USBD_CDC_RegisterInterface
                0x0800479c        0xe Middlewares\ST\STM32_USB_Device_Library\Class\CDC\Src\usbd_cdc.o
                0x0800479c                USBD_CDC_RegisterInterface
 .text.USBD_CDC_SetTxBuffer
                0x080047aa       0x10 Middlewares\ST\STM32_USB_Device_Library\Class\CDC\Src\usbd_cdc.o
                0x080047aa                USBD_CDC_SetTxBuffer
 .text.USBD_CDC_SetRxBuffer
                0x080047ba        0xc Middlewares\ST\STM32_USB_Device_Library\Class\CDC\Src\usbd_cdc.o
                0x080047ba                USBD_CDC_SetRxBuffer
 .text.USBD_CDC_TransmitPacket
                0x080047c6       0x34 Middlewares\ST\STM32_USB_Device_Library\Class\CDC\Src\usbd_cdc.o
                0x080047c6                USBD_CDC_TransmitPacket
 .text.USBD_CDC_ReceivePacket
                0x080047fa       0x32 Middlewares\ST\STM32_USB_Device_Library\Class\CDC\Src\usbd_cdc.o
                0x080047fa                USBD_CDC_ReceivePacket
 .text.USBD_Init
                0x0800482c       0x2e Middlewares\ST\STM32_USB_Device_Library\Core\Src\usbd_core.o
                0x0800482c                USBD_Init
 .text.USBD_RegisterClass
                0x0800485a        0xe Middlewares\ST\STM32_USB_Device_Library\Core\Src\usbd_core.o
                0x0800485a                USBD_RegisterClass
 .text.USBD_Start
                0x08004868        0xa Middlewares\ST\STM32_USB_Device_Library\Core\Src\usbd_core.o
                0x08004868                USBD_Start
 .text.USBD_SetClassConfig
                0x08004872       0x1a Middlewares\ST\STM32_USB_Device_Library\Core\Src\usbd_core.o
                0x08004872                USBD_SetClassConfig
 .text.USBD_ClrClassConfig
                0x0800488c        0xe Middlewares\ST\STM32_USB_Device_Library\Core\Src\usbd_core.o
                0x0800488c                USBD_ClrClassConfig
 .text.USBD_LL_SetupStage
                0x0800489a       0x5a Middlewares\ST\STM32_USB_Device_Library\Core\Src\usbd_core.o
                0x0800489a                USBD_LL_SetupStage
 .text.USBD_LL_DataOutStage
                0x080048f4       0x94 Middlewares\ST\STM32_USB_Device_Library\Core\Src\usbd_core.o
                0x080048f4                USBD_LL_DataOutStage
 .text.USBD_LL_DataInStage
                0x08004988       0xd4 Middlewares\ST\STM32_USB_Device_Library\Core\Src\usbd_core.o
                0x08004988                USBD_LL_DataInStage
 .text.USBD_LL_Reset
                0x08004a5c       0x50 Middlewares\ST\STM32_USB_Device_Library\Core\Src\usbd_core.o
                0x08004a5c                USBD_LL_Reset
 .text.USBD_LL_SetSpeed
                0x08004aac        0x6 Middlewares\ST\STM32_USB_Device_Library\Core\Src\usbd_core.o
                0x08004aac                USBD_LL_SetSpeed
 .text.USBD_LL_Suspend
                0x08004ab2       0x12 Middlewares\ST\STM32_USB_Device_Library\Core\Src\usbd_core.o
                0x08004ab2                USBD_LL_Suspend
 .text.USBD_LL_Resume
                0x08004ac4       0x16 Middlewares\ST\STM32_USB_Device_Library\Core\Src\usbd_core.o
                0x08004ac4                USBD_LL_Resume
 .text.USBD_LL_SOF
                0x08004ada       0x1c Middlewares\ST\STM32_USB_Device_Library\Core\Src\usbd_core.o
                0x08004ada                USBD_LL_SOF
 .text.USBD_GetLen
                0x08004af6       0x14 Middlewares\ST\STM32_USB_Device_Library\Core\Src\usbd_ctlreq.o
 .text.USBD_SetFeature
                0x08004b0a       0x14 Middlewares\ST\STM32_USB_Device_Library\Core\Src\usbd_ctlreq.o
 .text.USBD_ParseSetupRequest
                0x08004b1e       0x28 Middlewares\ST\STM32_USB_Device_Library\Core\Src\usbd_ctlreq.o
                0x08004b1e                USBD_ParseSetupRequest
 .text.USBD_CtlError
                0x08004b46       0x14 Middlewares\ST\STM32_USB_Device_Library\Core\Src\usbd_ctlreq.o
                0x08004b46                USBD_CtlError
 .text.USBD_GetDescriptor
                0x08004b5a      0x1c6 Middlewares\ST\STM32_USB_Device_Library\Core\Src\usbd_ctlreq.o
 .text.USBD_SetAddress
                0x08004d20       0x4e Middlewares\ST\STM32_USB_Device_Library\Core\Src\usbd_ctlreq.o
 *fill*         0x08004d6e        0x2 
 .text.USBD_SetConfig
                0x08004d70       0xb0 Middlewares\ST\STM32_USB_Device_Library\Core\Src\usbd_ctlreq.o
 .text.USBD_GetConfig
                0x08004e20       0x3c Middlewares\ST\STM32_USB_Device_Library\Core\Src\usbd_ctlreq.o
 .text.USBD_GetStatus
                0x08004e5c       0x38 Middlewares\ST\STM32_USB_Device_Library\Core\Src\usbd_ctlreq.o
 .text.USBD_ClrFeature
                0x08004e94       0x26 Middlewares\ST\STM32_USB_Device_Library\Core\Src\usbd_ctlreq.o
 .text.USBD_StdDevReq
                0x08004eba       0x68 Middlewares\ST\STM32_USB_Device_Library\Core\Src\usbd_ctlreq.o
                0x08004eba                USBD_StdDevReq
 .text.USBD_StdItfReq
                0x08004f22       0x60 Middlewares\ST\STM32_USB_Device_Library\Core\Src\usbd_ctlreq.o
                0x08004f22                USBD_StdItfReq
 .text.USBD_StdEPReq
                0x08004f82      0x20e Middlewares\ST\STM32_USB_Device_Library\Core\Src\usbd_ctlreq.o
                0x08004f82                USBD_StdEPReq
 .text.USBD_GetString
                0x08005190       0x38 Middlewares\ST\STM32_USB_Device_Library\Core\Src\usbd_ctlreq.o
                0x08005190                USBD_GetString
 .text.USBD_CtlSendData
                0x080051c8       0x1a Middlewares\ST\STM32_USB_Device_Library\Core\Src\usbd_ioreq.o
                0x080051c8                USBD_CtlSendData
 .text.USBD_CtlContinueSendData
                0x080051e2       0x10 Middlewares\ST\STM32_USB_Device_Library\Core\Src\usbd_ioreq.o
                0x080051e2                USBD_CtlContinueSendData
 .text.USBD_CtlPrepareRx
                0x080051f2       0x1e Middlewares\ST\STM32_USB_Device_Library\Core\Src\usbd_ioreq.o
                0x080051f2                USBD_CtlPrepareRx
 .text.USBD_CtlContinueRx
                0x08005210       0x10 Middlewares\ST\STM32_USB_Device_Library\Core\Src\usbd_ioreq.o
                0x08005210                USBD_CtlContinueRx
 .text.USBD_CtlSendStatus
                0x08005220       0x16 Middlewares\ST\STM32_USB_Device_Library\Core\Src\usbd_ioreq.o
                0x08005220                USBD_CtlSendStatus
 .text.USBD_CtlReceiveStatus
                0x08005236       0x16 Middlewares\ST\STM32_USB_Device_Library\Core\Src\usbd_ioreq.o
                0x08005236                USBD_CtlReceiveStatus
 .text.disk_status
                0x0800524c       0x18 Middlewares\Third_Party\FatFs\src\diskio.o
                0x0800524c                disk_status
 .text.disk_initialize
                0x08005264       0x28 Middlewares\Third_Party\FatFs\src\diskio.o
                0x08005264                disk_initialize
 .text.disk_read
                0x0800528c       0x18 Middlewares\Third_Party\FatFs\src\diskio.o
                0x0800528c                disk_read
 .text.disk_write
                0x080052a4       0x18 Middlewares\Third_Party\FatFs\src\diskio.o
                0x080052a4                disk_write
 .text.disk_ioctl
                0x080052bc       0x18 Middlewares\Third_Party\FatFs\src\diskio.o
                0x080052bc                disk_ioctl
 .text.SD_initialize
                0x080052d4       0x24 Middlewares\Third_Party\FatFs\src\drivers\sd_diskio.o
                0x080052d4                SD_initialize
 .text.SD_status
                0x080052f8       0x24 Middlewares\Third_Party\FatFs\src\drivers\sd_diskio.o
                0x080052f8                SD_status
 .text.SD_read  0x0800531c       0x34 Middlewares\Third_Party\FatFs\src\drivers\sd_diskio.o
                0x0800531c                SD_read
 .text.SD_write
                0x08005350       0x34 Middlewares\Third_Party\FatFs\src\drivers\sd_diskio.o
                0x08005350                SD_write
 .text.SD_ioctl
                0x08005384       0x58 Middlewares\Third_Party\FatFs\src\drivers\sd_diskio.o
                0x08005384                SD_ioctl
 .text.mem_cpy  0x080053dc       0x14 Middlewares\Third_Party\FatFs\src\ff.o
 .text.mem_set  0x080053f0       0x10 Middlewares\Third_Party\FatFs\src\ff.o
 .text.mem_cmp  0x08005400       0x22 Middlewares\Third_Party\FatFs\src\ff.o
 .text.chk_chr  0x08005422       0x10 Middlewares\Third_Party\FatFs\src\ff.o
 *fill*         0x08005432        0x2 
 .text.chk_lock
                0x08005434       0x90 Middlewares\Third_Party\FatFs\src\ff.o
 .text.enq_lock
                0x080054c4       0x24 Middlewares\Third_Party\FatFs\src\ff.o
 .text.inc_lock
                0x080054e8       0xe0 Middlewares\Third_Party\FatFs\src\ff.o
 .text.dec_lock
                0x080055c8       0x44 Middlewares\Third_Party\FatFs\src\ff.o
 .text.clear_lock
                0x0800560c       0x34 Middlewares\Third_Party\FatFs\src\ff.o
 .text.clmt_clust
                0x08005640       0x36 Middlewares\Third_Party\FatFs\src\ff.o
 .text.ld_clust
                0x08005676       0x24 Middlewares\Third_Party\FatFs\src\ff.o
 .text.st_clust
                0x0800569a       0x12 Middlewares\Third_Party\FatFs\src\ff.o
 .text.pick_lfn
                0x080056ac       0x74 Middlewares\Third_Party\FatFs\src\ff.o
 .text.fit_lfn  0x08005720       0x64 Middlewares\Third_Party\FatFs\src\ff.o
 .text.gen_numname
                0x08005784       0xa6 Middlewares\Third_Party\FatFs\src\ff.o
 .text.sum_sfn  0x0800582a       0x1c Middlewares\Third_Party\FatFs\src\ff.o
 .text.get_ldnumber
                0x08005846       0x52 Middlewares\Third_Party\FatFs\src\ff.o
 .text.sync_window
                0x08005898       0x76 Middlewares\Third_Party\FatFs\src\ff.o
 .text.move_window
                0x0800590e       0x40 Middlewares\Third_Party\FatFs\src\ff.o
 *fill*         0x0800594e        0x2 
 .text.check_fs
                0x08005950       0x98 Middlewares\Third_Party\FatFs\src\ff.o
 .text.validate
                0x080059e8       0x4e Middlewares\Third_Party\FatFs\src\ff.o
 *fill*         0x08005a36        0x2 
 .text.find_volume
                0x08005a38      0x3fc Middlewares\Third_Party\FatFs\src\ff.o
 .text.sync_fs  0x08005e34       0xd6 Middlewares\Third_Party\FatFs\src\ff.o
 *fill*         0x08005f0a        0x2 
 .text.create_name
                0x08005f0c      0x230 Middlewares\Third_Party\FatFs\src\ff.o
 .text.get_fileinfo
                0x0800613c       0xec Middlewares\Third_Party\FatFs\src\ff.o
 .text.cmp_lfn  0x08006228       0x98 Middlewares\Third_Party\FatFs\src\ff.o
 .text.clust2sect
                0x080062c0       0x24 Middlewares\Third_Party\FatFs\src\ff.o
                0x080062c0                clust2sect
 .text.get_fat  0x080062e4      0x130 Middlewares\Third_Party\FatFs\src\ff.o
                0x080062e4                get_fat
 .text.dir_sdi  0x08006414       0xf4 Middlewares\Third_Party\FatFs\src\ff.o
 .text.put_fat  0x08006508      0x180 Middlewares\Third_Party\FatFs\src\ff.o
                0x08006508                put_fat
 .text.create_chain
                0x08006688       0xdc Middlewares\Third_Party\FatFs\src\ff.o
 .text.dir_next
                0x08006764      0x19c Middlewares\Third_Party\FatFs\src\ff.o
 .text.dir_find
                0x08006900       0xfa Middlewares\Third_Party\FatFs\src\ff.o
 .text.follow_path
                0x080069fa       0x96 Middlewares\Third_Party\FatFs\src\ff.o
 .text.dir_alloc
                0x08006a90       0x5a Middlewares\Third_Party\FatFs\src\ff.o
 *fill*         0x08006aea        0x2 
 .text.dir_register
                0x08006aec      0x174 Middlewares\Third_Party\FatFs\src\ff.o
 .text.dir_read
                0x08006c60       0xde Middlewares\Third_Party\FatFs\src\ff.o
 .text.remove_chain
                0x08006d3e       0x7c Middlewares\Third_Party\FatFs\src\ff.o
 *fill*         0x08006dba        0x2 
 .text.f_mount  0x08006dbc       0x64 Middlewares\Third_Party\FatFs\src\ff.o
                0x08006dbc                f_mount
 .text.f_open   0x08006e20      0x228 Middlewares\Third_Party\FatFs\src\ff.o
                0x08006e20                f_open
 .text.f_read   0x08007048      0x286 Middlewares\Third_Party\FatFs\src\ff.o
                0x08007048                f_read
 .text.f_sync   0x080072ce       0xda Middlewares\Third_Party\FatFs\src\ff.o
                0x080072ce                f_sync
 .text.f_close  0x080073a8       0x36 Middlewares\Third_Party\FatFs\src\ff.o
                0x080073a8                f_close
 *fill*         0x080073de        0x2 
 .text.f_opendir
                0x080073e0       0xc8 Middlewares\Third_Party\FatFs\src\ff.o
                0x080073e0                f_opendir
 .text.f_readdir
                0x080074a8       0x78 Middlewares\Third_Party\FatFs\src\ff.o
                0x080074a8                f_readdir
 .text.FATFS_LinkDriverEx
                0x08007520       0x4c Middlewares\Third_Party\FatFs\src\ff_gen_drv.o
                0x08007520                FATFS_LinkDriverEx
 .text.FATFS_LinkDriver
                0x0800756c        0xa Middlewares\Third_Party\FatFs\src\ff_gen_drv.o
                0x0800756c                FATFS_LinkDriver
 *fill*         0x08007576        0x2 
 .text.ff_convert
                0x08007578       0x38 Middlewares\Third_Party\FatFs\src\option\ccsbcs.o
                0x08007578                ff_convert
 .text.ff_wtoupper
                0x080075b0       0x24 Middlewares\Third_Party\FatFs\src\option\ccsbcs.o
                0x080075b0                ff_wtoupper
 .text.BSP_SD_ReadBlocks
                0x080075d4       0x20 Src\bsp_driver_sd.o
                0x080075d4                BSP_SD_ReadBlocks
 .text.BSP_SD_WriteBlocks
                0x080075f4       0x20 Src\bsp_driver_sd.o
                0x080075f4                BSP_SD_WriteBlocks
 .text.BSP_SD_GetCardState
                0x08007614       0x14 Src\bsp_driver_sd.o
                0x08007614                BSP_SD_GetCardState
 .text.BSP_SD_GetCardInfo
                0x08007628       0x10 Src\bsp_driver_sd.o
                0x08007628                BSP_SD_GetCardInfo
 .text.BSP_SD_IsDetected
                0x08007638       0x10 Src\bsp_driver_sd.o
                0x08007638                BSP_SD_IsDetected
 .text.BSP_SD_Init
                0x08007648       0x34 Src\bsp_driver_sd.o
                0x08007648                BSP_SD_Init
 .text.DWT_Delay_Init
                0x0800767c       0x44 Src\dwt_stm32_delay.o
                0x0800767c                DWT_Delay_Init
 .text.MX_FATFS_Init
                0x080076c0       0x1c Src\fatfs.o
                0x080076c0                MX_FATFS_Init
 .text.get_fattime
                0x080076dc        0x4 Src\fatfs.o
                0x080076dc                get_fattime
 .text.MX_SDIO_SD_Init
                0x080076e0       0x20 Src\main.o
 .text.MX_GPIO_Init
                0x08007700       0xf4 Src\main.o
 .text.MX_SPI1_Init
                0x080077f4       0x3c Src\main.o
 .text.MX_I2C2_Init
                0x08007830       0x34 Src\main.o
 .text.MX_TIM6_Init
                0x08007864       0x3c Src\main.o
 .text.SystemClock_Config
                0x080078a0       0x6c Src\main.o
                0x080078a0                SystemClock_Config
 .text.HAL_TIM_PeriodElapsedCallback
                0x0800790c       0x68 Src\main.o
                0x0800790c                HAL_TIM_PeriodElapsedCallback
 .text.SystemClock_Config_128MHz
                0x08007974       0x70 Src\main.o
                0x08007974                SystemClock_Config_128MHz
 .text.main     0x080079e4      0x98c Src\main.o
                0x080079e4                main
 .text.Error_Handler
                0x08008370        0x2 Src\main.o
                0x08008370                Error_Handler
 *fill*         0x08008372        0x2 
 .text.SSD1306_Fill
                0x08008374       0x1c Src\ssd1306.o
                0x08008374                SSD1306_Fill
 .text.SSD1306_DrawPixel
                0x08008390       0x54 Src\ssd1306.o
                0x08008390                SSD1306_DrawPixel
 .text.SSD1306_GotoXY
                0x080083e4        0xc Src\ssd1306.o
                0x080083e4                SSD1306_GotoXY
 .text.SSD1306_Putc
                0x080083f0       0xa0 Src\ssd1306.o
                0x080083f0                SSD1306_Putc
 .text.SSD1306_Puts
                0x08008490       0x24 Src\ssd1306.o
                0x08008490                SSD1306_Puts
 .text.ssd1306_I2C_WriteMulti
                0x080084b4       0x38 Src\ssd1306.o
                0x080084b4                ssd1306_I2C_WriteMulti
 .text.ssd1306_I2C_Write
                0x080084ec       0x28 Src\ssd1306.o
                0x080084ec                ssd1306_I2C_Write
 .text.SSD1306_UpdateScreen
                0x08008514       0x48 Src\ssd1306.o
                0x08008514                SSD1306_UpdateScreen
 .text.SSD1306_Init
                0x0800855c      0x11c Src\ssd1306.o
                0x0800855c                SSD1306_Init
 .text.HAL_MspInit
                0x08008678       0x44 Src\stm32f1xx_hal_msp.o
                0x08008678                HAL_MspInit
 .text.HAL_I2C_MspInit
                0x080086bc       0x64 Src\stm32f1xx_hal_msp.o
                0x080086bc                HAL_I2C_MspInit
 .text.HAL_SD_MspInit
                0x08008720       0x88 Src\stm32f1xx_hal_msp.o
                0x08008720                HAL_SD_MspInit
 .text.HAL_SPI_MspInit
                0x080087a8       0x88 Src\stm32f1xx_hal_msp.o
                0x080087a8                HAL_SPI_MspInit
 .text.HAL_TIM_Base_MspInit
                0x08008830       0x40 Src\stm32f1xx_hal_msp.o
                0x08008830                HAL_TIM_Base_MspInit
 .text.NMI_Handler
                0x08008870        0x2 Src\stm32f1xx_it.o
                0x08008870                NMI_Handler
 .text.HardFault_Handler
                0x08008872        0x2 Src\stm32f1xx_it.o
                0x08008872                HardFault_Handler
 .text.MemManage_Handler
                0x08008874        0x2 Src\stm32f1xx_it.o
                0x08008874                MemManage_Handler
 .text.BusFault_Handler
                0x08008876        0x2 Src\stm32f1xx_it.o
                0x08008876                BusFault_Handler
 .text.UsageFault_Handler
                0x08008878        0x2 Src\stm32f1xx_it.o
                0x08008878                UsageFault_Handler
 .text.SVC_Handler
                0x0800887a        0x2 Src\stm32f1xx_it.o
                0x0800887a                SVC_Handler
 .text.DebugMon_Handler
                0x0800887c        0x2 Src\stm32f1xx_it.o
                0x0800887c                DebugMon_Handler
 .text.PendSV_Handler
                0x0800887e        0x2 Src\stm32f1xx_it.o
                0x0800887e                PendSV_Handler
 .text.SysTick_Handler
                0x08008880        0x8 Src\stm32f1xx_it.o
                0x08008880                SysTick_Handler
 .text.USB_LP_CAN1_RX0_IRQHandler
                0x08008888       0x10 Src\stm32f1xx_it.o
                0x08008888                USB_LP_CAN1_RX0_IRQHandler
 .text.TIM6_IRQHandler
                0x08008898       0x10 Src\stm32f1xx_it.o
                0x08008898                TIM6_IRQHandler
 .text._sbrk    0x080088a8       0x3c Src\syscalls.o
                0x080088a8                _sbrk
 .text.SystemInit
                0x080088e4       0x4c Src\system_stm32f1xx.o
                0x080088e4                SystemInit
 .text.MX_USB_DEVICE_Init
                0x08008930       0x54 Src\usb_device.o
                0x08008930                MX_USB_DEVICE_Init
 .text.CDC_DeInit_FS
                0x08008984        0x4 Src\usbd_cdc_if.o
 .text.CDC_Control_FS
                0x08008988        0x4 Src\usbd_cdc_if.o
 .text.CDC_Receive_FS
                0x0800898c       0x74 Src\usbd_cdc_if.o
 .text.CDC_Init_FS
                0x08008a00       0x28 Src\usbd_cdc_if.o
 .text.CDC_Transmit_FS
                0x08008a28       0x2c Src\usbd_cdc_if.o
                0x08008a28                CDC_Transmit_FS
 .text.USBD_Get_USB_Status
                0x08008a54       0x12 Src\usbd_conf.o
 *fill*         0x08008a66        0x2 
 .text.HAL_PCD_MspInit
                0x08008a68       0x40 Src\usbd_conf.o
                0x08008a68                HAL_PCD_MspInit
 .text.HAL_PCD_SetupStageCallback
                0x08008aa8       0x10 Src\usbd_conf.o
                0x08008aa8                HAL_PCD_SetupStageCallback
 .text.HAL_PCD_DataOutStageCallback
                0x08008ab8       0x14 Src\usbd_conf.o
                0x08008ab8                HAL_PCD_DataOutStageCallback
 .text.HAL_PCD_DataInStageCallback
                0x08008acc       0x12 Src\usbd_conf.o
                0x08008acc                HAL_PCD_DataInStageCallback
 .text.HAL_PCD_SOFCallback
                0x08008ade        0xc Src\usbd_conf.o
                0x08008ade                HAL_PCD_SOFCallback
 .text.HAL_PCD_ResetCallback
                0x08008aea       0x22 Src\usbd_conf.o
                0x08008aea                HAL_PCD_ResetCallback
 .text.HAL_PCD_SuspendCallback
                0x08008b0c       0x20 Src\usbd_conf.o
                0x08008b0c                HAL_PCD_SuspendCallback
 .text.HAL_PCD_ResumeCallback
                0x08008b2c        0xc Src\usbd_conf.o
                0x08008b2c                HAL_PCD_ResumeCallback
 .text.USBD_LL_Init
                0x08008b38       0x84 Src\usbd_conf.o
                0x08008b38                USBD_LL_Init
 .text.USBD_LL_Start
                0x08008bbc       0x10 Src\usbd_conf.o
                0x08008bbc                USBD_LL_Start
 .text.USBD_LL_OpenEP
                0x08008bcc       0x16 Src\usbd_conf.o
                0x08008bcc                USBD_LL_OpenEP
 .text.USBD_LL_CloseEP
                0x08008be2       0x10 Src\usbd_conf.o
                0x08008be2                USBD_LL_CloseEP
 .text.USBD_LL_StallEP
                0x08008bf2       0x10 Src\usbd_conf.o
                0x08008bf2                USBD_LL_StallEP
 .text.USBD_LL_ClearStallEP
                0x08008c02       0x10 Src\usbd_conf.o
                0x08008c02                USBD_LL_ClearStallEP
 .text.USBD_LL_IsStallEP
                0x08008c12       0x26 Src\usbd_conf.o
                0x08008c12                USBD_LL_IsStallEP
 .text.USBD_LL_SetUSBAddress
                0x08008c38       0x10 Src\usbd_conf.o
                0x08008c38                USBD_LL_SetUSBAddress
 .text.USBD_LL_Transmit
                0x08008c48       0x10 Src\usbd_conf.o
                0x08008c48                USBD_LL_Transmit
 .text.USBD_LL_PrepareReceive
                0x08008c58       0x10 Src\usbd_conf.o
                0x08008c58                USBD_LL_PrepareReceive
 .text.USBD_LL_GetRxDataSize
                0x08008c68        0xc Src\usbd_conf.o
                0x08008c68                USBD_LL_GetRxDataSize
 .text.USBD_static_malloc
                0x08008c74        0x8 Src\usbd_conf.o
                0x08008c74                USBD_static_malloc
 .text.USBD_static_free
                0x08008c7c        0x2 Src\usbd_conf.o
                0x08008c7c                USBD_static_free
 .text.HAL_PCDEx_SetConnectionState
                0x08008c7e        0x2 Src\usbd_conf.o
                0x08008c7e                HAL_PCDEx_SetConnectionState
 .text.USBD_FS_DeviceDescriptor
                0x08008c80        0xc Src\usbd_desc.o
                0x08008c80                USBD_FS_DeviceDescriptor
 .text.USBD_FS_LangIDStrDescriptor
                0x08008c8c        0xc Src\usbd_desc.o
                0x08008c8c                USBD_FS_LangIDStrDescriptor
 .text.IntToUnicode
                0x08008c98       0x36 Src\usbd_desc.o
 *fill*         0x08008cce        0x2 
 .text.Get_SerialNum
                0x08008cd0       0x34 Src\usbd_desc.o
 .text.USBD_FS_SerialStrDescriptor
                0x08008d04       0x14 Src\usbd_desc.o
                0x08008d04                USBD_FS_SerialStrDescriptor
 .text.USBD_FS_ProductStrDescriptor
                0x08008d18       0x24 Src\usbd_desc.o
                0x08008d18                USBD_FS_ProductStrDescriptor
 .text.USBD_FS_ManufacturerStrDescriptor
                0x08008d3c       0x1c Src\usbd_desc.o
                0x08008d3c                USBD_FS_ManufacturerStrDescriptor
 .text.USBD_FS_ConfigStrDescriptor
                0x08008d58       0x24 Src\usbd_desc.o
                0x08008d58                USBD_FS_ConfigStrDescriptor
 .text.USBD_FS_InterfaceStrDescriptor
                0x08008d7c       0x24 Src\usbd_desc.o
                0x08008d7c                USBD_FS_InterfaceStrDescriptor
 .text.SPI_Transmit
                0x08008da0       0x5c Src\w25qxx.o
                0x08008da0                SPI_Transmit
 .text.SPI_Receive
                0x08008dfc       0x30 Src\w25qxx.o
                0x08008dfc                SPI_Receive
 .text.SPI_Send
                0x08008e2c       0x1c Src\w25qxx.o
                0x08008e2c                SPI_Send
 .text.SPI_Get  0x08008e48       0x20 Src\w25qxx.o
                0x08008e48                SPI_Get
 .text.waitForW25Qxx
                0x08008e68       0x30 Src\w25qxx.o
                0x08008e68                waitForW25Qxx
 .text.MemReadFast
                0x08008e98       0x4c Src\w25qxx.o
                0x08008e98                MemReadFast
 .text.MemRead  0x08008ee4       0x5c Src\w25qxx.o
                0x08008ee4                MemRead
 .text.MemBlockErase64Kb
                0x08008f40       0x74 Src\w25qxx.o
                0x08008f40                MemBlockErase64Kb
 .text.memWriteW25Qxx
                0x08008fb4       0x88 Src\w25qxx.o
                0x08008fb4                memWriteW25Qxx
 .text.SN76489_SendByte
                0x0800903c       0x90 Src\ym2612.o
                0x0800903c                SN76489_SendByte
 .text.SN76489_SendByteFast
                0x080090cc       0x98 Src\ym2612.o
                0x080090cc                SN76489_SendByteFast
 .text.PSG_Silence
                0x08009164       0xf0 Src\ym2612.o
                0x08009164                PSG_Silence
 .text.YM2612_SendFast
                0x08009254       0xbc Src\ym2612.o
                0x08009254                YM2612_SendFast
 .text.WaveSampleIf
                0x08009310      0x290 Src\ym2612.o
                0x08009310                WaveSampleIf
 .text.Reset_Handler
                0x080095a0       0x48 startup\startup_stm32f103xg.o
                0x080095a0                Reset_Handler
 .text.Default_Handler
                0x080095e8        0x2 startup\startup_stm32f103xg.o
                0x080095e8                RTC_Alarm_IRQHandler
                0x080095e8                EXTI2_IRQHandler
                0x080095e8                TIM8_CC_IRQHandler
                0x080095e8                TIM1_CC_IRQHandler
                0x080095e8                PVD_IRQHandler
                0x080095e8                SDIO_IRQHandler
                0x080095e8                EXTI3_IRQHandler
                0x080095e8                TIM8_TRG_COM_TIM14_IRQHandler
                0x080095e8                TIM1_UP_TIM10_IRQHandler
                0x080095e8                TIM8_UP_TIM13_IRQHandler
                0x080095e8                EXTI0_IRQHandler
                0x080095e8                I2C2_EV_IRQHandler
                0x080095e8                ADC1_2_IRQHandler
                0x080095e8                SPI1_IRQHandler
                0x080095e8                TAMPER_IRQHandler
                0x080095e8                TIM1_BRK_TIM9_IRQHandler
                0x080095e8                DMA2_Channel2_IRQHandler
                0x080095e8                DMA1_Channel4_IRQHandler
                0x080095e8                USART3_IRQHandler
                0x080095e8                RTC_IRQHandler
                0x080095e8                DMA1_Channel7_IRQHandler
                0x080095e8                CAN1_RX1_IRQHandler
                0x080095e8                UART5_IRQHandler
                0x080095e8                ADC3_IRQHandler
                0x080095e8                TIM4_IRQHandler
                0x080095e8                DMA2_Channel1_IRQHandler
                0x080095e8                I2C1_EV_IRQHandler
                0x080095e8                DMA1_Channel6_IRQHandler
                0x080095e8                UART4_IRQHandler
                0x080095e8                TIM3_IRQHandler
                0x080095e8                RCC_IRQHandler
                0x080095e8                TIM8_BRK_TIM12_IRQHandler
                0x080095e8                DMA1_Channel1_IRQHandler
                0x080095e8                Default_Handler
                0x080095e8                EXTI15_10_IRQHandler
                0x080095e8                TIM7_IRQHandler
                0x080095e8                TIM5_IRQHandler
                0x080095e8                EXTI9_5_IRQHandler
                0x080095e8                SPI2_IRQHandler
                0x080095e8                DMA1_Channel5_IRQHandler
                0x080095e8                EXTI4_IRQHandler
                0x080095e8                USB_HP_CAN1_TX_IRQHandler
                0x080095e8                DMA1_Channel3_IRQHandler
                0x080095e8                FSMC_IRQHandler
                0x080095e8                WWDG_IRQHandler
                0x080095e8                TIM2_IRQHandler
                0x080095e8                TIM1_TRG_COM_TIM11_IRQHandler
                0x080095e8                EXTI1_IRQHandler
                0x080095e8                DMA2_Channel4_5_IRQHandler
                0x080095e8                USART2_IRQHandler
                0x080095e8                I2C2_ER_IRQHandler
                0x080095e8                DMA1_Channel2_IRQHandler
                0x080095e8                CAN1_SCE_IRQHandler
                0x080095e8                FLASH_IRQHandler
                0x080095e8                USART1_IRQHandler
                0x080095e8                SPI3_IRQHandler
                0x080095e8                I2C1_ER_IRQHandler
                0x080095e8                USBWakeUp_IRQHandler
                0x080095e8                DMA2_Channel3_IRQHandler
 *fill*         0x080095ea        0x2 
 .text.__errno  0x080095ec        0xc c:/program files (x86)/atollic/truestudio for stm32 9.3.0/armtools/bin/../lib/gcc/arm-atollic-eabi/6.3.1/../../../../arm-atollic-eabi/lib/armv7-m\libc_nano.a(lib_a-errno.o)
                0x080095ec                __errno
 .text.__libc_init_array
                0x080095f8       0x48 c:/program files (x86)/atollic/truestudio for stm32 9.3.0/armtools/bin/../lib/gcc/arm-atollic-eabi/6.3.1/../../../../arm-atollic-eabi/lib/armv7-m\libc_nano.a(lib_a-init.o)
                0x080095f8                __libc_init_array
 .text.memcpy   0x08009640       0x16 c:/program files (x86)/atollic/truestudio for stm32 9.3.0/armtools/bin/../lib/gcc/arm-atollic-eabi/6.3.1/../../../../arm-atollic-eabi/lib/armv7-m\libc_nano.a(lib_a-memcpy-stub.o)
                0x08009640                memcpy
 .text.memset   0x08009656       0x10 c:/program files (x86)/atollic/truestudio for stm32 9.3.0/armtools/bin/../lib/gcc/arm-atollic-eabi/6.3.1/../../../../arm-atollic-eabi/lib/armv7-m\libc_nano.a(lib_a-memset.o)
                0x08009656                memset
 *fill*         0x08009666        0x2 
 .text.sprintf  0x08009668       0x48 c:/program files (x86)/atollic/truestudio for stm32 9.3.0/armtools/bin/../lib/gcc/arm-atollic-eabi/6.3.1/../../../../arm-atollic-eabi/lib/armv7-m\libc_nano.a(lib_a-sprintf.o)
                0x08009668                siprintf
                0x08009668                sprintf
 .text.__ssputs_r
                0x080096b0       0xb6 c:/program files (x86)/atollic/truestudio for stm32 9.3.0/armtools/bin/../lib/gcc/arm-atollic-eabi/6.3.1/../../../../arm-atollic-eabi/lib/armv7-m\libc_nano.a(lib_a-nano-svfprintf.o)
                0x080096b0                __ssputs_r
 *fill*         0x08009766        0x2 
 .text._svfprintf_r
                0x08009768      0x1e8 c:/program files (x86)/atollic/truestudio for stm32 9.3.0/armtools/bin/../lib/gcc/arm-atollic-eabi/6.3.1/../../../../arm-atollic-eabi/lib/armv7-m\libc_nano.a(lib_a-nano-svfprintf.o)
                0x08009768                _svfiprintf_r
                0x08009768                _svfprintf_r
 .text._printf_common
                0x08009950       0xee c:/program files (x86)/atollic/truestudio for stm32 9.3.0/armtools/bin/../lib/gcc/arm-atollic-eabi/6.3.1/../../../../arm-atollic-eabi/lib/armv7-m\libc_nano.a(lib_a-nano-vfprintf_i.o)
                0x08009950                _printf_common
 *fill*         0x08009a3e        0x2 
 .text._printf_i
                0x08009a40      0x240 c:/program files (x86)/atollic/truestudio for stm32 9.3.0/armtools/bin/../lib/gcc/arm-atollic-eabi/6.3.1/../../../../arm-atollic-eabi/lib/armv7-m\libc_nano.a(lib_a-nano-vfprintf_i.o)
                0x08009a40                _printf_i
 .text.memchr   0x08009c80       0x1c c:/program files (x86)/atollic/truestudio for stm32 9.3.0/armtools/bin/../lib/gcc/arm-atollic-eabi/6.3.1/../../../../arm-atollic-eabi/lib/armv7-m\libc_nano.a(lib_a-memchr-stub.o)
                0x08009c80                memchr
 .text.memmove  0x08009c9c       0x34 c:/program files (x86)/atollic/truestudio for stm32 9.3.0/armtools/bin/../lib/gcc/arm-atollic-eabi/6.3.1/../../../../arm-atollic-eabi/lib/armv7-m\libc_nano.a(lib_a-memmove.o)
                0x08009c9c                memmove
 .text._free_r  0x08009cd0       0x98 c:/program files (x86)/atollic/truestudio for stm32 9.3.0/armtools/bin/../lib/gcc/arm-atollic-eabi/6.3.1/../../../../arm-atollic-eabi/lib/armv7-m\libc_nano.a(lib_a-nano-freer.o)
                0x08009cd0                _free_r
 .text._malloc_r
                0x08009d68       0xbc c:/program files (x86)/atollic/truestudio for stm32 9.3.0/armtools/bin/../lib/gcc/arm-atollic-eabi/6.3.1/../../../../arm-atollic-eabi/lib/armv7-m\libc_nano.a(lib_a-nano-mallocr.o)
                0x08009d68                _malloc_r
 .text._realloc_r
                0x08009e24       0x4c c:/program files (x86)/atollic/truestudio for stm32 9.3.0/armtools/bin/../lib/gcc/arm-atollic-eabi/6.3.1/../../../../arm-atollic-eabi/lib/armv7-m\libc_nano.a(lib_a-nano-reallocr.o)
                0x08009e24                _realloc_r
 .text._sbrk_r  0x08009e70       0x20 c:/program files (x86)/atollic/truestudio for stm32 9.3.0/armtools/bin/../lib/gcc/arm-atollic-eabi/6.3.1/../../../../arm-atollic-eabi/lib/armv7-m\libc_nano.a(lib_a-sbrkr.o)
                0x08009e70                _sbrk_r
 .text.__malloc_lock
                0x08009e90        0x2 c:/program files (x86)/atollic/truestudio for stm32 9.3.0/armtools/bin/../lib/gcc/arm-atollic-eabi/6.3.1/../../../../arm-atollic-eabi/lib/armv7-m\libc_nano.a(lib_a-mlock.o)
                0x08009e90                __malloc_lock
 .text.__malloc_unlock
                0x08009e92        0x2 c:/program files (x86)/atollic/truestudio for stm32 9.3.0/armtools/bin/../lib/gcc/arm-atollic-eabi/6.3.1/../../../../arm-atollic-eabi/lib/armv7-m\libc_nano.a(lib_a-mlock.o)
                0x08009e92                __malloc_unlock
 .text._malloc_usable_size_r
                0x08009e94       0x12 c:/program files (x86)/atollic/truestudio for stm32 9.3.0/armtools/bin/../lib/gcc/arm-atollic-eabi/6.3.1/../../../../arm-atollic-eabi/lib/armv7-m\libc_nano.a(lib_a-nano-msizer.o)
                0x08009e94                _malloc_usable_size_r
 *(.glue_7)
 .glue_7        0x08009ea6        0x0 linker stubs
 *(.glue_7t)
 .glue_7t       0x08009ea6        0x0 linker stubs
 *(.eh_frame)
 *fill*         0x08009ea6        0x2 
 .eh_frame      0x08009ea8        0x0 c:/program files (x86)/atollic/truestudio for stm32 9.3.0/armtools/bin/../lib/gcc/arm-atollic-eabi/6.3.1/armv7-m/crtbegin.o
 *(.init)
 .init          0x08009ea8        0x4 c:/program files (x86)/atollic/truestudio for stm32 9.3.0/armtools/bin/../lib/gcc/arm-atollic-eabi/6.3.1/armv7-m/crti.o
                0x08009ea8                _init
 .init          0x08009eac        0x8 c:/program files (x86)/atollic/truestudio for stm32 9.3.0/armtools/bin/../lib/gcc/arm-atollic-eabi/6.3.1/armv7-m/crtn.o
 *(.fini)
 .fini          0x08009eb4        0x4 c:/program files (x86)/atollic/truestudio for stm32 9.3.0/armtools/bin/../lib/gcc/arm-atollic-eabi/6.3.1/armv7-m/crti.o
                0x08009eb4                _fini
 .fini          0x08009eb8        0x8 c:/program files (x86)/atollic/truestudio for stm32 9.3.0/armtools/bin/../lib/gcc/arm-atollic-eabi/6.3.1/armv7-m/crtn.o
                0x08009ec0                . = ALIGN (0x4)
                0x08009ec0                _etext = .

.vfp11_veneer   0x08009ec0        0x0
 .vfp11_veneer  0x08009ec0        0x0 linker stubs

.v4_bx          0x08009ec0        0x0
 .v4_bx         0x08009ec0        0x0 linker stubs

.iplt           0x08009ec0        0x0
 .iplt          0x08009ec0        0x0 c:/program files (x86)/atollic/truestudio for stm32 9.3.0/armtools/bin/../lib/gcc/arm-atollic-eabi/6.3.1/armv7-m/crtbegin.o

.rodata         0x08009ec0      0xe58
                0x08009ec0                . = ALIGN (0x4)
 *(.rodata)
 .rodata        0x08009ec0       0x12 Drivers\STM32F1xx_HAL_Driver\Src\stm32f1xx_hal_rcc.o
 *(.rodata*)
 *fill*         0x08009ed2        0x2 
 .rodata.SD_Driver
                0x08009ed4       0x14 Middlewares\Third_Party\FatFs\src\drivers\sd_diskio.o
                0x08009ed4                SD_Driver
 .rodata.ExCvt  0x08009ee8       0x80 Middlewares\Third_Party\FatFs\src\ff.o
 .rodata.LfnOfs
                0x08009f68        0xd Middlewares\Third_Party\FatFs\src\ff.o
 *fill*         0x08009f75        0x3 
 .rodata.create_name.str1.4
                0x08009f78       0x13 Middlewares\Third_Party\FatFs\src\ff.o
 *fill*         0x08009f8b        0x1 
 .rodata.Tbl    0x08009f8c      0x100 Middlewares\Third_Party\FatFs\src\option\ccsbcs.o
 .rodata.tbl_lower.7300
                0x0800a08c      0x1e0 Middlewares\Third_Party\FatFs\src\option\ccsbcs.o
 .rodata.tbl_upper.7301
                0x0800a26c      0x1e0 Middlewares\Third_Party\FatFs\src\option\ccsbcs.o
 .rodata.Font7x10
                0x0800a44c      0x76c Src\fonts.o
                0x0800a44c                Font7x10
 .rodata.main.str1.4
                0x0800abb8       0xcc Src\main.o
 .rodata.AHBPrescTable
                0x0800ac84       0x10 Src\system_stm32f1xx.o
                0x0800ac84                AHBPrescTable
 .rodata.APBPrescTable
                0x0800ac94        0x8 Src\system_stm32f1xx.o
                0x0800ac94                APBPrescTable
 .rodata.USBD_FS_ConfigStrDescriptor.str1.4
                0x0800ac9c        0xb Src\usbd_desc.o
 *fill*         0x0800aca7        0x1 
 .rodata.USBD_FS_InterfaceStrDescriptor.str1.4
                0x0800aca8        0xe Src\usbd_desc.o
 *fill*         0x0800acb6        0x2 
 .rodata.USBD_FS_ManufacturerStrDescriptor.str1.4
                0x0800acb8       0x13 Src\usbd_desc.o
 *fill*         0x0800accb        0x1 
 .rodata.USBD_FS_ProductStrDescriptor.str1.4
                0x0800accc       0x18 Src\usbd_desc.o
                                 0x16 (size before relaxing)
 .rodata._svfprintf_r.str1.1
                0x0800ace4       0x11 c:/program files (x86)/atollic/truestudio for stm32 9.3.0/armtools/bin/../lib/gcc/arm-atollic-eabi/6.3.1/../../../../arm-atollic-eabi/lib/armv7-m\libc_nano.a(lib_a-nano-svfprintf.o)
 .rodata._printf_i.str1.1
                0x0800acf5       0x22 c:/program files (x86)/atollic/truestudio for stm32 9.3.0/armtools/bin/../lib/gcc/arm-atollic-eabi/6.3.1/../../../../arm-atollic-eabi/lib/armv7-m\libc_nano.a(lib_a-nano-vfprintf_i.o)
                0x0800ad18                . = ALIGN (0x4)
 *fill*         0x0800ad17        0x1 

.rel.dyn        0x0800ad18        0x0
 .rel.iplt      0x0800ad18        0x0 c:/program files (x86)/atollic/truestudio for stm32 9.3.0/armtools/bin/../lib/gcc/arm-atollic-eabi/6.3.1/armv7-m/crtbegin.o

.ARM.extab
 *(.ARM.extab* .gnu.linkonce.armextab.*)

.ARM            0x0800ad18        0x0
                0x0800ad18                __exidx_start = .
 *(.ARM.exidx*)
                0x0800ad18                __exidx_end = .

.preinit_array  0x0800ad18        0x0
                0x0800ad18                PROVIDE (__preinit_array_start, .)
 *(.preinit_array*)
                0x0800ad18                PROVIDE (__preinit_array_end, .)

.init_array     0x0800ad18        0x4
                0x0800ad18                PROVIDE (__init_array_start, .)
 *(SORT(.init_array.*))
 *(.init_array*)
 .init_array    0x0800ad18        0x4 c:/program files (x86)/atollic/truestudio for stm32 9.3.0/armtools/bin/../lib/gcc/arm-atollic-eabi/6.3.1/armv7-m/crtbegin.o
                0x0800ad1c                PROVIDE (__init_array_end, .)

.fini_array     0x0800ad1c        0x4
                [!provide]                PROVIDE (__fini_array_start, .)
 *(SORT(.fini_array.*))
 *(.fini_array*)
 .fini_array    0x0800ad1c        0x4 c:/program files (x86)/atollic/truestudio for stm32 9.3.0/armtools/bin/../lib/gcc/arm-atollic-eabi/6.3.1/armv7-m/crtbegin.o
                [!provide]                PROVIDE (__fini_array_end, .)
                0x0800ad20                _sidata = LOADADDR (.data)

.data           0x20000000      0x1ec load address 0x0800ad20
                0x20000000                . = ALIGN (0x4)
                0x20000000                _sdata = .
 *(.data)
 *(.data*)
 .data.uwTickFreq
                0x20000000        0x1 Drivers\STM32F1xx_HAL_Driver\Src\stm32f1xx_hal.o
                0x20000000                uwTickFreq
 *fill*         0x20000001        0x3 
 .data.uwTickPrio
                0x20000004        0x4 Drivers\STM32F1xx_HAL_Driver\Src\stm32f1xx_hal.o
                0x20000004                uwTickPrio
 .data.USBD_CDC
                0x20000008       0x38 Middlewares\ST\STM32_USB_Device_Library\Class\CDC\Src\usbd_cdc.o
                0x20000008                USBD_CDC
 .data.USBD_CDC_CfgFSDesc
                0x20000040       0x43 Middlewares\ST\STM32_USB_Device_Library\Class\CDC\Src\usbd_cdc.o
                0x20000040                USBD_CDC_CfgFSDesc
 *fill*         0x20000083        0x1 
 .data.USBD_CDC_CfgHSDesc
                0x20000084       0x43 Middlewares\ST\STM32_USB_Device_Library\Class\CDC\Src\usbd_cdc.o
                0x20000084                USBD_CDC_CfgHSDesc
 *fill*         0x200000c7        0x1 
 .data.USBD_CDC_DeviceQualifierDesc
                0x200000c8        0xa Middlewares\ST\STM32_USB_Device_Library\Class\CDC\Src\usbd_cdc.o
 *fill*         0x200000d2        0x2 
 .data.USBD_CDC_OtherSpeedCfgDesc
                0x200000d4       0x43 Middlewares\ST\STM32_USB_Device_Library\Class\CDC\Src\usbd_cdc.o
                0x200000d4                USBD_CDC_OtherSpeedCfgDesc
 .data.Stat     0x20000117        0x1 Middlewares\Third_Party\FatFs\src\drivers\sd_diskio.o
 .data.Font_7x10
                0x20000118        0x8 Src\fonts.o
                0x20000118                Font_7x10
 .data.SampleNext
                0x20000120        0x1 Src\main.o
                0x20000120                SampleNext
 .data.bUffEr   0x20000121        0x1 Src\main.o
                0x20000121                bUffEr
 *fill*         0x20000122        0x2 
 .data.SystemCoreClock
                0x20000124        0x4 Src\system_stm32f1xx.o
                0x20000124                SystemCoreClock
 .data.USBD_Interface_fops_FS
                0x20000128       0x10 Src\usbd_cdc_if.o
                0x20000128                USBD_Interface_fops_FS
 .data.FS_Desc  0x20000138       0x1c Src\usbd_desc.o
                0x20000138                FS_Desc
 .data.USBD_FS_DeviceDesc
                0x20000154       0x12 Src\usbd_desc.o
                0x20000154                USBD_FS_DeviceDesc
 *fill*         0x20000166        0x2 
 .data.USBD_LangIDDesc
                0x20000168        0x4 Src\usbd_desc.o
                0x20000168                USBD_LangIDDesc
 .data.USBD_StringSerial
                0x2000016c       0x1a Src\usbd_desc.o
                0x2000016c                USBD_StringSerial
 *fill*         0x20000186        0x2 
 .data._impure_ptr
                0x20000188        0x4 c:/program files (x86)/atollic/truestudio for stm32 9.3.0/armtools/bin/../lib/gcc/arm-atollic-eabi/6.3.1/../../../../arm-atollic-eabi/lib/armv7-m\libc_nano.a(lib_a-impure.o)
                0x20000188                _impure_ptr
 .data.impure_data
                0x2000018c       0x60 c:/program files (x86)/atollic/truestudio for stm32 9.3.0/armtools/bin/../lib/gcc/arm-atollic-eabi/6.3.1/../../../../arm-atollic-eabi/lib/armv7-m\libc_nano.a(lib_a-impure.o)
                0x200001ec                . = ALIGN (0x4)
                0x200001ec                _edata = .

.igot.plt       0x200001ec        0x0 load address 0x0800af0c
 .igot.plt      0x200001ec        0x0 c:/program files (x86)/atollic/truestudio for stm32 9.3.0/armtools/bin/../lib/gcc/arm-atollic-eabi/6.3.1/armv7-m/crtbegin.o
                0x200001ec                . = ALIGN (0x4)

.bss            0x200001ec     0xf42c load address 0x0800af0c
                0x200001ec                _sbss = .
                0x200001ec                __bss_start__ = _sbss
 *(.bss)
 .bss           0x200001ec       0x1c c:/program files (x86)/atollic/truestudio for stm32 9.3.0/armtools/bin/../lib/gcc/arm-atollic-eabi/6.3.1/armv7-m/crtbegin.o
 *(.bss*)
 .bss.cfgidx.8953
                0x20000208        0x1 Middlewares\ST\STM32_USB_Device_Library\Core\Src\usbd_ctlreq.o
 *fill*         0x20000209        0x3 
 .bss.FatFs     0x2000020c        0x4 Middlewares\Third_Party\FatFs\src\ff.o
 .bss.Files     0x20000210       0x18 Middlewares\Third_Party\FatFs\src\ff.o
 .bss.Fsid      0x20000228        0x2 Middlewares\Third_Party\FatFs\src\ff.o
 *fill*         0x2000022a        0x2 
 .bss.LfnBuf    0x2000022c      0x200 Middlewares\Third_Party\FatFs\src\ff.o
 .bss.disk      0x2000042c        0xc Middlewares\Third_Party\FatFs\src\ff_gen_drv.o
                0x2000042c                disk
 .bss.PackCount
                0x20000438        0x2 Src\main.o
                0x20000438                PackCount
 *fill*         0x2000043a        0x2 
 .bss.lfn.9493  0x2000043c      0x100 Src\main.o
 .bss.path      0x2000053c       0x10 Src\main.o
                0x2000053c                path
 .bss.waitSamples
                0x2000054c        0x4 Src\main.o
                0x2000054c                waitSamples
 .bss.SSD1306   0x20000550        0x6 Src\ssd1306.o
 *fill*         0x20000556        0x2 
 .bss.SSD1306_Buffer
                0x20000558      0x200 Src\ssd1306.o
 .bss.heap_end.5887
                0x20000758        0x4 Src\syscalls.o
 .bss.mem.9018  0x2000075c      0x220 Src\usbd_conf.o
 .bss.__malloc_free_list
                0x2000097c        0x4 c:/program files (x86)/atollic/truestudio for stm32 9.3.0/armtools/bin/../lib/gcc/arm-atollic-eabi/6.3.1/../../../../arm-atollic-eabi/lib/armv7-m\libc_nano.a(lib_a-nano-mallocr.o)
                0x2000097c                __malloc_free_list
 .bss.__malloc_sbrk_start
                0x20000980        0x4 c:/program files (x86)/atollic/truestudio for stm32 9.3.0/armtools/bin/../lib/gcc/arm-atollic-eabi/6.3.1/../../../../arm-atollic-eabi/lib/armv7-m\libc_nano.a(lib_a-nano-mallocr.o)
                0x20000980                __malloc_sbrk_start
 *(COMMON)
 COMMON         0x20000984        0x4 Drivers\STM32F1xx_HAL_Driver\Src\stm32f1xx_hal.o
                0x20000984                uwTick
 COMMON         0x20000988     0x2064 Src\fatfs.o
                0x20000988                retSD
                0x2000098c                SDPath
                0x20000990                SDFile
                0x200019bc                SDFatFS
 COMMON         0x200029ec     0xbcf8 Src\main.o
                0x200029ec                BufferSize
                0x200029f0                dirs
                0x20003a18                FatFs
                0x20004a48                hi2c2
                0x20004a9c                PCMMEMADDR
                0x20004aa0                finfo
                0x20004ac0                br
                0x20004ac4                PCMBuff
                0x2000cac4                PCMJumpIndex
                0x2000cac6                PCMBuffIndex
                0x2000cac8                buffer
                0x2000ccc8                PCMDataCount
                0x2000cccc                pcmPosStart
                0x2000ccd0                BuffRX_b
                0x2000cd10                spi_rx
                0x2000cd14                htim6
                0x2000cd54                bw
                0x2000cd58                VGMVersion
                0x2000cd5c                hsd
                0x2000cde0                JumpTableE0
                0x2000d5e0                MyFile
                0x2000e60c                spi_tx
                0x2000e614                DataSize
                0x2000e618                MEMADDR
                0x2000e61c                BuffRX_a
                0x2000e65c                BufferI
                0x2000e660                hspi1
                0x2000e6b8                res
                0x2000e6bc                bytes_written
                0x2000e6c0                PCMLoad
                0x2000e6c4                VGMStream
                0x2000e6e0                MemCim
 COMMON         0x2000e6e4      0x2c4 Src\usb_device.o
                0x2000e6e4                hUsbDeviceFS
 COMMON         0x2000e9a8      0x800 Src\usbd_cdc_if.o
                0x2000e9a8                UserRxBufferFS
                0x2000eda8                UserTxBufferFS
 COMMON         0x2000f1a8      0x26c Src\usbd_conf.o
                0x2000f1a8                hpcd_USB_FS
 COMMON         0x2000f414      0x200 Src\usbd_desc.o
                0x2000f414                USBD_StrDesc
 COMMON         0x2000f614        0x4 c:/program files (x86)/atollic/truestudio for stm32 9.3.0/armtools/bin/../lib/gcc/arm-atollic-eabi/6.3.1/../../../../arm-atollic-eabi/lib/armv7-m\libc_nano.a(lib_a-reent.o)
                0x2000f614                errno
                0x2000f618                . = ALIGN (0x4)
                0x2000f618                _ebss = .
                0x2000f618                __bss_end__ = _ebss

._user_heap_stack
                0x2000f618      0x600 load address 0x0800af0c
                0x2000f618                . = ALIGN (0x4)
                0x2000f618                PROVIDE (end, .)
                [!provide]                PROVIDE (_end, .)
                0x2000f818                . = (. + _Min_Heap_Size)
 *fill*         0x2000f618      0x200 
                0x2000fc18                . = (. + _Min_Stack_Size)
 *fill*         0x2000f818      0x400 
                0x2000fc18                . = ALIGN (0x4)

/DISCARD/
 libc.a(*)
 libm.a(*)
 libgcc.a(*)

.ARM.attributes
                0x00000000       0x29
 *(.ARM.attributes)
 .ARM.attributes
                0x00000000       0x1d c:/program files (x86)/atollic/truestudio for stm32 9.3.0/armtools/bin/../lib/gcc/arm-atollic-eabi/6.3.1/armv7-m/crti.o
 .ARM.attributes
                0x0000001d       0x2d c:/program files (x86)/atollic/truestudio for stm32 9.3.0/armtools/bin/../lib/gcc/arm-atollic-eabi/6.3.1/armv7-m/crtbegin.o
 .ARM.attributes
                0x0000004a       0x33 Drivers\STM32F1xx_HAL_Driver\Src\stm32f1xx_hal.o
 .ARM.attributes
                0x0000007d       0x33 Drivers\STM32F1xx_HAL_Driver\Src\stm32f1xx_hal_cortex.o
 .ARM.attributes
                0x000000b0       0x33 Drivers\STM32F1xx_HAL_Driver\Src\stm32f1xx_hal_gpio.o
 .ARM.attributes
                0x000000e3       0x33 Drivers\STM32F1xx_HAL_Driver\Src\stm32f1xx_hal_i2c.o
 .ARM.attributes
                0x00000116       0x33 Drivers\STM32F1xx_HAL_Driver\Src\stm32f1xx_hal_pcd.o
 .ARM.attributes
                0x00000149       0x33 Drivers\STM32F1xx_HAL_Driver\Src\stm32f1xx_hal_pcd_ex.o
 .ARM.attributes
                0x0000017c       0x33 Drivers\STM32F1xx_HAL_Driver\Src\stm32f1xx_hal_rcc.o
 .ARM.attributes
                0x000001af       0x33 Drivers\STM32F1xx_HAL_Driver\Src\stm32f1xx_hal_rcc_ex.o
 .ARM.attributes
                0x000001e2       0x33 Drivers\STM32F1xx_HAL_Driver\Src\stm32f1xx_hal_sd.o
 .ARM.attributes
                0x00000215       0x33 Drivers\STM32F1xx_HAL_Driver\Src\stm32f1xx_hal_spi.o
 .ARM.attributes
                0x00000248       0x33 Drivers\STM32F1xx_HAL_Driver\Src\stm32f1xx_hal_tim.o
 .ARM.attributes
                0x0000027b       0x33 Drivers\STM32F1xx_HAL_Driver\Src\stm32f1xx_hal_tim_ex.o
 .ARM.attributes
                0x000002ae       0x33 Drivers\STM32F1xx_HAL_Driver\Src\stm32f1xx_ll_sdmmc.o
 .ARM.attributes
                0x000002e1       0x33 Drivers\STM32F1xx_HAL_Driver\Src\stm32f1xx_ll_usb.o
 .ARM.attributes
                0x00000314       0x33 Middlewares\ST\STM32_USB_Device_Library\Class\CDC\Src\usbd_cdc.o
 .ARM.attributes
                0x00000347       0x33 Middlewares\ST\STM32_USB_Device_Library\Core\Src\usbd_core.o
 .ARM.attributes
                0x0000037a       0x33 Middlewares\ST\STM32_USB_Device_Library\Core\Src\usbd_ctlreq.o
 .ARM.attributes
                0x000003ad       0x33 Middlewares\ST\STM32_USB_Device_Library\Core\Src\usbd_ioreq.o
 .ARM.attributes
                0x000003e0       0x33 Middlewares\Third_Party\FatFs\src\diskio.o
 .ARM.attributes
                0x00000413       0x33 Middlewares\Third_Party\FatFs\src\drivers\sd_diskio.o
 .ARM.attributes
                0x00000446       0x33 Middlewares\Third_Party\FatFs\src\ff.o
 .ARM.attributes
                0x00000479       0x33 Middlewares\Third_Party\FatFs\src\ff_gen_drv.o
 .ARM.attributes
                0x000004ac       0x33 Middlewares\Third_Party\FatFs\src\option\ccsbcs.o
 .ARM.attributes
                0x000004df       0x33 Src\bsp_driver_sd.o
 .ARM.attributes
                0x00000512       0x33 Src\dwt_stm32_delay.o
 .ARM.attributes
                0x00000545       0x33 Src\fatfs.o
 .ARM.attributes
                0x00000578       0x33 Src\fonts.o
 .ARM.attributes
                0x000005ab       0x33 Src\main.o
 .ARM.attributes
                0x000005de       0x33 Src\ssd1306.o
 .ARM.attributes
                0x00000611       0x33 Src\stm32f1xx_hal_msp.o
 .ARM.attributes
                0x00000644       0x33 Src\stm32f1xx_it.o
 .ARM.attributes
                0x00000677       0x33 Src\syscalls.o
 .ARM.attributes
                0x000006aa       0x33 Src\system_stm32f1xx.o
 .ARM.attributes
                0x000006dd       0x33 Src\usb_device.o
 .ARM.attributes
                0x00000710       0x33 Src\usbd_cdc_if.o
 .ARM.attributes
                0x00000743       0x33 Src\usbd_conf.o
 .ARM.attributes
                0x00000776       0x33 Src\usbd_desc.o
 .ARM.attributes
                0x000007a9       0x33 Src\w25qxx.o
 .ARM.attributes
                0x000007dc       0x33 Src\ym2612.o
 .ARM.attributes
                0x0000080f       0x21 startup\startup_stm32f103xg.o
 .ARM.attributes
                0x00000830       0x2d c:/program files (x86)/atollic/truestudio for stm32 9.3.0/armtools/bin/../lib/gcc/arm-atollic-eabi/6.3.1/../../../../arm-atollic-eabi/lib/armv7-m\libc_nano.a(lib_a-errno.o)
 .ARM.attributes
                0x0000085d       0x2d c:/program files (x86)/atollic/truestudio for stm32 9.3.0/armtools/bin/../lib/gcc/arm-atollic-eabi/6.3.1/../../../../arm-atollic-eabi/lib/armv7-m\libc_nano.a(lib_a-impure.o)
 .ARM.attributes
                0x0000088a       0x2d c:/program files (x86)/atollic/truestudio for stm32 9.3.0/armtools/bin/../lib/gcc/arm-atollic-eabi/6.3.1/../../../../arm-atollic-eabi/lib/armv7-m\libc_nano.a(lib_a-init.o)
 .ARM.attributes
                0x000008b7       0x2d c:/program files (x86)/atollic/truestudio for stm32 9.3.0/armtools/bin/../lib/gcc/arm-atollic-eabi/6.3.1/../../../../arm-atollic-eabi/lib/armv7-m\libc_nano.a(lib_a-memcpy-stub.o)
 .ARM.attributes
                0x000008e4       0x2d c:/program files (x86)/atollic/truestudio for stm32 9.3.0/armtools/bin/../lib/gcc/arm-atollic-eabi/6.3.1/../../../../arm-atollic-eabi/lib/armv7-m\libc_nano.a(lib_a-memset.o)
 .ARM.attributes
                0x00000911       0x2d c:/program files (x86)/atollic/truestudio for stm32 9.3.0/armtools/bin/../lib/gcc/arm-atollic-eabi/6.3.1/../../../../arm-atollic-eabi/lib/armv7-m\libc_nano.a(lib_a-sprintf.o)
 .ARM.attributes
                0x0000093e       0x17 c:/program files (x86)/atollic/truestudio for stm32 9.3.0/armtools/bin/../lib/gcc/arm-atollic-eabi/6.3.1/../../../../arm-atollic-eabi/lib/armv7-m\libc_nano.a(lib_a-strlen.o)
 .ARM.attributes
                0x00000955       0x2d c:/program files (x86)/atollic/truestudio for stm32 9.3.0/armtools/bin/../lib/gcc/arm-atollic-eabi/6.3.1/../../../../arm-atollic-eabi/lib/armv7-m\libc_nano.a(lib_a-nano-svfprintf.o)
 .ARM.attributes
                0x00000982       0x2d c:/program files (x86)/atollic/truestudio for stm32 9.3.0/armtools/bin/../lib/gcc/arm-atollic-eabi/6.3.1/../../../../arm-atollic-eabi/lib/armv7-m\libc_nano.a(lib_a-nano-vfprintf_i.o)
 .ARM.attributes
                0x000009af       0x2d c:/program files (x86)/atollic/truestudio for stm32 9.3.0/armtools/bin/../lib/gcc/arm-atollic-eabi/6.3.1/../../../../arm-atollic-eabi/lib/armv7-m\libc_nano.a(lib_a-memchr-stub.o)
 .ARM.attributes
                0x000009dc       0x2d c:/program files (x86)/atollic/truestudio for stm32 9.3.0/armtools/bin/../lib/gcc/arm-atollic-eabi/6.3.1/../../../../arm-atollic-eabi/lib/armv7-m\libc_nano.a(lib_a-memmove.o)
 .ARM.attributes
                0x00000a09       0x2d c:/program files (x86)/atollic/truestudio for stm32 9.3.0/armtools/bin/../lib/gcc/arm-atollic-eabi/6.3.1/../../../../arm-atollic-eabi/lib/armv7-m\libc_nano.a(lib_a-nano-freer.o)
 .ARM.attributes
                0x00000a36       0x2d c:/program files (x86)/atollic/truestudio for stm32 9.3.0/armtools/bin/../lib/gcc/arm-atollic-eabi/6.3.1/../../../../arm-atollic-eabi/lib/armv7-m\libc_nano.a(lib_a-nano-mallocr.o)
 .ARM.attributes
                0x00000a63       0x2d c:/program files (x86)/atollic/truestudio for stm32 9.3.0/armtools/bin/../lib/gcc/arm-atollic-eabi/6.3.1/../../../../arm-atollic-eabi/lib/armv7-m\libc_nano.a(lib_a-nano-reallocr.o)
 .ARM.attributes
                0x00000a90       0x2d c:/program files (x86)/atollic/truestudio for stm32 9.3.0/armtools/bin/../lib/gcc/arm-atollic-eabi/6.3.1/../../../../arm-atollic-eabi/lib/armv7-m\libc_nano.a(lib_a-sbrkr.o)
 .ARM.attributes
                0x00000abd       0x2d c:/program files (x86)/atollic/truestudio for stm32 9.3.0/armtools/bin/../lib/gcc/arm-atollic-eabi/6.3.1/../../../../arm-atollic-eabi/lib/armv7-m\libc_nano.a(lib_a-mlock.o)
 .ARM.attributes
                0x00000aea       0x2d c:/program files (x86)/atollic/truestudio for stm32 9.3.0/armtools/bin/../lib/gcc/arm-atollic-eabi/6.3.1/../../../../arm-atollic-eabi/lib/armv7-m\libc_nano.a(lib_a-nano-msizer.o)
 .ARM.attributes
                0x00000b17       0x2d c:/program files (x86)/atollic/truestudio for stm32 9.3.0/armtools/bin/../lib/gcc/arm-atollic-eabi/6.3.1/../../../../arm-atollic-eabi/lib/armv7-m\libc_nano.a(lib_a-reent.o)
 .ARM.attributes
                0x00000b44       0x1d c:/program files (x86)/atollic/truestudio for stm32 9.3.0/armtools/bin/../lib/gcc/arm-atollic-eabi/6.3.1/armv7-m/crtn.o
OUTPUT(32F103RF.elf elf32-littlearm)

.debug_info     0x00000000    0x3052b
 .debug_info    0x00000000      0x86d Drivers\STM32F1xx_HAL_Driver\Src\stm32f1xx_hal.o
 .debug_info    0x0000086d      0xf09 Drivers\STM32F1xx_HAL_Driver\Src\stm32f1xx_hal_cortex.o
 .debug_info    0x00001776      0x690 Drivers\STM32F1xx_HAL_Driver\Src\stm32f1xx_hal_gpio.o
 .debug_info    0x00001e06     0x3385 Drivers\STM32F1xx_HAL_Driver\Src\stm32f1xx_hal_i2c.o
 .debug_info    0x0000518b     0x12e4 Drivers\STM32F1xx_HAL_Driver\Src\stm32f1xx_hal_pcd.o
 .debug_info    0x0000646f      0x75b Drivers\STM32F1xx_HAL_Driver\Src\stm32f1xx_hal_pcd_ex.o
 .debug_info    0x00006bca      0xa41 Drivers\STM32F1xx_HAL_Driver\Src\stm32f1xx_hal_rcc.o
 .debug_info    0x0000760b      0x4c3 Drivers\STM32F1xx_HAL_Driver\Src\stm32f1xx_hal_rcc_ex.o
 .debug_info    0x00007ace     0x2300 Drivers\STM32F1xx_HAL_Driver\Src\stm32f1xx_hal_sd.o
 .debug_info    0x00009dce     0x1ad8 Drivers\STM32F1xx_HAL_Driver\Src\stm32f1xx_hal_spi.o
 .debug_info    0x0000b8a6     0x3181 Drivers\STM32F1xx_HAL_Driver\Src\stm32f1xx_hal_tim.o
 .debug_info    0x0000ea27     0x1494 Drivers\STM32F1xx_HAL_Driver\Src\stm32f1xx_hal_tim_ex.o
 .debug_info    0x0000febb     0x16a4 Drivers\STM32F1xx_HAL_Driver\Src\stm32f1xx_ll_sdmmc.o
 .debug_info    0x0001155f     0x15c1 Drivers\STM32F1xx_HAL_Driver\Src\stm32f1xx_ll_usb.o
 .debug_info    0x00012b20     0x1ae2 Middlewares\ST\STM32_USB_Device_Library\Class\CDC\Src\usbd_cdc.o
 .debug_info    0x00014602     0x152d Middlewares\ST\STM32_USB_Device_Library\Core\Src\usbd_core.o
 .debug_info    0x00015b2f     0x1872 Middlewares\ST\STM32_USB_Device_Library\Core\Src\usbd_ctlreq.o
 .debug_info    0x000173a1     0x101d Middlewares\ST\STM32_USB_Device_Library\Core\Src\usbd_ioreq.o
 .debug_info    0x000183be      0x50a Middlewares\Third_Party\FatFs\src\diskio.o
 .debug_info    0x000188c8      0xde2 Middlewares\Third_Party\FatFs\src\drivers\sd_diskio.o
 .debug_info    0x000196aa     0x3bbd Middlewares\Third_Party\FatFs\src\ff.o
 .debug_info    0x0001d267      0x48f Middlewares\Third_Party\FatFs\src\ff_gen_drv.o
 .debug_info    0x0001d6f6      0x260 Middlewares\Third_Party\FatFs\src\option\ccsbcs.o
 .debug_info    0x0001d956      0xc06 Src\bsp_driver_sd.o
 .debug_info    0x0001e55c      0x31d Src\dwt_stm32_delay.o
 .debug_info    0x0001e879      0x5b8 Src\fatfs.o
 .debug_info    0x0001ee31      0xb2c Src\fonts.o
 .debug_info    0x0001f95d     0x3b2c Src\main.o
 .debug_info    0x00023489     0x27b0 Src\ssd1306.o
 .debug_info    0x00025c39     0x15a6 Src\stm32f1xx_hal_msp.o
 .debug_info    0x000271df      0xb3d Src\stm32f1xx_it.o
 .debug_info    0x00027d1c      0xfbb Src\syscalls.o
 .debug_info    0x00028cd7      0x437 Src\system_stm32f1xx.o
 .debug_info    0x0002910e      0xf2c Src\usb_device.o
 .debug_info    0x0002a03a     0x1172 Src\usbd_cdc_if.o
 .debug_info    0x0002b1ac     0x2228 Src\usbd_conf.o
 .debug_info    0x0002d3d4      0xe44 Src\usbd_desc.o
 .debug_info    0x0002e218     0x1027 Src\w25qxx.o
 .debug_info    0x0002f23f     0x1269 Src\ym2612.o
 .debug_info    0x000304a8       0x83 startup\startup_stm32f103xg.o

.debug_abbrev   0x00000000     0x5741
 .debug_abbrev  0x00000000      0x1f9 Drivers\STM32F1xx_HAL_Driver\Src\stm32f1xx_hal.o
 .debug_abbrev  0x000001f9      0x323 Drivers\STM32F1xx_HAL_Driver\Src\stm32f1xx_hal_cortex.o
 .debug_abbrev  0x0000051c      0x1d9 Drivers\STM32F1xx_HAL_Driver\Src\stm32f1xx_hal_gpio.o
 .debug_abbrev  0x000006f5      0x27d Drivers\STM32F1xx_HAL_Driver\Src\stm32f1xx_hal_i2c.o
 .debug_abbrev  0x00000972      0x284 Drivers\STM32F1xx_HAL_Driver\Src\stm32f1xx_hal_pcd.o
 .debug_abbrev  0x00000bf6      0x192 Drivers\STM32F1xx_HAL_Driver\Src\stm32f1xx_hal_pcd_ex.o
 .debug_abbrev  0x00000d88      0x252 Drivers\STM32F1xx_HAL_Driver\Src\stm32f1xx_hal_rcc.o
 .debug_abbrev  0x00000fda      0x1c4 Drivers\STM32F1xx_HAL_Driver\Src\stm32f1xx_hal_rcc_ex.o
 .debug_abbrev  0x0000119e      0x24c Drivers\STM32F1xx_HAL_Driver\Src\stm32f1xx_hal_sd.o
 .debug_abbrev  0x000013ea      0x233 Drivers\STM32F1xx_HAL_Driver\Src\stm32f1xx_hal_spi.o
 .debug_abbrev  0x0000161d      0x230 Drivers\STM32F1xx_HAL_Driver\Src\stm32f1xx_hal_tim.o
 .debug_abbrev  0x0000184d      0x230 Drivers\STM32F1xx_HAL_Driver\Src\stm32f1xx_hal_tim_ex.o
 .debug_abbrev  0x00001a7d      0x1ed Drivers\STM32F1xx_HAL_Driver\Src\stm32f1xx_ll_sdmmc.o
 .debug_abbrev  0x00001c6a      0x237 Drivers\STM32F1xx_HAL_Driver\Src\stm32f1xx_ll_usb.o
 .debug_abbrev  0x00001ea1      0x2f5 Middlewares\ST\STM32_USB_Device_Library\Class\CDC\Src\usbd_cdc.o
 .debug_abbrev  0x00002196      0x29c Middlewares\ST\STM32_USB_Device_Library\Core\Src\usbd_core.o
 .debug_abbrev  0x00002432      0x2fd Middlewares\ST\STM32_USB_Device_Library\Core\Src\usbd_ctlreq.o
 .debug_abbrev  0x0000272f      0x1e9 Middlewares\ST\STM32_USB_Device_Library\Core\Src\usbd_ioreq.o
 .debug_abbrev  0x00002918      0x1ad Middlewares\Third_Party\FatFs\src\diskio.o
 .debug_abbrev  0x00002ac5      0x23f Middlewares\Third_Party\FatFs\src\drivers\sd_diskio.o
 .debug_abbrev  0x00002d04      0x29c Middlewares\Third_Party\FatFs\src\ff.o
 .debug_abbrev  0x00002fa0      0x1a1 Middlewares\Third_Party\FatFs\src\ff_gen_drv.o
 .debug_abbrev  0x00003141      0x112 Middlewares\Third_Party\FatFs\src\option\ccsbcs.o
 .debug_abbrev  0x00003253      0x259 Src\bsp_driver_sd.o
 .debug_abbrev  0x000034ac       0xd4 Src\dwt_stm32_delay.o
 .debug_abbrev  0x00003580      0x1a2 Src\fatfs.o
 .debug_abbrev  0x00003722      0x201 Src\fonts.o
 .debug_abbrev  0x00003923      0x396 Src\main.o
 .debug_abbrev  0x00003cb9      0x372 Src\ssd1306.o
 .debug_abbrev  0x0000402b      0x223 Src\stm32f1xx_hal_msp.o
 .debug_abbrev  0x0000424e      0x19c Src\stm32f1xx_it.o
 .debug_abbrev  0x000043ea      0x29b Src\syscalls.o
 .debug_abbrev  0x00004685      0x12f Src\system_stm32f1xx.o
 .debug_abbrev  0x000047b4      0x1f0 Src\usb_device.o
 .debug_abbrev  0x000049a4      0x2b5 Src\usbd_cdc_if.o
 .debug_abbrev  0x00004c59      0x308 Src\usbd_conf.o
 .debug_abbrev  0x00004f61      0x2a7 Src\usbd_desc.o
 .debug_abbrev  0x00005208      0x241 Src\w25qxx.o
 .debug_abbrev  0x00005449      0x2e6 Src\ym2612.o
 .debug_abbrev  0x0000572f       0x12 startup\startup_stm32f103xg.o

.debug_loc      0x00000000    0x1a38a
 .debug_loc     0x00000000      0x104 Drivers\STM32F1xx_HAL_Driver\Src\stm32f1xx_hal.o
 .debug_loc     0x00000104      0x616 Drivers\STM32F1xx_HAL_Driver\Src\stm32f1xx_hal_cortex.o
 .debug_loc     0x0000071a      0x35a Drivers\STM32F1xx_HAL_Driver\Src\stm32f1xx_hal_gpio.o
 .debug_loc     0x00000a74     0x370a Drivers\STM32F1xx_HAL_Driver\Src\stm32f1xx_hal_i2c.o
 .debug_loc     0x0000417e      0xa7c Drivers\STM32F1xx_HAL_Driver\Src\stm32f1xx_hal_pcd.o
 .debug_loc     0x00004bfa       0xdc Drivers\STM32F1xx_HAL_Driver\Src\stm32f1xx_hal_pcd_ex.o
 .debug_loc     0x00004cd6      0x47d Drivers\STM32F1xx_HAL_Driver\Src\stm32f1xx_hal_rcc.o
 .debug_loc     0x00005153      0x316 Drivers\STM32F1xx_HAL_Driver\Src\stm32f1xx_hal_rcc_ex.o
 .debug_loc     0x00005469     0x1c3c Drivers\STM32F1xx_HAL_Driver\Src\stm32f1xx_hal_sd.o
 .debug_loc     0x000070a5     0x19ca Drivers\STM32F1xx_HAL_Driver\Src\stm32f1xx_hal_spi.o
 .debug_loc     0x00008a6f     0x3814 Drivers\STM32F1xx_HAL_Driver\Src\stm32f1xx_hal_tim.o
 .debug_loc     0x0000c283     0x11e3 Drivers\STM32F1xx_HAL_Driver\Src\stm32f1xx_hal_tim_ex.o