w25qxx.c:3:6:SPI_Transmit	0	static
w25qxx.c:36:6:SPI_Receive	0	static
w25qxx.c:55:6:SPI_Send	0	static
w25qxx.c:61:15:SPI_Get	8	static
w25qxx.c:67:6:waitForW25Qxx	24	static
w25qxx.c:78:6:MemWrite	40	static
w25qxx.c:98:14:memReadID	24	static
w25qxx.c:117:15:MemReadFast	24	static
w25qxx.c:137:6:FastmemReadW25Qxx	32	static
w25qxx.c:152:15:MemRead	32	static
w25qxx.c:168:6:MemErase	24	static
w25qxx.c:179:6:MemBlockErase64Kb	32	static
w25qxx.c:196:6:memWriteW25Qxx	40	static
w25qxx.c:212:6:memReadW25Qxx	40	static
