Archive member included to satisfy reference by file (symbol)

c:/program files (x86)/atollic/truestudio for stm32 9.3.0/armtools/bin/../lib/gcc/arm-atollic-eabi/6.3.1/../../../../arm-atollic-eabi/lib/armv7-m\libc_nano.a(lib_a-errno.o)
                              Application\TrueSTUDIO\syscalls.o (__errno)
c:/program files (x86)/atollic/truestudio for stm32 9.3.0/armtools/bin/../lib/gcc/arm-atollic-eabi/6.3.1/../../../../arm-atollic-eabi/lib/armv7-m\libc_nano.a(lib_a-impure.o)
                              c:/program files (x86)/atollic/truestudio for stm32 9.3.0/armtools/bin/../lib/gcc/arm-atollic-eabi/6.3.1/../../../../arm-atollic-eabi/lib/armv7-m\libc_nano.a(lib_a-errno.o) (_impure_ptr)
c:/program files (x86)/atollic/truestudio for stm32 9.3.0/armtools/bin/../lib/gcc/arm-atollic-eabi/6.3.1/../../../../arm-atollic-eabi/lib/armv7-m\libc_nano.a(lib_a-init.o)
                              Application\TrueSTUDIO\startup_stm32f103xg.o (__libc_init_array)
c:/program files (x86)/atollic/truestudio for stm32 9.3.0/armtools/bin/../lib/gcc/arm-atollic-eabi/6.3.1/../../../../arm-atollic-eabi/lib/armv7-m\libc_nano.a(lib_a-memset.o)
                              Application\User\main.o (memset)
c:/program files (x86)/atollic/truestudio for stm32 9.3.0/armtools/bin/../lib/gcc/arm-atollic-eabi/6.3.1/armv7-m\libgcc.a(_lshrdi3.o)
                              Drivers\STM32F1xx_HAL_Driver\stm32f1xx_hal_flash.o (__aeabi_llsr)

Allocating common symbols
Common symbol       size              file

retSD               0x1               Application\User\fatfs.o
hUsbDeviceFS        0x2c4             Application\User\usb_device.o
hi2c2               0x54              Application\User\main.o
uwTick              0x4               Drivers\STM32F1xx_HAL_Driver\stm32f1xx_hal.o
pFlash              0x20              Drivers\STM32F1xx_HAL_Driver\stm32f1xx_hal_flash.o
UserRxBufferFS      0x400             Application\User\usbd_cdc_if.o
UserTxBufferFS      0x400             Application\User\usbd_cdc_if.o
SDPath              0x4               Application\User\fatfs.o
hsd                 0x84              Application\User\main.o
hspi1               0x58              Application\User\main.o
SDFile              0x102c            Application\User\fatfs.o
hpcd_USB_FS         0x26c             Application\User\usbd_conf.o
USBD_StrDesc        0x100             Application\User\usbd_desc.o
SDFatFS             0x1030            Application\User\fatfs.o

Discarded input sections

 .text          0x00000000        0x0 c:/program files (x86)/atollic/truestudio for stm32 9.3.0/armtools/bin/../lib/gcc/arm-atollic-eabi/6.3.1/armv7-m/crti.o
 .data          0x00000000        0x0 c:/program files (x86)/atollic/truestudio for stm32 9.3.0/armtools/bin/../lib/gcc/arm-atollic-eabi/6.3.1/armv7-m/crti.o
 .bss           0x00000000        0x0 c:/program files (x86)/atollic/truestudio for stm32 9.3.0/armtools/bin/../lib/gcc/arm-atollic-eabi/6.3.1/armv7-m/crti.o
 .data          0x00000000        0x4 c:/program files (x86)/atollic/truestudio for stm32 9.3.0/armtools/bin/../lib/gcc/arm-atollic-eabi/6.3.1/armv7-m/crtbegin.o
 .text          0x00000000       0x14 Application\TrueSTUDIO\startup_stm32f103xg.o
 .data          0x00000000        0x0 Application\TrueSTUDIO\startup_stm32f103xg.o
 .bss           0x00000000        0x0 Application\TrueSTUDIO\startup_stm32f103xg.o
 .text          0x00000000        0x0 Application\TrueSTUDIO\syscalls.o
 .data          0x00000000        0x0 Application\TrueSTUDIO\syscalls.o
 .bss           0x00000000        0x0 Application\TrueSTUDIO\syscalls.o
 .text.initialise_monitor_handles
                0x00000000        0x2 Application\TrueSTUDIO\syscalls.o
 .text._getpid  0x00000000        0x4 Application\TrueSTUDIO\syscalls.o
 .text._kill    0x00000000       0x10 Application\TrueSTUDIO\syscalls.o
 .text._exit    0x00000000        0xc Application\TrueSTUDIO\syscalls.o
 .text._read    0x00000000       0x1c Application\TrueSTUDIO\syscalls.o
 .text._write   0x00000000       0x1c Application\TrueSTUDIO\syscalls.o
 .text._sbrk    0x00000000       0x34 Application\TrueSTUDIO\syscalls.o
 .text._close   0x00000000        0x6 Application\TrueSTUDIO\syscalls.o
 .text._fstat   0x00000000        0xa Application\TrueSTUDIO\syscalls.o
 .text._isatty  0x00000000        0x4 Application\TrueSTUDIO\syscalls.o
 .text._lseek   0x00000000        0x4 Application\TrueSTUDIO\syscalls.o
 .text._open    0x00000000        0xa Application\TrueSTUDIO\syscalls.o
 .text._wait    0x00000000       0x10 Application\TrueSTUDIO\syscalls.o
 .text._unlink  0x00000000       0x10 Application\TrueSTUDIO\syscalls.o
 .text._times   0x00000000        0x6 Application\TrueSTUDIO\syscalls.o
 .text._stat    0x00000000        0xa Application\TrueSTUDIO\syscalls.o
 .text._link    0x00000000       0x10 Application\TrueSTUDIO\syscalls.o
 .text._fork    0x00000000       0x10 Application\TrueSTUDIO\syscalls.o
 .text._execve  0x00000000       0x10 Application\TrueSTUDIO\syscalls.o
[...]
Memory Configuration

Name             Origin             Length             Attributes
RAM              0x20000000         0x00018000         xrw
FLASH            0x08000000         0x000c0000         xr
*default*        0x00000000         0xffffffff

Linker script and memory map

LOAD c:/program files (x86)/atollic/truestudio for stm32 9.3.0/armtools/bin/../lib/gcc/arm-atollic-eabi/6.3.1/armv7-m/crti.o
LOAD c:/program files (x86)/atollic/truestudio for stm32 9.3.0/armtools/bin/../lib/gcc/arm-atollic-eabi/6.3.1/armv7-m/crtbegin.o
LOAD Application\TrueSTUDIO\startup_stm32f103xg.o
LOAD Application\TrueSTUDIO\syscalls.o
LOAD Application\User\bsp_driver_sd.o
LOAD Application\User\fatfs.o
LOAD Application\User\main.o
LOAD Application\User\stm32f1xx_hal_msp.o
LOAD Application\User\stm32f1xx_it.o
LOAD Application\User\usb_device.o
LOAD Application\User\usbd_cdc_if.o
LOAD Application\User\usbd_conf.o
LOAD Application\User\usbd_desc.o
LOAD Drivers\CMSIS\system_stm32f1xx.o
LOAD Drivers\STM32F1xx_HAL_Driver\stm32f1xx_hal.o
LOAD Drivers\STM32F1xx_HAL_Driver\stm32f1xx_hal_cortex.o
LOAD Drivers\STM32F1xx_HAL_Driver\stm32f1xx_hal_dma.o
LOAD Drivers\STM32F1xx_HAL_Driver\stm32f1xx_hal_exti.o
LOAD Drivers\STM32F1xx_HAL_Driver\stm32f1xx_hal_flash.o
LOAD Drivers\STM32F1xx_HAL_Driver\stm32f1xx_hal_flash_ex.o
LOAD Drivers\STM32F1xx_HAL_Driver\stm32f1xx_hal_gpio.o
LOAD Drivers\STM32F1xx_HAL_Driver\stm32f1xx_hal_gpio_ex.o
LOAD Drivers\STM32F1xx_HAL_Driver\stm32f1xx_hal_i2c.o
LOAD Drivers\STM32F1xx_HAL_Driver\stm32f1xx_hal_pcd.o
LOAD Drivers\STM32F1xx_HAL_Driver\stm32f1xx_hal_pcd_ex.o
LOAD Drivers\STM32F1xx_HAL_Driver\stm32f1xx_hal_pwr.o
LOAD Drivers\STM32F1xx_HAL_Driver\stm32f1xx_hal_rcc.o
LOAD Drivers\STM32F1xx_HAL_Driver\stm32f1xx_hal_rcc_ex.o
LOAD Drivers\STM32F1xx_HAL_Driver\stm32f1xx_hal_sd.o
LOAD Drivers\STM32F1xx_HAL_Driver\stm32f1xx_hal_spi.o
LOAD Drivers\STM32F1xx_HAL_Driver\stm32f1xx_hal_tim.o
LOAD Drivers\STM32F1xx_HAL_Driver\stm32f1xx_hal_tim_ex.o
LOAD Drivers\STM32F1xx_HAL_Driver\stm32f1xx_ll_sdmmc.o
LOAD Drivers\STM32F1xx_HAL_Driver\stm32f1xx_ll_usb.o
LOAD Middlewares\FatFs\ccsbcs.o
LOAD Middlewares\FatFs\diskio.o
LOAD Middlewares\FatFs\ff.o
LOAD Middlewares\FatFs\ff_gen_drv.o
LOAD Middlewares\FatFs\sd_diskio.o
LOAD Middlewares\FatFs\syscall.o
LOAD Middlewares\USB_Device_Library\usbd_cdc.o
LOAD Middlewares\USB_Device_Library\usbd_core.o
LOAD Middlewares\USB_Device_Library\usbd_ctlreq.o
LOAD Middlewares\USB_Device_Library\usbd_ioreq.o
                0x00000080                malloc_getpagesize_P = 0x80
START GROUP
LOAD c:/program files (x86)/atollic/truestudio for stm32 9.3.0/armtools/bin/../lib/gcc/arm-atollic-eabi/6.3.1/../../../../arm-atollic-eabi/lib/armv7-m\libc_nano.a
LOAD c:/program files (x86)/atollic/truestudio for stm32 9.3.0/armtools/bin/../lib/gcc/arm-atollic-eabi/6.3.1/../../../../arm-atollic-eabi/lib/armv7-m\libm.a
END GROUP
START GROUP
LOAD c:/program files (x86)/atollic/truestudio for stm32 9.3.0/armtools/bin/../lib/gcc/arm-atollic-eabi/6.3.1/armv7-m\libgcc.a
LOAD c:/program files (x86)/atollic/truestudio for stm32 9.3.0/armtools/bin/../lib/gcc/arm-atollic-eabi/6.3.1/../../../../arm-atollic-eabi/lib/armv7-m\libc_nano.a
END GROUP
START GROUP
LOAD c:/program files (x86)/atollic/truestudio for stm32 9.3.0/armtools/bin/../lib/gcc/arm-atollic-eabi/6.3.1/armv7-m\libgcc.a
LOAD c:/program files (x86)/atollic/truestudio for stm32 9.3.0/armtools/bin/../lib/gcc/arm-atollic-eabi/6.3.1/../../../../arm-atollic-eabi/lib/armv7-m\libc_nano.a
LOAD c:/program files (x86)/atollic/truestudio for stm32 9.3.0/armtools/bin/../lib/gcc/arm-atollic-eabi/6.3.1/../../../../arm-atollic-eabi/lib/armv7-m\libnosys.a
END GROUP
START GROUP
LOAD c:/program files (x86)/atollic/truestudio for stm32 9.3.0/armtools/bin/../lib/gcc/arm-atollic-eabi/6.3.1/armv7-m\libgcc.a
LOAD c:/program files (x86)/atollic/truestudio for stm32 9.3.0/armtools/bin/../lib/gcc/arm-atollic-eabi/6.3.1/../../../../arm-atollic-eabi/lib/armv7-m\libc_nano.a
LOAD c:/program files (x86)/atollic/truestudio for stm32 9.3.0/armtools/bin/../lib/gcc/arm-atollic-eabi/6.3.1/../../../../arm-atollic-eabi/lib/armv7-m\libnosys.a
END GROUP
LOAD c:/program files (x86)/atollic/truestudio for stm32 9.3.0/armtools/bin/../lib/gcc/arm-atollic-eabi/6.3.1/armv7-m/crtend.o
LOAD c:/program files (x86)/atollic/truestudio for stm32 9.3.0/armtools/bin/../lib/gcc/arm-atollic-eabi/6.3.1/armv7-m/crtn.o
                0x20018000                _estack = 0x20018000
                0x00000200                _Min_Heap_Size = 0x200
                0x00000400                _Min_Stack_Size = 0x400

.isr_vector     0x08000000      0x1e4
                0x08000000                . = ALIGN (0x4)
 *(.isr_vector)
 .isr_vector    0x08000000      0x1e4 Application\TrueSTUDIO\startup_stm32f103xg.o
                0x08000000                g_pfnVectors
                0x080001e4                . = ALIGN (0x4)

.text           0x080001e4     0x3fe8
                0x080001e4                . = ALIGN (0x4)
 *(.text)
 .text          0x080001e4       0x40 c:/program files (x86)/atollic/truestudio for stm32 9.3.0/armtools/bin/../lib/gcc/arm-atollic-eabi/6.3.1/armv7-m/crtbegin.o
 *(.text*)
 .text.Reset_Handler
                0x08000224       0x48 Application\TrueSTUDIO\startup_stm32f103xg.o
                0x08000224                Reset_Handler
 .text.Default_Handler
                0x0800026c        0x2 Application\TrueSTUDIO\startup_stm32f103xg.o
                0x0800026c                RTC_Alarm_IRQHandler
                0x0800026c                EXTI2_IRQHandler
                0x0800026c                TIM8_CC_IRQHandler
                0x0800026c                TIM1_CC_IRQHandler
                0x0800026c                TIM6_IRQHandler
                0x0800026c                PVD_IRQHandler
                0x0800026c                SDIO_IRQHandler
                0x0800026c                EXTI3_IRQHandler
                0x0800026c                TIM8_TRG_COM_TIM14_IRQHandler
                0x0800026c                TIM1_UP_TIM10_IRQHandler
                0x0800026c                TIM8_UP_TIM13_IRQHandler
                0x0800026c                EXTI0_IRQHandler
                0x0800026c                I2C2_EV_IRQHandler
                0x0800026c                ADC1_2_IRQHandler
                0x0800026c                SPI1_IRQHandler
                0x0800026c                TAMPER_IRQHandler
                0x0800026c                TIM1_BRK_TIM9_IRQHandler
                0x0800026c                DMA2_Channel2_IRQHandler
                0x0800026c                DMA1_Channel4_IRQHandler
                0x0800026c                USART3_IRQHandler
                0x0800026c                RTC_IRQHandler
                0x0800026c                DMA1_Channel7_IRQHandler
                0x0800026c                CAN1_RX1_IRQHandler
                0x0800026c                UART5_IRQHandler
                0x0800026c                ADC3_IRQHandler
                0x0800026c                TIM4_IRQHandler
                0x0800026c                DMA2_Channel1_IRQHandler
                0x0800026c                I2C1_EV_IRQHandler
                0x0800026c                DMA1_Channel6_IRQHandler
                0x0800026c                UART4_IRQHandler
                0x0800026c                TIM3_IRQHandler
                0x0800026c                RCC_IRQHandler
                0x0800026c                TIM8_BRK_TIM12_IRQHandler
                0x0800026c                DMA1_Channel1_IRQHandler
                0x0800026c                Default_Handler
                0x0800026c                EXTI15_10_IRQHandler
                0x0800026c                TIM7_IRQHandler
                0x0800026c                TIM5_IRQHandler
                0x0800026c                EXTI9_5_IRQHandler
                0x0800026c                SPI2_IRQHandler
                0x0800026c                DMA1_Channel5_IRQHandler
                0x0800026c                EXTI4_IRQHandler
                0x0800026c                USB_HP_CAN1_TX_IRQHandler
                0x0800026c                DMA1_Channel3_IRQHandler
                0x0800026c                FSMC_IRQHandler
                0x0800026c                WWDG_IRQHandler
                0x0800026c                TIM2_IRQHandler
                0x0800026c                TIM1_TRG_COM_TIM11_IRQHandler
                0x0800026c                EXTI1_IRQHandler
                0x0800026c                DMA2_Channel4_5_IRQHandler
                0x0800026c                USART2_IRQHandler
                0x0800026c                I2C2_ER_IRQHandler
                0x0800026c                DMA1_Channel2_IRQHandler
                0x0800026c                CAN1_SCE_IRQHandler
                0x0800026c                FLASH_IRQHandler
                0x0800026c                USART1_IRQHandler
                0x0800026c                SPI3_IRQHandler
                0x0800026c                I2C1_ER_IRQHandler
                0x0800026c                USBWakeUp_IRQHandler
                0x0800026c                DMA2_Channel3_IRQHandler
 *fill*         0x0800026e        0x2 
 .text.BSP_SD_Init
                0x08000270       0x34 Application\User\bsp_driver_sd.o
                0x08000270                BSP_SD_Init
 .text.BSP_SD_ReadBlocks
                0x080002a4       0x20 Application\User\bsp_driver_sd.o
                0x080002a4                BSP_SD_ReadBlocks
 .text.BSP_SD_WriteBlocks
                0x080002c4       0x20 Application\User\bsp_driver_sd.o
                0x080002c4                BSP_SD_WriteBlocks
 .text.BSP_SD_GetCardState
                0x080002e4       0x14 Application\User\bsp_driver_sd.o
                0x080002e4                BSP_SD_GetCardState
 .text.BSP_SD_GetCardInfo
                0x080002f8        0xc Application\User\bsp_driver_sd.o
                0x080002f8                BSP_SD_GetCardInfo
 .text.MX_FATFS_Init
                0x08000304       0x1c Application\User\fatfs.o
                0x08000304                MX_FATFS_Init
 .text.SystemClock_Config
                0x08000320       0x6c Application\User\main.o
                0x08000320                SystemClock_Config
 .text.startup.main
                0x0800038c      0x184 Application\User\main.o
                0x0800038c                main
 .text.Error_Handler
                0x08000510        0x2 Application\User\main.o
                0x08000510                Error_Handler
 *fill*         0x08000512        0x2 
 .text.HAL_MspInit
                0x08000514       0x44 Application\User\stm32f1xx_hal_msp.o
                0x08000514                HAL_MspInit
 .text.HAL_I2C_MspInit
                0x08000558       0x64 Application\User\stm32f1xx_hal_msp.o
                0x08000558                HAL_I2C_MspInit
 .text.HAL_SD_MspInit
                0x080005bc       0x8c Application\User\stm32f1xx_hal_msp.o
                0x080005bc                HAL_SD_MspInit
 .text.HAL_SPI_MspInit
                0x08000648       0x84 Application\User\stm32f1xx_hal_msp.o
                0x08000648                HAL_SPI_MspInit
 .text.NMI_Handler
                0x080006cc        0x2 Application\User\stm32f1xx_it.o
                0x080006cc                NMI_Handler
 .text.HardFault_Handler
                0x080006ce        0x2 Application\User\stm32f1xx_it.o
                0x080006ce                HardFault_Handler
 .text.MemManage_Handler
                0x080006d0        0x2 Application\User\stm32f1xx_it.o
                0x080006d0                MemManage_Handler
 .text.BusFault_Handler
                0x080006d2        0x2 Application\User\stm32f1xx_it.o
                0x080006d2                BusFault_Handler
 .text.UsageFault_Handler
                0x080006d4        0x2 Application\User\stm32f1xx_it.o
                0x080006d4                UsageFault_Handler
 .text.SVC_Handler
                0x080006d6        0x2 Application\User\stm32f1xx_it.o
                0x080006d6                SVC_Handler
 .text.DebugMon_Handler
                0x080006d8        0x2 Application\User\stm32f1xx_it.o
                0x080006d8                DebugMon_Handler
 .text.PendSV_Handler
                0x080006da        0x2 Application\User\stm32f1xx_it.o
                0x080006da                PendSV_Handler
 .text.SysTick_Handler
                0x080006dc        0x4 Application\User\stm32f1xx_it.o
                0x080006dc                SysTick_Handler
 .text.USB_LP_CAN1_RX0_IRQHandler
                0x080006e0        0xc Application\User\stm32f1xx_it.o
                0x080006e0                USB_LP_CAN1_RX0_IRQHandler
 .text.MX_USB_DEVICE_Init
                0x080006ec       0x50 Application\User\usb_device.o
                0x080006ec                MX_USB_DEVICE_Init
 .text.CDC_DeInit_FS
                0x0800073c        0x4 Application\User\usbd_cdc_if.o
 .text.CDC_Control_FS
                0x08000740        0x4 Application\User\usbd_cdc_if.o
 .text.CDC_Receive_FS
                0x08000744       0x1c Application\User\usbd_cdc_if.o
 .text.CDC_Init_FS
                0x08000760       0x28 Application\User\usbd_cdc_if.o
 .text.HAL_PCD_MspInit
                0x08000788       0x3c Application\User\usbd_conf.o
                0x08000788                HAL_PCD_MspInit
 .text.HAL_PCD_SetupStageCallback
                0x080007c4        0xc Application\User\usbd_conf.o
                0x080007c4                HAL_PCD_SetupStageCallback
 .text.HAL_PCD_DataOutStageCallback
                0x080007d0       0x10 Application\User\usbd_conf.o
                0x080007d0                HAL_PCD_DataOutStageCallback
 .text.HAL_PCD_DataInStageCallback
                0x080007e0        0xe Application\User\usbd_conf.o
                0x080007e0                HAL_PCD_DataInStageCallback
 .text.HAL_PCD_SOFCallback
                0x080007ee        0x8 Application\User\usbd_conf.o
                0x080007ee                HAL_PCD_SOFCallback
 .text.HAL_PCD_ResetCallback
                0x080007f6       0x24 Application\User\usbd_conf.o
                0x080007f6                HAL_PCD_ResetCallback
 *fill*         0x0800081a        0x2 
 .text.HAL_PCD_SuspendCallback
                0x0800081c       0x20 Application\User\usbd_conf.o
                0x0800081c                HAL_PCD_SuspendCallback
 .text.HAL_PCD_ResumeCallback
                0x0800083c        0x8 Application\User\usbd_conf.o
                0x0800083c                HAL_PCD_ResumeCallback
 .text.USBD_LL_Init
                0x08000844       0x80 Application\User\usbd_conf.o
                0x08000844                USBD_LL_Init
 .text.USBD_LL_Start
                0x080008c4       0x1c Application\User\usbd_conf.o
                0x080008c4                USBD_LL_Start
 .text.USBD_LL_OpenEP
                0x080008e0       0x20 Application\User\usbd_conf.o
                0x080008e0                USBD_LL_OpenEP
 .text.USBD_LL_CloseEP
                0x08000900       0x1c Application\User\usbd_conf.o
                0x08000900                USBD_LL_CloseEP
 .text.USBD_LL_StallEP
                0x0800091c       0x1c Application\User\usbd_conf.o
                0x0800091c                USBD_LL_StallEP
 .text.USBD_LL_ClearStallEP
                0x08000938       0x1c Application\User\usbd_conf.o
                0x08000938                USBD_LL_ClearStallEP
 .text.USBD_LL_IsStallEP
                0x08000954       0x20 Application\User\usbd_conf.o
                0x08000954                USBD_LL_IsStallEP
 .text.USBD_LL_SetUSBAddress
                0x08000974       0x1c Application\User\usbd_conf.o
                0x08000974                USBD_LL_SetUSBAddress
 .text.USBD_LL_Transmit
                0x08000990       0x1c Application\User\usbd_conf.o
                0x08000990                USBD_LL_Transmit
 .text.USBD_LL_PrepareReceive
                0x080009ac       0x1c Application\User\usbd_conf.o
                0x080009ac                USBD_LL_PrepareReceive
 .text.USBD_LL_GetRxDataSize
                0x080009c8        0x8 Application\User\usbd_conf.o
                0x080009c8                USBD_LL_GetRxDataSize
 .text.USBD_static_malloc
                0x080009d0        0x8 Application\User\usbd_conf.o
                0x080009d0                USBD_static_malloc
 .text.USBD_static_free
                0x080009d8        0x2 Application\User\usbd_conf.o
                0x080009d8                USBD_static_free
 .text.HAL_PCDEx_SetConnectionState
                0x080009da        0x2 Application\User\usbd_conf.o
                0x080009da                HAL_PCDEx_SetConnectionState
 .text.USBD_FS_DeviceDescriptor
                0x080009dc        0xc Application\User\usbd_desc.o
                0x080009dc                USBD_FS_DeviceDescriptor
 .text.USBD_FS_LangIDStrDescriptor
                0x080009e8        0xc Application\User\usbd_desc.o
                0x080009e8                USBD_FS_LangIDStrDescriptor
 .text.IntToUnicode
                0x080009f4       0x28 Application\User\usbd_desc.o
 .text.USBD_FS_SerialStrDescriptor
                0x08000a1c       0x40 Application\User\usbd_desc.o
                0x08000a1c                USBD_FS_SerialStrDescriptor
 .text.USBD_FS_ManufacturerStrDescriptor
                0x08000a5c       0x1c Application\User\usbd_desc.o
                0x08000a5c                USBD_FS_ManufacturerStrDescriptor
 .text.USBD_FS_ProductStrDescriptor
                0x08000a78       0x1c Application\User\usbd_desc.o
                0x08000a78                USBD_FS_ProductStrDescriptor
 .text.USBD_FS_ConfigStrDescriptor
                0x08000a94       0x1c Application\User\usbd_desc.o
                0x08000a94                USBD_FS_ConfigStrDescriptor
 .text.USBD_FS_InterfaceStrDescriptor
                0x08000ab0       0x1c Application\User\usbd_desc.o
                0x08000ab0                USBD_FS_InterfaceStrDescriptor
 .text.SystemInit
                0x08000acc       0x4c Drivers\CMSIS\system_stm32f1xx.o
                0x08000acc                SystemInit
 .text.HAL_InitTick
                0x08000b18       0x48 Drivers\STM32F1xx_HAL_Driver\stm32f1xx_hal.o
                0x08000b18                HAL_InitTick
 .text.HAL_Init
                0x08000b60       0x24 Drivers\STM32F1xx_HAL_Driver\stm32f1xx_hal.o
                0x08000b60                HAL_Init
 .text.HAL_IncTick
                0x08000b84       0x18 Drivers\STM32F1xx_HAL_Driver\stm32f1xx_hal.o
                0x08000b84                HAL_IncTick
 .text.HAL_GetTick
                0x08000b9c        0xc Drivers\STM32F1xx_HAL_Driver\stm32f1xx_hal.o
                0x08000b9c                HAL_GetTick
 .text.HAL_Delay
                0x08000ba8       0x24 Drivers\STM32F1xx_HAL_Driver\stm32f1xx_hal.o
                0x08000ba8                HAL_Delay
 .text.HAL_NVIC_SetPriorityGrouping
                0x08000bcc       0x24 Drivers\STM32F1xx_HAL_Driver\stm32f1xx_hal_cortex.o
                0x08000bcc                HAL_NVIC_SetPriorityGrouping
 .text.HAL_NVIC_SetPriority
                0x08000bf0       0x68 Drivers\STM32F1xx_HAL_Driver\stm32f1xx_hal_cortex.o
                0x08000bf0                HAL_NVIC_SetPriority
 .text.HAL_NVIC_EnableIRQ
                0x08000c58       0x1c Drivers\STM32F1xx_HAL_Driver\stm32f1xx_hal_cortex.o
                0x08000c58                HAL_NVIC_EnableIRQ
 .text.HAL_SYSTICK_Config
                0x08000c74       0x2c Drivers\STM32F1xx_HAL_Driver\stm32f1xx_hal_cortex.o
                0x08000c74                HAL_SYSTICK_Config
 .text.HAL_GPIO_Init
                0x08000ca0      0x1d8 Drivers\STM32F1xx_HAL_Driver\stm32f1xx_hal_gpio.o
                0x08000ca0                HAL_GPIO_Init
 .text.HAL_GPIO_WritePin
                0x08000e78        0xa Drivers\STM32F1xx_HAL_Driver\stm32f1xx_hal_gpio.o
                0x08000e78                HAL_GPIO_WritePin
 .text.HAL_GPIO_TogglePin
                0x08000e82        0xc Drivers\STM32F1xx_HAL_Driver\stm32f1xx_hal_gpio.o
                0x08000e82                HAL_GPIO_TogglePin
 *fill*         0x08000e8e        0x2 
 .text.HAL_I2C_Init
                0x08000e90      0x148 Drivers\STM32F1xx_HAL_Driver\stm32f1xx_hal_i2c.o
                0x08000e90                HAL_I2C_Init
 .text.HAL_PCD_Init
                0x08000fd8       0xea Drivers\STM32F1xx_HAL_Driver\stm32f1xx_hal_pcd.o
                0x08000fd8                HAL_PCD_Init
 .text.HAL_PCD_Start
                0x080010c2       0x2e Drivers\STM32F1xx_HAL_Driver\stm32f1xx_hal_pcd.o
                0x080010c2                HAL_PCD_Start
 .text.HAL_PCD_SetAddress
                0x080010f0       0x28 Drivers\STM32F1xx_HAL_Driver\stm32f1xx_hal_pcd.o
                0x080010f0                HAL_PCD_SetAddress
 .text.HAL_PCD_EP_Open
                0x08001118       0x66 Drivers\STM32F1xx_HAL_Driver\stm32f1xx_hal_pcd.o
                0x08001118                HAL_PCD_EP_Open
 .text.HAL_PCD_EP_Close
                0x0800117e       0x52 Drivers\STM32F1xx_HAL_Driver\stm32f1xx_hal_pcd.o
                0x0800117e                HAL_PCD_EP_Close
 .text.HAL_PCD_EP_Receive
                0x080011d0       0x30 Drivers\STM32F1xx_HAL_Driver\stm32f1xx_hal_pcd.o
                0x080011d0                HAL_PCD_EP_Receive
 .text.HAL_PCD_EP_GetRxCount
                0x08001200        0xe Drivers\STM32F1xx_HAL_Driver\stm32f1xx_hal_pcd.o
                0x08001200                HAL_PCD_EP_GetRxCount
 .text.HAL_PCD_EP_Transmit
                0x0800120e       0x2c Drivers\STM32F1xx_HAL_Driver\stm32f1xx_hal_pcd.o
                0x0800120e                HAL_PCD_EP_Transmit
 *fill*         0x0800123a        0x2 
 .text.HAL_PCD_IRQHandler
                0x0800123c      0x44c Drivers\STM32F1xx_HAL_Driver\stm32f1xx_hal_pcd.o
                0x0800123c                HAL_PCD_IRQHandler
 .text.HAL_PCD_EP_SetStall
                0x08001688       0x68 Drivers\STM32F1xx_HAL_Driver\stm32f1xx_hal_pcd.o
                0x08001688                HAL_PCD_EP_SetStall
 .text.HAL_PCD_EP_ClrStall
                0x080016f0       0x64 Drivers\STM32F1xx_HAL_Driver\stm32f1xx_hal_pcd.o
                0x080016f0                HAL_PCD_EP_ClrStall
 .text.HAL_PCDEx_PMAConfig
                0x08001754       0x30 Drivers\STM32F1xx_HAL_Driver\stm32f1xx_hal_pcd_ex.o
                0x08001754                HAL_PCDEx_PMAConfig
 .text.HAL_RCC_OscConfig
                0x08001784      0x33c Drivers\STM32F1xx_HAL_Driver\stm32f1xx_hal_rcc.o
                0x08001784                HAL_RCC_OscConfig
 .text.HAL_RCC_GetSysClockFreq
                0x08001ac0       0x78 Drivers\STM32F1xx_HAL_Driver\stm32f1xx_hal_rcc.o
                0x08001ac0                HAL_RCC_GetSysClockFreq
 .text.HAL_RCC_ClockConfig
                0x08001b38      0x13c Drivers\STM32F1xx_HAL_Driver\stm32f1xx_hal_rcc.o
                0x08001b38                HAL_RCC_ClockConfig
 .text.HAL_RCC_GetPCLK1Freq
                0x08001c74       0x20 Drivers\STM32F1xx_HAL_Driver\stm32f1xx_hal_rcc.o
                0x08001c74                HAL_RCC_GetPCLK1Freq
 .text.HAL_RCCEx_PeriphCLKConfig
                0x08001c94       0xf0 Drivers\STM32F1xx_HAL_Driver\stm32f1xx_hal_rcc_ex.o
                0x08001c94                HAL_RCCEx_PeriphCLKConfig
 .text.SD_FindSCR
                0x08001d84       0xca Drivers\STM32F1xx_HAL_Driver\stm32f1xx_hal_sd.o
 *fill*         0x08001e4e        0x2 
 .text.HAL_SD_ReadBlocks
                0x08001e50      0x224 Drivers\STM32F1xx_HAL_Driver\stm32f1xx_hal_sd.o
                0x08001e50                HAL_SD_ReadBlocks
 .text.HAL_SD_WriteBlocks
                0x08002074      0x1ac Drivers\STM32F1xx_HAL_Driver\stm32f1xx_hal_sd.o
                0x08002074                HAL_SD_WriteBlocks
 .text.HAL_SD_GetCardCSD
                0x08002220      0x16c Drivers\STM32F1xx_HAL_Driver\stm32f1xx_hal_sd.o
                0x08002220                HAL_SD_GetCardCSD
 .text.HAL_SD_InitCard
                0x0800238c      0x1f4 Drivers\STM32F1xx_HAL_Driver\stm32f1xx_hal_sd.o
                0x0800238c                HAL_SD_InitCard
 .text.HAL_SD_Init
                0x08002580       0x36 Drivers\STM32F1xx_HAL_Driver\stm32f1xx_hal_sd.o
                0x08002580                HAL_SD_Init
 .text.HAL_SD_GetCardInfo
                0x080025b6       0x24 Drivers\STM32F1xx_HAL_Driver\stm32f1xx_hal_sd.o
                0x080025b6                HAL_SD_GetCardInfo
 *fill*         0x080025da        0x2 
 .text.HAL_SD_ConfigWideBusOperation
                0x080025dc      0x10c Drivers\STM32F1xx_HAL_Driver\stm32f1xx_hal_sd.o
                0x080025dc                HAL_SD_ConfigWideBusOperation
 .text.HAL_SD_GetCardState
                0x080026e8       0x28 Drivers\STM32F1xx_HAL_Driver\stm32f1xx_hal_sd.o
                0x080026e8                HAL_SD_GetCardState
 .text.HAL_SPI_Init
                0x08002710       0x76 Drivers\STM32F1xx_HAL_Driver\stm32f1xx_hal_spi.o
                0x08002710                HAL_SPI_Init
 *fill*         0x08002786        0x2 
 .text.SDMMC_GetCmdResp2
                0x08002788       0x50 Drivers\STM32F1xx_HAL_Driver\stm32f1xx_ll_sdmmc.o
 .text.SDMMC_GetCmdResp3
                0x080027d8       0x44 Drivers\STM32F1xx_HAL_Driver\stm32f1xx_ll_sdmmc.o
 .text.SDMMC_GetCmdResp1
                0x0800281c      0x11c Drivers\STM32F1xx_HAL_Driver\stm32f1xx_ll_sdmmc.o
 .text.SDIO_Init
                0x08002938       0x38 Drivers\STM32F1xx_HAL_Driver\stm32f1xx_ll_sdmmc.o
                0x08002938                SDIO_Init
 .text.SDIO_ReadFIFO
                0x08002970        0x6 Drivers\STM32F1xx_HAL_Driver\stm32f1xx_ll_sdmmc.o
                0x08002970                SDIO_ReadFIFO
 .text.SDIO_WriteFIFO
                0x08002976        0xa Drivers\STM32F1xx_HAL_Driver\stm32f1xx_ll_sdmmc.o
                0x08002976                SDIO_WriteFIFO
 .text.SDIO_PowerState_ON
                0x08002980       0x10 Drivers\STM32F1xx_HAL_Driver\stm32f1xx_ll_sdmmc.o
                0x08002980                SDIO_PowerState_ON
 .text.SDIO_GetPowerState
                0x08002990        0x8 Drivers\STM32F1xx_HAL_Driver\stm32f1xx_ll_sdmmc.o
                0x08002990                SDIO_GetPowerState
 .text.SDIO_SendCommand
                0x08002998       0x26 Drivers\STM32F1xx_HAL_Driver\stm32f1xx_ll_sdmmc.o
                0x08002998                SDIO_SendCommand
 .text.SDIO_GetResponse
                0x080029be        0x6 Drivers\STM32F1xx_HAL_Driver\stm32f1xx_ll_sdmmc.o
                0x080029be                SDIO_GetResponse
 .text.SDIO_ConfigData
                0x080029c4       0x26 Drivers\STM32F1xx_HAL_Driver\stm32f1xx_ll_sdmmc.o
                0x080029c4                SDIO_ConfigData
 .text.SDMMC_CmdBlockLength
                0x080029ea       0x30 Drivers\STM32F1xx_HAL_Driver\stm32f1xx_ll_sdmmc.o
                0x080029ea                SDMMC_CmdBlockLength
 .text.SDMMC_CmdReadSingleBlock
                0x08002a1a       0x30 Drivers\STM32F1xx_HAL_Driver\stm32f1xx_ll_sdmmc.o
                0x08002a1a                SDMMC_CmdReadSingleBlock
 .text.SDMMC_CmdReadMultiBlock
                0x08002a4a       0x30 Drivers\STM32F1xx_HAL_Driver\stm32f1xx_ll_sdmmc.o
                0x08002a4a                SDMMC_CmdReadMultiBlock
 .text.SDMMC_CmdWriteSingleBlock
                0x08002a7a       0x30 Drivers\STM32F1xx_HAL_Driver\stm32f1xx_ll_sdmmc.o
                0x08002a7a                SDMMC_CmdWriteSingleBlock
 .text.SDMMC_CmdWriteMultiBlock
                0x08002aaa       0x30 Drivers\STM32F1xx_HAL_Driver\stm32f1xx_ll_sdmmc.o
                0x08002aaa                SDMMC_CmdWriteMultiBlock
 *fill*         0x08002ada        0x2 
 .text.SDMMC_CmdStopTransfer
                0x08002adc       0x34 Drivers\STM32F1xx_HAL_Driver\stm32f1xx_ll_sdmmc.o
                0x08002adc                SDMMC_CmdStopTransfer
 .text.SDMMC_CmdSelDesel
                0x08002b10       0x30 Drivers\STM32F1xx_HAL_Driver\stm32f1xx_ll_sdmmc.o
                0x08002b10                SDMMC_CmdSelDesel
 .text.SDMMC_CmdGoIdleState
                0x08002b40       0x50 Drivers\STM32F1xx_HAL_Driver\stm32f1xx_ll_sdmmc.o
                0x08002b40                SDMMC_CmdGoIdleState
 .text.SDMMC_CmdOperCond
                0x08002b90       0x7c Drivers\STM32F1xx_HAL_Driver\stm32f1xx_ll_sdmmc.o
                0x08002b90                SDMMC_CmdOperCond
 .text.SDMMC_CmdAppCommand
                0x08002c0c       0x30 Drivers\STM32F1xx_HAL_Driver\stm32f1xx_ll_sdmmc.o
                0x08002c0c                SDMMC_CmdAppCommand
 .text.SDMMC_CmdAppOperCommand
                0x08002c3c       0x32 Drivers\STM32F1xx_HAL_Driver\stm32f1xx_ll_sdmmc.o
                0x08002c3c                SDMMC_CmdAppOperCommand
 .text.SDMMC_CmdSendSCR
                0x08002c6e       0x30 Drivers\STM32F1xx_HAL_Driver\stm32f1xx_ll_sdmmc.o
                0x08002c6e                SDMMC_CmdSendSCR
 .text.SDMMC_CmdSendCID
                0x08002c9e       0x2a Drivers\STM32F1xx_HAL_Driver\stm32f1xx_ll_sdmmc.o
                0x08002c9e                SDMMC_CmdSendCID
 .text.SDMMC_CmdSendCSD
                0x08002cc8       0x2a Drivers\STM32F1xx_HAL_Driver\stm32f1xx_ll_sdmmc.o
                0x08002cc8                SDMMC_CmdSendCSD
 *fill*         0x08002cf2        0x2 
 .text.SDMMC_CmdSetRelAdd
                0x08002cf4       0xa0 Drivers\STM32F1xx_HAL_Driver\stm32f1xx_ll_sdmmc.o
                0x08002cf4                SDMMC_CmdSetRelAdd
 .text.SDMMC_CmdSendStatus
                0x08002d94       0x30 Drivers\STM32F1xx_HAL_Driver\stm32f1xx_ll_sdmmc.o
                0x08002d94                SDMMC_CmdSendStatus
 .text.SDMMC_CmdSwitch
                0x08002dc4       0x30 Drivers\STM32F1xx_HAL_Driver\stm32f1xx_ll_sdmmc.o
                0x08002dc4                SDMMC_CmdSwitch
 .text.SDMMC_CmdBusWidth
                0x08002df4        0x4 Drivers\STM32F1xx_HAL_Driver\stm32f1xx_ll_sdmmc.o
                0x08002df4                SDMMC_CmdBusWidth
 .text.USB_CoreInit
                0x08002df8        0xe Drivers\STM32F1xx_HAL_Driver\stm32f1xx_ll_usb.o
                0x08002df8                USB_CoreInit
 .text.USB_EnableGlobalInt
                0x08002e06       0x12 Drivers\STM32F1xx_HAL_Driver\stm32f1xx_ll_usb.o
                0x08002e06                USB_EnableGlobalInt
 .text.USB_DisableGlobalInt
                0x08002e18       0x14 Drivers\STM32F1xx_HAL_Driver\stm32f1xx_ll_usb.o
                0x08002e18                USB_DisableGlobalInt
 .text.USB_SetCurrentMode
                0x08002e2c        0x4 Drivers\STM32F1xx_HAL_Driver\stm32f1xx_ll_usb.o
                0x08002e2c                USB_SetCurrentMode
 .text.USB_DevInit
                0x08002e30       0x36 Drivers\STM32F1xx_HAL_Driver\stm32f1xx_ll_usb.o
                0x08002e30                USB_DevInit
 *fill*         0x08002e66        0x2 
 .text.USB_ActivateEndpoint
                0x08002e68      0x2f0 Drivers\STM32F1xx_HAL_Driver\stm32f1xx_ll_usb.o
                0x08002e68                USB_ActivateEndpoint
 .text.USB_DeactivateEndpoint
                0x08003158      0x1be Drivers\STM32F1xx_HAL_Driver\stm32f1xx_ll_usb.o
                0x08003158                USB_DeactivateEndpoint
 .text.USB_EPSetStall
                0x08003316       0x40 Drivers\STM32F1xx_HAL_Driver\stm32f1xx_ll_usb.o
                0x08003316                USB_EPSetStall
 .text.USB_EPClearStall
                0x08003356       0x96 Drivers\STM32F1xx_HAL_Driver\stm32f1xx_ll_usb.o
                0x08003356                USB_EPClearStall
 .text.USB_SetDevAddress
                0x080033ec        0xc Drivers\STM32F1xx_HAL_Driver\stm32f1xx_ll_usb.o
                0x080033ec                USB_SetDevAddress
 .text.USB_DevConnect
                0x080033f8        0x4 Drivers\STM32F1xx_HAL_Driver\stm32f1xx_ll_usb.o
                0x080033f8                USB_DevConnect
 .text.USB_DevDisconnect
                0x080033fc        0x4 Drivers\STM32F1xx_HAL_Driver\stm32f1xx_ll_usb.o
                0x080033fc                USB_DevDisconnect
 .text.USB_ReadInterrupts
                0x08003400        0x8 Drivers\STM32F1xx_HAL_Driver\stm32f1xx_ll_usb.o
                0x08003400                USB_ReadInterrupts
 .text.USB_EP0_OutStart
                0x08003408        0x4 Drivers\STM32F1xx_HAL_Driver\stm32f1xx_ll_usb.o
                0x08003408                USB_EP0_OutStart
 .text.USB_WritePMA
                0x0800340c       0x20 Drivers\STM32F1xx_HAL_Driver\stm32f1xx_ll_usb.o
                0x0800340c                USB_WritePMA
 .text.USB_EPStartXfer
                0x0800342c      0x1d0 Drivers\STM32F1xx_HAL_Driver\stm32f1xx_ll_usb.o
                0x0800342c                USB_EPStartXfer
 .text.USB_ReadPMA
                0x080035fc       0x38 Drivers\STM32F1xx_HAL_Driver\stm32f1xx_ll_usb.o
                0x080035fc                USB_ReadPMA
 .text.FATFS_LinkDriverEx
                0x08003634       0x44 Middlewares\FatFs\ff_gen_drv.o
                0x08003634                FATFS_LinkDriverEx
 .text.FATFS_LinkDriver
                0x08003678        0x6 Middlewares\FatFs\ff_gen_drv.o
                0x08003678                FATFS_LinkDriver
 *fill*         0x0800367e        0x2 
 .text.SD_initialize
                0x08003680       0x20 Middlewares\FatFs\sd_diskio.o
                0x08003680                SD_initialize
 .text.SD_status
                0x080036a0       0x20 Middlewares\FatFs\sd_diskio.o
                0x080036a0                SD_status
 .text.SD_read  0x080036c0       0x30 Middlewares\FatFs\sd_diskio.o
                0x080036c0                SD_read
 .text.SD_ioctl
                0x080036f0       0x4c Middlewares\FatFs\sd_diskio.o
                0x080036f0                SD_ioctl
 .text.SD_write
                0x0800373c       0x30 Middlewares\FatFs\sd_diskio.o
                0x0800373c                SD_write
 .text.USBD_CDC_EP0_RxReady
                0x0800376c       0x28 Middlewares\USB_Device_Library\usbd_cdc.o
 .text.USBD_CDC_GetFSCfgDesc
                0x08003794        0xc Middlewares\USB_Device_Library\usbd_cdc.o
 .text.USBD_CDC_GetHSCfgDesc
                0x080037a0        0xc Middlewares\USB_Device_Library\usbd_cdc.o
 .text.USBD_CDC_GetOtherSpeedCfgDesc
                0x080037ac        0xc Middlewares\USB_Device_Library\usbd_cdc.o
 .text.USBD_CDC_GetDeviceQualifierDescriptor
                0x080037b8        0xc Middlewares\USB_Device_Library\usbd_cdc.o
                0x080037b8                USBD_CDC_GetDeviceQualifierDescriptor
 .text.USBD_CDC_DataOut
                0x080037c4       0x2e Middlewares\USB_Device_Library\usbd_cdc.o
 .text.USBD_CDC_DataIn
                0x080037f2       0x40 Middlewares\USB_Device_Library\usbd_cdc.o
 .text.USBD_CDC_Setup
                0x08003832       0xbc Middlewares\USB_Device_Library\usbd_cdc.o
 .text.USBD_CDC_DeInit
                0x080038ee       0x42 Middlewares\USB_Device_Library\usbd_cdc.o
 .text.USBD_CDC_Init
                0x08003930       0xaa Middlewares\USB_Device_Library\usbd_cdc.o
 .text.USBD_CDC_RegisterInterface
                0x080039da        0xe Middlewares\USB_Device_Library\usbd_cdc.o
                0x080039da                USBD_CDC_RegisterInterface
 .text.USBD_CDC_SetTxBuffer
                0x080039e8       0x10 Middlewares\USB_Device_Library\usbd_cdc.o
                0x080039e8                USBD_CDC_SetTxBuffer
 .text.USBD_CDC_SetRxBuffer
                0x080039f8        0xc Middlewares\USB_Device_Library\usbd_cdc.o
                0x080039f8                USBD_CDC_SetRxBuffer
 .text.USBD_CDC_ReceivePacket
                0x08003a04       0x26 Middlewares\USB_Device_Library\usbd_cdc.o
                0x08003a04                USBD_CDC_ReceivePacket
 .text.USBD_Init
                0x08003a2a       0x2a Middlewares\USB_Device_Library\usbd_core.o
                0x08003a2a                USBD_Init
 .text.USBD_RegisterClass
                0x08003a54        0xe Middlewares\USB_Device_Library\usbd_core.o
                0x08003a54                USBD_RegisterClass
 .text.USBD_Start
                0x08003a62        0xa Middlewares\USB_Device_Library\usbd_core.o
                0x08003a62                USBD_Start
 .text.USBD_SetClassConfig
                0x08003a6c       0x16 Middlewares\USB_Device_Library\usbd_core.o
                0x08003a6c                USBD_SetClassConfig
 .text.USBD_ClrClassConfig
                0x08003a82        0xe Middlewares\USB_Device_Library\usbd_core.o
                0x08003a82                USBD_ClrClassConfig
 .text.USBD_LL_SetupStage
                0x08003a90       0x5a Middlewares\USB_Device_Library\usbd_core.o
                0x08003a90                USBD_LL_SetupStage
 .text.USBD_LL_DataOutStage
                0x08003aea       0x74 Middlewares\USB_Device_Library\usbd_core.o
                0x08003aea                USBD_LL_DataOutStage
 .text.USBD_LL_DataInStage
                0x08003b5e       0xb6 Middlewares\USB_Device_Library\usbd_core.o
                0x08003b5e                USBD_LL_DataInStage
 .text.USBD_LL_Reset
                0x08003c14       0x4e Middlewares\USB_Device_Library\usbd_core.o
                0x08003c14                USBD_LL_Reset
 .text.USBD_LL_SetSpeed
                0x08003c62        0x6 Middlewares\USB_Device_Library\usbd_core.o
                0x08003c62                USBD_LL_SetSpeed
 .text.USBD_LL_Suspend
                0x08003c68       0x12 Middlewares\USB_Device_Library\usbd_core.o
                0x08003c68                USBD_LL_Suspend
 .text.USBD_LL_Resume
                0x08003c7a       0x14 Middlewares\USB_Device_Library\usbd_core.o
                0x08003c7a                USBD_LL_Resume
 .text.USBD_LL_SOF
                0x08003c8e       0x18 Middlewares\USB_Device_Library\usbd_core.o
                0x08003c8e                USBD_LL_SOF
 .text.USBD_CtlError.constprop.1
                0x08003ca6       0x16 Middlewares\USB_Device_Library\usbd_ctlreq.o
 .text.USBD_StdDevReq
                0x08003cbc      0x248 Middlewares\USB_Device_Library\usbd_ctlreq.o
                0x08003cbc                USBD_StdDevReq
 .text.USBD_StdItfReq
                0x08003f04       0x4a Middlewares\USB_Device_Library\usbd_ctlreq.o
                0x08003f04                USBD_StdItfReq
 .text.USBD_StdEPReq
                0x08003f4e      0x112 Middlewares\USB_Device_Library\usbd_ctlreq.o
                0x08003f4e                USBD_StdEPReq
 .text.USBD_ParseSetupRequest
                0x08004060       0x28 Middlewares\USB_Device_Library\usbd_ctlreq.o
                0x08004060                USBD_ParseSetupRequest
 .text.USBD_CtlError
                0x08004088       0x16 Middlewares\USB_Device_Library\usbd_ctlreq.o
                0x08004088                USBD_CtlError
 .text.USBD_GetString
                0x0800409e       0x38 Middlewares\USB_Device_Library\usbd_ctlreq.o
                0x0800409e                USBD_GetString
 .text.USBD_CtlSendData
                0x080040d6       0x1a Middlewares\USB_Device_Library\usbd_ioreq.o
                0x080040d6                USBD_CtlSendData
 .text.USBD_CtlContinueSendData
                0x080040f0       0x10 Middlewares\USB_Device_Library\usbd_ioreq.o
                0x080040f0                USBD_CtlContinueSendData
 .text.USBD_CtlPrepareRx
                0x08004100       0x1e Middlewares\USB_Device_Library\usbd_ioreq.o
                0x08004100                USBD_CtlPrepareRx
 .text.USBD_CtlContinueRx
                0x0800411e       0x10 Middlewares\USB_Device_Library\usbd_ioreq.o
                0x0800411e                USBD_CtlContinueRx
 .text.USBD_CtlSendStatus
                0x0800412e       0x16 Middlewares\USB_Device_Library\usbd_ioreq.o
                0x0800412e                USBD_CtlSendStatus
 .text.USBD_CtlReceiveStatus
                0x08004144       0x16 Middlewares\USB_Device_Library\usbd_ioreq.o
                0x08004144                USBD_CtlReceiveStatus
 *fill*         0x0800415a        0x2 
 .text.__libc_init_array
                0x0800415c       0x48 c:/program files (x86)/atollic/truestudio for stm32 9.3.0/armtools/bin/../lib/gcc/arm-atollic-eabi/6.3.1/../../../../arm-atollic-eabi/lib/armv7-m\libc_nano.a(lib_a-init.o)
                0x0800415c                __libc_init_array
 .text.memset   0x080041a4       0x10 c:/program files (x86)/atollic/truestudio for stm32 9.3.0/armtools/bin/../lib/gcc/arm-atollic-eabi/6.3.1/../../../../arm-atollic-eabi/lib/armv7-m\libc_nano.a(lib_a-memset.o)
                0x080041a4                memset
 *(.glue_7)
 .glue_7        0x080041b4        0x0 linker stubs
 *(.glue_7t)
 .glue_7t       0x080041b4        0x0 linker stubs
 *(.eh_frame)
 .eh_frame      0x080041b4        0x0 c:/program files (x86)/atollic/truestudio for stm32 9.3.0/armtools/bin/../lib/gcc/arm-atollic-eabi/6.3.1/armv7-m/crtbegin.o
 *(.init)
 .init          0x080041b4        0x4 c:/program files (x86)/atollic/truestudio for stm32 9.3.0/armtools/bin/../lib/gcc/arm-atollic-eabi/6.3.1/armv7-m/crti.o
                0x080041b4                _init
 .init          0x080041b8        0x8 c:/program files (x86)/atollic/truestudio for stm32 9.3.0/armtools/bin/../lib/gcc/arm-atollic-eabi/6.3.1/armv7-m/crtn.o
 *(.fini)
 .fini          0x080041c0        0x4 c:/program files (x86)/atollic/truestudio for stm32 9.3.0/armtools/bin/../lib/gcc/arm-atollic-eabi/6.3.1/armv7-m/crti.o
                0x080041c0                _fini
 .fini          0x080041c4        0x8 c:/program files (x86)/atollic/truestudio for stm32 9.3.0/armtools/bin/../lib/gcc/arm-atollic-eabi/6.3.1/armv7-m/crtn.o
                0x080041cc                . = ALIGN (0x4)
                0x080041cc                _etext = .

.vfp11_veneer   0x080041cc        0x0
 .vfp11_veneer  0x080041cc        0x0 linker stubs

.v4_bx          0x080041cc        0x0
 .v4_bx         0x080041cc        0x0 linker stubs

.iplt           0x080041cc        0x0
 .iplt          0x080041cc        0x0 c:/program files (x86)/atollic/truestudio for stm32 9.3.0/armtools/bin/../lib/gcc/arm-atollic-eabi/6.3.1/armv7-m/crtbegin.o

.rodata         0x080041cc       0x84
                0x080041cc                . = ALIGN (0x4)
 *(.rodata)
 .rodata        0x080041cc       0x10 Drivers\STM32F1xx_HAL_Driver\stm32f1xx_hal_rcc.o
 *(.rodata*)
 .rodata.CSWTCH.4
                0x080041dc        0x4 Application\User\usbd_conf.o
 .rodata.USBD_FS_ConfigStrDescriptor.str1.1
                0x080041e0        0xb Application\User\usbd_desc.o
 .rodata.USBD_FS_InterfaceStrDescriptor.str1.1
                0x080041eb        0xe Application\User\usbd_desc.o
 .rodata.USBD_FS_ManufacturerStrDescriptor.str1.1
                0x080041f9       0x13 Application\User\usbd_desc.o
 .rodata.USBD_FS_ProductStrDescriptor.str1.1
                0x0800420c       0x16 Application\User\usbd_desc.o
 .rodata.AHBPrescTable
                0x08004222       0x10 Drivers\CMSIS\system_stm32f1xx.o
                0x08004222                AHBPrescTable
 .rodata.APBPrescTable
                0x08004232        0x8 Drivers\CMSIS\system_stm32f1xx.o
                0x08004232                APBPrescTable
 *fill*         0x0800423a        0x2 
 .rodata.SD_Driver
                0x0800423c       0x14 Middlewares\FatFs\sd_diskio.o
                0x0800423c                SD_Driver
                0x08004250                . = ALIGN (0x4)

.rel.dyn        0x08004250        0x0
 .rel.iplt      0x08004250        0x0 c:/program files (x86)/atollic/truestudio for stm32 9.3.0/armtools/bin/../lib/gcc/arm-atollic-eabi/6.3.1/armv7-m/crtbegin.o

.ARM.extab
 *(.ARM.extab* .gnu.linkonce.armextab.*)

.ARM            0x08004250        0x0
                0x08004250                __exidx_start = .
 *(.ARM.exidx*)
                0x08004250                __exidx_end = .

.preinit_array  0x08004250        0x0
                0x08004250                PROVIDE (__preinit_array_start, .)
 *(.preinit_array*)
                0x08004250                PROVIDE (__preinit_array_end, .)

.init_array     0x08004250        0x4
                0x08004250                PROVIDE (__init_array_start, .)
 *(SORT(.init_array.*))
 *(.init_array*)
 .init_array    0x08004250        0x4 c:/program files (x86)/atollic/truestudio for stm32 9.3.0/armtools/bin/../lib/gcc/arm-atollic-eabi/6.3.1/armv7-m/crtbegin.o
                0x08004254                PROVIDE (__init_array_end, .)

.fini_array     0x08004254        0x4
                [!provide]                PROVIDE (__fini_array_start, .)
 *(SORT(.fini_array.*))
 *(.fini_array*)
 .fini_array    0x08004254        0x4 c:/program files (x86)/atollic/truestudio for stm32 9.3.0/armtools/bin/../lib/gcc/arm-atollic-eabi/6.3.1/armv7-m/crtbegin.o
                [!provide]                PROVIDE (__fini_array_end, .)
                0x08004258                _sidata = LOADADDR (.data)

.data           0x20000000      0x180 load address 0x08004258
                0x20000000                . = ALIGN (0x4)
                0x20000000                _sdata = .
 *(.data)
 *(.data*)
 .data.USBD_Interface_fops_FS
                0x20000000       0x10 Application\User\usbd_cdc_if.o
                0x20000000                USBD_Interface_fops_FS
 .data.FS_Desc  0x20000010       0x1c Application\User\usbd_desc.o
                0x20000010                FS_Desc
 .data.USBD_FS_DeviceDesc
                0x2000002c       0x12 Application\User\usbd_desc.o
                0x2000002c                USBD_FS_DeviceDesc
 *fill*         0x2000003e        0x2 
 .data.USBD_LangIDDesc
                0x20000040        0x4 Application\User\usbd_desc.o
                0x20000040                USBD_LangIDDesc
 .data.USBD_StringSerial
                0x20000044       0x1a Application\User\usbd_desc.o
                0x20000044                USBD_StringSerial
 *fill*         0x2000005e        0x2 
 .data.SystemCoreClock
                0x20000060        0x4 Drivers\CMSIS\system_stm32f1xx.o
                0x20000060                SystemCoreClock
 .data.uwTickFreq
                0x20000064        0x1 Drivers\STM32F1xx_HAL_Driver\stm32f1xx_hal.o
                0x20000064                uwTickFreq
 *fill*         0x20000065        0x3 
 .data.uwTickPrio
                0x20000068        0x4 Drivers\STM32F1xx_HAL_Driver\stm32f1xx_hal.o
                0x20000068                uwTickPrio
 .data.Stat     0x2000006c        0x1 Middlewares\FatFs\sd_diskio.o
 *fill*         0x2000006d        0x3 
 .data.USBD_CDC
                0x20000070       0x38 Middlewares\USB_Device_Library\usbd_cdc.o
                0x20000070                USBD_CDC
 .data.USBD_CDC_CfgFSDesc
                0x200000a8       0x43 Middlewares\USB_Device_Library\usbd_cdc.o
                0x200000a8                USBD_CDC_CfgFSDesc
 *fill*         0x200000eb        0x1 
 .data.USBD_CDC_CfgHSDesc
                0x200000ec       0x43 Middlewares\USB_Device_Library\usbd_cdc.o
                0x200000ec                USBD_CDC_CfgHSDesc
 *fill*         0x2000012f        0x1 
 .data.USBD_CDC_DeviceQualifierDesc
                0x20000130        0xa Middlewares\USB_Device_Library\usbd_cdc.o
 *fill*         0x2000013a        0x2 
 .data.USBD_CDC_OtherSpeedCfgDesc
                0x2000013c       0x43 Middlewares\USB_Device_Library\usbd_cdc.o
                0x2000013c                USBD_CDC_OtherSpeedCfgDesc
                0x20000180                . = ALIGN (0x4)
 *fill*         0x2000017f        0x1 
                0x20000180                _edata = .

.igot.plt       0x20000180        0x0 load address 0x080043d8
 .igot.plt      0x20000180        0x0 c:/program files (x86)/atollic/truestudio for stm32 9.3.0/armtools/bin/../lib/gcc/arm-atollic-eabi/6.3.1/armv7-m/crtbegin.o
                0x20000180                . = ALIGN (0x4)

.bss            0x20000180     0x3214 load address 0x080043d8
                0x20000180                _sbss = .
                0x20000180                __bss_start__ = _sbss
 *(.bss)
 .bss           0x20000180       0x1c c:/program files (x86)/atollic/truestudio for stm32 9.3.0/armtools/bin/../lib/gcc/arm-atollic-eabi/6.3.1/armv7-m/crtbegin.o
 *(.bss*)
 .bss.mem.8521  0x2000019c      0x220 Application\User\usbd_conf.o
 .bss.disk      0x200003bc        0xc Middlewares\FatFs\ff_gen_drv.o
                0x200003bc                disk
 .bss.cfgidx.8456
                0x200003c8        0x1 Middlewares\USB_Device_Library\usbd_ctlreq.o
 *(COMMON)
 *fill*         0x200003c9        0x3 
 COMMON         0x200003cc     0x2064 Application\User\fatfs.o
                0x200003cc                retSD
                0x200003cd                SDPath
                0x200003d4                SDFile
                0x20001400                SDFatFS
 COMMON         0x20002430      0x130 Application\User\main.o
                0x20002430                hi2c2
                0x20002484                hsd
                0x20002508                hspi1
 COMMON         0x20002560      0x2c4 Application\User\usb_device.o
                0x20002560                hUsbDeviceFS
 COMMON         0x20002824      0x800 Application\User\usbd_cdc_if.o
                0x20002824                UserRxBufferFS
                0x20002c24                UserTxBufferFS
 COMMON         0x20003024      0x26c Application\User\usbd_conf.o
                0x20003024                hpcd_USB_FS
 COMMON         0x20003290      0x100 Application\User\usbd_desc.o
                0x20003290                USBD_StrDesc
 COMMON         0x20003390        0x4 Drivers\STM32F1xx_HAL_Driver\stm32f1xx_hal.o
                0x20003390                uwTick
                0x20003394                . = ALIGN (0x4)
                0x20003394                _ebss = .
                0x20003394                __bss_end__ = _ebss

._user_heap_stack
                0x20003394      0x600 load address 0x080043d8
                0x20003394                . = ALIGN (0x4)
                0x20003394                PROVIDE (end, .)
                [!provide]                PROVIDE (_end, .)
                0x20003594                . = (. + _Min_Heap_Size)
 *fill*         0x20003394      0x200 
                0x20003994                . = (. + _Min_Stack_Size)
 *fill*         0x20003594      0x400 
                0x20003994                . = ALIGN (0x4)

/DISCARD/
 libc.a(*)
 libm.a(*)
 libgcc.a(*)

.ARM.attributes
                0x00000000       0x29
 *(.ARM.attributes)
 .ARM.attributes
                0x00000000       0x1d c:/program files (x86)/atollic/truestudio for stm32 9.3.0/armtools/bin/../lib/gcc/arm-atollic-eabi/6.3.1/armv7-m/crti.o
 .ARM.attributes
                0x0000001d       0x2d c:/program files (x86)/atollic/truestudio for stm32 9.3.0/armtools/bin/../lib/gcc/arm-atollic-eabi/6.3.1/armv7-m/crtbegin.o
 .ARM.attributes
                0x0000004a       0x21 Application\TrueSTUDIO\startup_stm32f103xg.o
 .ARM.attributes
                0x0000006b       0x33 Application\User\bsp_driver_sd.o
 .ARM.attributes
                0x0000009e       0x33 Application\User\fatfs.o
 .ARM.attributes
                0x000000d1       0x33 Application\User\main.o
 .ARM.attributes
                0x00000104       0x33 Application\User\stm32f1xx_hal_msp.o
 .ARM.attributes
                0x00000137       0x33 Application\User\stm32f1xx_it.o
 .ARM.attributes
                0x0000016a       0x33 Application\User\usb_device.o
 .ARM.attributes
                0x0000019d       0x33 Application\User\usbd_cdc_if.o
 .ARM.attributes
                0x000001d0       0x33 Application\User\usbd_conf.o
 .ARM.attributes
                0x00000203       0x33 Application\User\usbd_desc.o
 .ARM.attributes
                0x00000236       0x33 Drivers\CMSIS\system_stm32f1xx.o
 .ARM.attributes
                0x00000269       0x33 Drivers\STM32F1xx_HAL_Driver\stm32f1xx_hal.o
 .ARM.attributes
                0x0000029c       0x33 Drivers\STM32F1xx_HAL_Driver\stm32f1xx_hal_cortex.o
 .ARM.attributes
                0x000002cf       0x33 Drivers\STM32F1xx_HAL_Driver\stm32f1xx_hal_gpio.o
 .ARM.attributes
                0x00000302       0x33 Drivers\STM32F1xx_HAL_Driver\stm32f1xx_hal_i2c.o
 .ARM.attributes
                0x00000335       0x33 Drivers\STM32F1xx_HAL_Driver\stm32f1xx_hal_pcd.o
 .ARM.attributes
                0x00000368       0x33 Drivers\STM32F1xx_HAL_Driver\stm32f1xx_hal_pcd_ex.o
 .ARM.attributes
                0x0000039b       0x33 Drivers\STM32F1xx_HAL_Driver\stm32f1xx_hal_rcc.o
 .ARM.attributes
                0x000003ce       0x33 Drivers\STM32F1xx_HAL_Driver\stm32f1xx_hal_rcc_ex.o
 .ARM.attributes
                0x00000401       0x33 Drivers\STM32F1xx_HAL_Driver\stm32f1xx_hal_sd.o
 .ARM.attributes
                0x00000434       0x33 Drivers\STM32F1xx_HAL_Driver\stm32f1xx_hal_spi.o
 .ARM.attributes
                0x00000467       0x33 Drivers\STM32F1xx_HAL_Driver\stm32f1xx_ll_sdmmc.o
 .ARM.attributes
                0x0000049a       0x33 Drivers\STM32F1xx_HAL_Driver\stm32f1xx_ll_usb.o
 .ARM.attributes
                0x000004cd       0x33 Middlewares\FatFs\ff_gen_drv.o
 .ARM.attributes
                0x00000500       0x33 Middlewares\FatFs\sd_diskio.o
 .ARM.attributes
                0x00000533       0x33 Middlewares\USB_Device_Library\usbd_cdc.o
 .ARM.attributes
                0x00000566       0x33 Middlewares\USB_Device_Library\usbd_core.o
 .ARM.attributes
                0x00000599       0x33 Middlewares\USB_Device_Library\usbd_ctlreq.o
 .ARM.attributes
                0x000005cc       0x33 Middlewares\USB_Device_Library\usbd_ioreq.o
 .ARM.attributes
                0x000005ff       0x2d c:/program files (x86)/atollic/truestudio for stm32 9.3.0/armtools/bin/../lib/gcc/arm-atollic-eabi/6.3.1/../../../../arm-atollic-eabi/lib/armv7-m\libc_nano.a(lib_a-init.o)
 .ARM.attributes
                0x0000062c       0x2d c:/program files (x86)/atollic/truestudio for stm32 9.3.0/armtools/bin/../lib/gcc/arm-atollic-eabi/6.3.1/../../../../arm-atollic-eabi/lib/armv7-m\libc_nano.a(lib_a-memset.o)
 .ARM.attributes
                0x00000659       0x1d c:/program files (x86)/atollic/truestudio for stm32 9.3.0/armtools/bin/../lib/gcc/arm-atollic-eabi/6.3.1/armv7-m/crtn.o
OUTPUT(32F103RF.elf elf32-littlearm)

.debug_line     0x00000000     0xa1ef
 .debug_line    0x00000000       0x7a Application\TrueSTUDIO\startup_stm32f103xg.o
 .debug_line    0x0000007a      0x392 Application\User\bsp_driver_sd.o
 .debug_line    0x0000040c      0x2a3 Application\User\fatfs.o
 .debug_line    0x000006af      0x563 Application\User\main.o
 .debug_line    0x00000c12      0x394 Application\User\stm32f1xx_hal_msp.o
 .debug_line    0x00000fa6      0x29b Application\User\stm32f1xx_it.o
 .debug_line    0x00001241      0x3c7 Application\User\usb_device.o
 .debug_line    0x00001608      0x3e8 Application\User\usbd_cdc_if.o
 .debug_line    0x000019f0      0x65e Application\User\usbd_conf.o
 .debug_line    0x0000204e      0x3ff Application\User\usbd_desc.o
 .debug_line    0x0000244d      0x240 Drivers\CMSIS\system_stm32f1xx.o
 .debug_line    0x0000268d      0x403 Drivers\STM32F1xx_HAL_Driver\stm32f1xx_hal.o
 .debug_line    0x00002a90      0x490 Drivers\STM32F1xx_HAL_Driver\stm32f1xx_hal_cortex.o
 .debug_line    0x00002f20      0x3dc Drivers\STM32F1xx_HAL_Driver\stm32f1xx_hal_gpio.o
 .debug_line    0x000032fc     0x1e4e Drivers\STM32F1xx_HAL_Driver\stm32f1xx_hal_i2c.o
 .debug_line    0x0000514a      0x6b7 Drivers\STM32F1xx_HAL_Driver\stm32f1xx_hal_pcd.o
 .debug_line    0x00005801      0x280 Drivers\STM32F1xx_HAL_Driver\stm32f1xx_hal_pcd_ex.o
 .debug_line    0x00005a81      0x59a Drivers\STM32F1xx_HAL_Driver\stm32f1xx_hal_rcc.o
 .debug_line    0x0000601b      0x350 Drivers\STM32F1xx_HAL_Driver\stm32f1xx_hal_rcc_ex.o
 .debug_line    0x0000636b      0xabb Drivers\STM32F1xx_HAL_Driver\stm32f1xx_hal_sd.o
 .debug_line    0x00006e26      0xbca Drivers\STM32F1xx_HAL_Driver\stm32f1xx_hal_spi.o
 .debug_line    0x000079f0      0x794 Drivers\STM32F1xx_HAL_Driver\stm32f1xx_ll_sdmmc.o
 .debug_line    0x00008184      0x5d9 Drivers\STM32F1xx_HAL_Driver\stm32f1xx_ll_usb.o
 .debug_line    0x0000875d      0x28b Middlewares\FatFs\ff_gen_drv.o
 .debug_line    0x000089e8      0x3a9 Middlewares\FatFs\sd_diskio.o
 .debug_line    0x00008d91      0x5f7 Middlewares\USB_Device_Library\usbd_cdc.o
 .debug_line    0x00009388      0x569 Middlewares\USB_Device_Library\usbd_core.o
 .debug_line    0x000098f1      0x51e Middlewares\USB_Device_Library\usbd_ctlreq.o
 .debug_line    0x00009e0f      0x3e0 Middlewares\USB_Device_Library\usbd_ioreq.o

.debug_info     0x00000000    0x1f03d
 .debug_info    0x00000000       0x92 Application\TrueSTUDIO\startup_stm32f103xg.o
 .debug_info    0x00000092      0xc1b Application\User\bsp_driver_sd.o
 .debug_info    0x00000cad      0x5b8 Application\User\fatfs.o
 .debug_info    0x00001265     0x2014 Application\User\main.o
 .debug_info    0x00003279     0x1102 Application\User\stm32f1xx_hal_msp.o
 .debug_info    0x0000437b      0x69c Application\User\stm32f1xx_it.o
 .debug_info    0x00004a17      0xf2c Application\User\usb_device.o
 .debug_info    0x00005943     0x10e8 Application\User\usbd_cdc_if.o
 .debug_info    0x00006a2b     0x21a2 Application\User\usbd_conf.o
 .debug_info    0x00008bcd      0xe80 Application\User\usbd_desc.o
 .debug_info    0x00009a4d      0x437 Drivers\CMSIS\system_stm32f1xx.o
 .debug_info    0x00009e84      0x891 Drivers\STM32F1xx_HAL_Driver\stm32f1xx_hal.o
 .debug_info    0x0000a715      0xf05 Drivers\STM32F1xx_HAL_Driver\stm32f1xx_hal_cortex.o
 .debug_info    0x0000b61a      0x68d Drivers\STM32F1xx_HAL_Driver\stm32f1xx_hal_gpio.o
 .debug_info    0x0000bca7     0x3496 Drivers\STM32F1xx_HAL_Driver\stm32f1xx_hal_i2c.o
 .debug_info    0x0000f13d     0x12df Drivers\STM32F1xx_HAL_Driver\stm32f1xx_hal_pcd.o
 .debug_info    0x0001041c      0x750 Drivers\STM32F1xx_HAL_Driver\stm32f1xx_hal_pcd_ex.o
 .debug_info    0x00010b6c      0xa5f Drivers\STM32F1xx_HAL_Driver\stm32f1xx_hal_rcc.o
 .debug_info    0x000115cb      0x4ba Drivers\STM32F1xx_HAL_Driver\stm32f1xx_hal_rcc_ex.o
 .debug_info    0x00011a85     0x22ef Drivers\STM32F1xx_HAL_Driver\stm32f1xx_hal_sd.o
 .debug_info    0x00013d74     0x1cc9 Drivers\STM32F1xx_HAL_Driver\stm32f1xx_hal_spi.o
 .debug_info    0x00015a3d     0x17bf Drivers\STM32F1xx_HAL_Driver\stm32f1xx_ll_sdmmc.o
 .debug_info    0x000171fc     0x1575 Drivers\STM32F1xx_HAL_Driver\stm32f1xx_ll_usb.o
 .debug_info    0x00018771      0x532 Middlewares\FatFs\ff_gen_drv.o
 .debug_info    0x00018ca3      0xef9 Middlewares\FatFs\sd_diskio.o
 .debug_info    0x00019b9c     0x1a56 Middlewares\USB_Device_Library\usbd_cdc.o
 .debug_info    0x0001b5f2     0x14fa Middlewares\USB_Device_Library\usbd_core.o
 .debug_info    0x0001caec     0x1534 Middlewares\USB_Device_Library\usbd_ctlreq.o
 .debug_info    0x0001e020     0x101d Middlewares\USB_Device_Library\usbd_ioreq.o

.debug_abbrev   0x00000000     0x485d
 .debug_abbrev  0x00000000       0x12 Application\TrueSTUDIO\startup_stm32f103xg.o
 .debug_abbrev  0x00000012      0x2c8 Application\User\bsp_driver_sd.o
 .debug_abbrev  0x000002da      0x1a2 Application\User\fatfs.o
 .debug_abbrev  0x0000047c      0x345 Application\User\main.o
 .debug_abbrev  0x000007c1      0x20d Application\User\stm32f1xx_hal_msp.o
 .debug_abbrev  0x000009ce      0x1a1 Application\User\stm32f1xx_it.o
 .debug_abbrev  0x00000b6f      0x1fe Application\User\usb_device.o
 .debug_abbrev  0x00000d6d      0x2ba Application\User\usbd_cdc_if.o
 .debug_abbrev  0x00001027      0x326 Application\User\usbd_conf.o
 .debug_abbrev  0x0000134d      0x31c Application\User\usbd_desc.o
 .debug_abbrev  0x00001669      0x12f Drivers\CMSIS\system_stm32f1xx.o
 .debug_abbrev  0x00001798      0x24a Drivers\STM32F1xx_HAL_Driver\stm32f1xx_hal.o
 .debug_abbrev  0x000019e2      0x31d Drivers\STM32F1xx_HAL_Driver\stm32f1xx_hal_cortex.o
 .debug_abbrev  0x00001cff      0x1f1 Drivers\STM32F1xx_HAL_Driver\stm32f1xx_hal_gpio.o
 .debug_abbrev  0x00001ef0      0x397 Drivers\STM32F1xx_HAL_Driver\stm32f1xx_hal_i2c.o
 .debug_abbrev  0x00002287      0x313 Drivers\STM32F1xx_HAL_Driver\stm32f1xx_hal_pcd.o
 .debug_abbrev  0x0000259a      0x1b1 Drivers\STM32F1xx_HAL_Driver\stm32f1xx_hal_pcd_ex.o
 .debug_abbrev  0x0000274b      0x2c1 Drivers\STM32F1xx_HAL_Driver\stm32f1xx_hal_rcc.o
 .debug_abbrev  0x00002a0c      0x1d2 Drivers\STM32F1xx_HAL_Driver\stm32f1xx_hal_rcc_ex.o
 .debug_abbrev  0x00002bde      0x364 Drivers\STM32F1xx_HAL_Driver\stm32f1xx_hal_sd.o
 .debug_abbrev  0x00002f42      0x33e Drivers\STM32F1xx_HAL_Driver\stm32f1xx_hal_spi.o
 .debug_abbrev  0x00003280      0x2a4 Drivers\STM32F1xx_HAL_Driver\stm32f1xx_ll_sdmmc.o
 .debug_abbrev  0x00003524      0x2b7 Drivers\STM32F1xx_HAL_Driver\stm32f1xx_ll_usb.o
 .debug_abbrev  0x000037db      0x20b Middlewares\FatFs\ff_gen_drv.o
 .debug_abbrev  0x000039e6      0x2ad Middlewares\FatFs\sd_diskio.o
 .debug_abbrev  0x00003c93      0x2f8 Middlewares\USB_Device_Library\usbd_cdc.o
 .debug_abbrev  0x00003f8b      0x322 Middlewares\USB_Device_Library\usbd_core.o
 .debug_abbrev  0x000042ad      0x3b9 Middlewares\USB_Device_Library\usbd_ctlreq.o
 .debug_abbrev  0x00004666      0x1f7 Middlewares\USB_Device_Library\usbd_ioreq.o

.debug_aranges  0x00000000      0xfe0
 .debug_aranges
                0x00000000       0x28 Application\TrueSTUDIO\startup_stm32f103xg.o
 .debug_aranges
                0x00000028       0xa8 Application\User\bsp_driver_sd.o
 .debug_aranges
                0x000000d0       0x28 Application\User\fatfs.o
 .debug_aranges
                0x000000f8       0x30 Application\User\main.o
 .debug_aranges
                0x00000128       0x50 Application\User\stm32f1xx_hal_msp.o
 .debug_aranges
                0x00000178       0x50 Application\User\stm32f1xx_it.o
 .debug_aranges
                0x000001c8       0x20 Application\User\usb_device.o
 .debug_aranges
                0x000001e8       0x40 Application\User\usbd_cdc_if.o
 .debug_aranges
                0x00000228      0x110 Application\User\usbd_conf.o
 .debug_aranges
                0x00000338       0x58 Application\User\usbd_desc.o
 .debug_aranges
                0x00000390       0x28 Drivers\CMSIS\system_stm32f1xx.o
 .debug_aranges
                0x000003b8       0xd8 Drivers\STM32F1xx_HAL_Driver\stm32f1xx_hal.o
 .debug_aranges
                0x00000490       0xa8 Drivers\STM32F1xx_HAL_Driver\stm32f1xx_hal_cortex.o
 .debug_aranges
                0x00000538       0x58 Drivers\STM32F1xx_HAL_Driver\stm32f1xx_hal_gpio.o
 .debug_aranges
                0x00000590      0x1b0 Drivers\STM32F1xx_HAL_Driver\stm32f1xx_hal_i2c.o
 .debug_aranges
                0x00000740       0xc0 Drivers\STM32F1xx_HAL_Driver\stm32f1xx_hal_pcd.o
 .debug_aranges
                0x00000800       0x28 Drivers\STM32F1xx_HAL_Driver\stm32f1xx_hal_pcd_ex.o
 .debug_aranges
                0x00000828       0x88 Drivers\STM32F1xx_HAL_Driver\stm32f1xx_hal_rcc.o
 .debug_aranges
                0x000008b0       0x30 Drivers\STM32F1xx_HAL_Driver\stm32f1xx_hal_rcc_ex.o
 .debug_aranges
                0x000008e0       0xf0 Drivers\STM32F1xx_HAL_Driver\stm32f1xx_hal_sd.o
 .debug_aranges
                0x000009d0      0x188 Drivers\STM32F1xx_HAL_Driver\stm32f1xx_hal_spi.o
 .debug_aranges
                0x00000b58      0x150 Drivers\STM32F1xx_HAL_Driver\stm32f1xx_ll_sdmmc.o
 .debug_aranges
                0x00000ca8       0xe0 Drivers\STM32F1xx_HAL_Driver\stm32f1xx_ll_usb.o
 .debug_aranges
                0x00000d88       0x40 Middlewares\FatFs\ff_gen_drv.o
 .debug_aranges
                0x00000dc8       0x40 Middlewares\FatFs\sd_diskio.o
 .debug_aranges
                0x00000e08       0x90 Middlewares\USB_Device_Library\usbd_cdc.o
 .debug_aranges
                0x00000e98       0xa8 Middlewares\USB_Device_Library\usbd_core.o
 .debug_aranges
                0x00000f40       0x50 Middlewares\USB_Device_Library\usbd_ctlreq.o
 .debug_aranges
                0x00000f90       0x50 Middlewares\USB_Device_Library\usbd_ioreq.o

.debug_ranges   0x00000000     0x1858
 .debug_ranges  0x00000000       0x20 Application\TrueSTUDIO\startup_stm32f103xg.o
 .debug_ranges  0x00000020       0x98 Application\User\bsp_driver_sd.o
 .debug_ranges  0x000000b8       0x18 Application\User\fatfs.o
 .debug_ranges  0x000000d0       0x98 Application\User\main.o
 .debug_ranges  0x00000168      0x120 Application\User\stm32f1xx_hal_msp.o
 .debug_ranges  0x00000288       0x40 Application\User\stm32f1xx_it.o
 .debug_ranges  0x000002c8       0x10 Application\User\usb_device.o
 .debug_ranges  0x000002d8       0x30 Application\User\usbd_cdc_if.o
 .debug_ranges  0x00000308      0x128 Application\User\usbd_conf.o
 .debug_ranges  0x00000430       0x48 Application\User\usbd_desc.o
 .debug_ranges  0x00000478       0x18 Drivers\CMSIS\system_stm32f1xx.o
 .debug_ranges  0x00000490       0xc8 Drivers\STM32F1xx_HAL_Driver\stm32f1xx_hal.o
 .debug_ranges  0x00000558      0x140 Drivers\STM32F1xx_HAL_Driver\stm32f1xx_hal_cortex.o
 .debug_ranges  0x00000698       0x68 Drivers\STM32F1xx_HAL_Driver\stm32f1xx_hal_gpio.o
 .debug_ranges  0x00000700      0x4b8 Drivers\STM32F1xx_HAL_Driver\stm32f1xx_hal_i2c.o
 .debug_ranges  0x00000bb8      0x170 Drivers\STM32F1xx_HAL_Driver\stm32f1xx_hal_pcd.o
 .debug_ranges  0x00000d28       0x18 Drivers\STM32F1xx_HAL_Driver\stm32f1xx_hal_pcd_ex.o
 .debug_ranges  0x00000d40       0xa0 Drivers\STM32F1xx_HAL_Driver\stm32f1xx_hal_rcc.o
 .debug_ranges  0x00000de0       0x40 Drivers\STM32F1xx_HAL_Driver\stm32f1xx_hal_rcc_ex.o
 .debug_ranges  0x00000e20      0x1e8 Drivers\STM32F1xx_HAL_Driver\stm32f1xx_hal_sd.o
 .debug_ranges  0x00001008      0x1a8 Drivers\STM32F1xx_HAL_Driver\stm32f1xx_hal_spi.o
 .debug_ranges  0x000011b0      0x1b8 Drivers\STM32F1xx_HAL_Driver\stm32f1xx_ll_sdmmc.o
 .debug_ranges  0x00001368      0x2c0 Drivers\STM32F1xx_HAL_Driver\stm32f1xx_ll_usb.o
 .debug_ranges  0x00001628       0x30 Middlewares\FatFs\ff_gen_drv.o
 .debug_ranges  0x00001658       0x30 Middlewares\FatFs\sd_diskio.o
 .debug_ranges  0x00001688       0x80 Middlewares\USB_Device_Library\usbd_cdc.o
 .debug_ranges  0x00001708       0x98 Middlewares\USB_Device_Library\usbd_core.o
 .debug_ranges  0x000017a0       0x78 Middlewares\USB_Device_Library\usbd_ctlreq.o
 .debug_ranges  0x00001818       0x40 Middlewares\USB_Device_Library\usbd_ioreq.o

.debug_loc      0x00000000     0xc978
 .debug_loc     0x00000000      0x429 Application\User\bsp_driver_sd.o
 .debug_loc     0x00000429      0x12c Application\User\stm32f1xx_hal_msp.o
 .debug_loc     0x00000555      0x10c Application\User\usbd_cdc_if.o
 .debug_loc     0x00000661      0x8ec Application\User\usbd_conf.o
 .debug_loc     0x00000f4d      0x2f9 Application\User\usbd_desc.o
 .debug_loc     0x00001246       0xcd Drivers\CMSIS\system_stm32f1xx.o
 .debug_loc     0x00001313      0x10c Drivers\STM32F1xx_HAL_Driver\stm32f1xx_hal.o
 .debug_loc     0x0000141f      0x4a8 Drivers\STM32F1xx_HAL_Driver\stm32f1xx_hal_cortex.o
 .debug_loc     0x000018c7      0x2e2 Drivers\STM32F1xx_HAL_Driver\stm32f1xx_hal_gpio.o
 .debug_loc     0x00001ba9     0x2fbc Drivers\STM32F1xx_HAL_Driver\stm32f1xx_hal_i2c.o
 .debug_loc     0x00004b65      0xa55 Drivers\STM32F1xx_HAL_Driver\stm32f1xx_hal_pcd.o
 .debug_loc     0x000055ba       0xd4 Drivers\STM32F1xx_HAL_Driver\stm32f1xx_hal_pcd_ex.o
 .debug_loc     0x0000568e      0x478 Drivers\STM32F1xx_HAL_Driver\stm32f1xx_hal_rcc.o
 .debug_loc     0x00005b06      0x303 Drivers\STM32F1xx_HAL_Driver\stm32f1xx_hal_rcc_ex.o
 .debug_loc     0x00005e09     0x18e6 Drivers\STM32F1xx_HAL_Driver\stm32f1xx_hal_sd.o
 .debug_loc     0x000076ef     0x1703 Drivers\STM32F1xx_HAL_Driver\stm32f1xx_hal_spi.o
 .debug_loc     0x00008df2      0xcd6 Drivers\STM32F1xx_HAL_Driver\stm32f1xx_ll_sdmmc.o
 .debug_loc     0x00009ac8     0x1042 Drivers\STM32F1xx_HAL_Driver\stm32f1xx_ll_usb.o
 .debug_loc     0x0000ab0a      0x216 Middlewares\FatFs\ff_gen_drv.o
 .debug_loc     0x0000ad20      0x3a1 Middlewares\FatFs\sd_diskio.o
 .debug_loc     0x0000b0c1      0x623 Middlewares\USB_Device_Library\usbd_cdc.o
 .debug_loc     0x0000b6e4      0x705 Middlewares\USB_Device_Library\usbd_core.o
 .debug_loc     0x0000bde9      0x953 Middlewares\USB_Device_Library\usbd_ctlreq.o
 .debug_loc     0x0000c73c      0x23c Middlewares\USB_Device_Library\usbd_ioreq.o

.debug_str      0x00000000     0x58bd
 .debug_str     0x00000000      0x8f4 Application\User\bsp_driver_sd.o
                                0x9b6 (size before relaxing)
 .debug_str     0x000008f4      0x1b7 Application\User\fatfs.o
                                0x44c (size before relaxing)
 .debug_str     0x00000aab      0xc13 Application\User\main.o
                               0x1530 (size before relaxing)
 .debug_str     0x000016be       0xcf Application\User\stm32f1xx_hal_msp.o
                                0xc49 (size before relaxing)
 .debug_str     0x0000178d      0x3ae Application\User\stm32f1xx_it.o
                                0x6b2 (size before relaxing)
 .debug_str     0x00001b3b      0x3ca Application\User\usb_device.o
                                0xb50 (size before relaxing)
 .debug_str     0x00001f05      0x131 Application\User\usbd_cdc_if.o
                                0xc20 (size before relaxing)
 .debug_str     0x00002036      0x979 Application\User\usbd_conf.o
                               0x179a (size before relaxing)
 .debug_str     0x000029af      0x17a Application\User\usbd_desc.o
                                0x95b (size before relaxing)
 .debug_str     0x00002b29       0x53 Drivers\CMSIS\system_stm32f1xx.o
                                0x370 (size before relaxing)
 .debug_str     0x00002b7c      0x272 Drivers\STM32F1xx_HAL_Driver\stm32f1xx_hal.o
                                0x9af (size before relaxing)
 .debug_str     0x00002dee      0x433 Drivers\STM32F1xx_HAL_Driver\stm32f1xx_hal_cortex.o
                                0xbea (size before relaxing)
 .debug_str     0x00003221      0x10d Drivers\STM32F1xx_HAL_Driver\stm32f1xx_hal_gpio.o
                                0x501 (size before relaxing)
 .debug_str     0x0000332e      0x89a Drivers\STM32F1xx_HAL_Driver\stm32f1xx_hal_i2c.o
                               0x1064 (size before relaxing)
 .debug_str     0x00003bc8      0x285 Drivers\STM32F1xx_HAL_Driver\stm32f1xx_hal_pcd.o
                                0xb08 (size before relaxing)
 .debug_str     0x00003e4d      0x162 Drivers\STM32F1xx_HAL_Driver\stm32f1xx_hal_pcd_ex.o
                                0x79e (size before relaxing)
 .debug_str     0x00003faf      0x1cb Drivers\STM32F1xx_HAL_Driver\stm32f1xx_hal_rcc.o
                                0x704 (size before relaxing)
 .debug_str     0x0000417a       0xa5 Drivers\STM32F1xx_HAL_Driver\stm32f1xx_hal_rcc_ex.o
                                0x500 (size before relaxing)
 .debug_str     0x0000421f      0x887 Drivers\STM32F1xx_HAL_Driver\stm32f1xx_hal_sd.o
                               0x112c (size before relaxing)
 .debug_str     0x00004aa6      0x4f4 Drivers\STM32F1xx_HAL_Driver\stm32f1xx_hal_spi.o
                                0xc2b (size before relaxing)
 .debug_str     0x00004f9a      0x20e Drivers\STM32F1xx_HAL_Driver\stm32f1xx_ll_sdmmc.o
                                0x8ae (size before relaxing)
 .debug_str     0x000051a8      0x1a3 Drivers\STM32F1xx_HAL_Driver\stm32f1xx_ll_usb.o
                                0x808 (size before relaxing)
 .debug_str     0x0000534b       0xc0 Middlewares\FatFs\ff_gen_drv.o
                                0x3ef (size before relaxing)
 .debug_str     0x0000540b       0x85 Middlewares\FatFs\sd_diskio.o
                                0x8a3 (size before relaxing)
 .debug_str     0x00005490      0x1ca Middlewares\USB_Device_Library\usbd_cdc.o
                               0x1102 (size before relaxing)
 .debug_str     0x0000565a      0x140 Middlewares\USB_Device_Library\usbd_core.o
                                0xd46 (size before relaxing)
 .debug_str     0x0000579a       0xcc Middlewares\USB_Device_Library\usbd_ctlreq.o
                                0xc60 (size before relaxing)
 .debug_str     0x00005866       0x57 Middlewares\USB_Device_Library\usbd_ioreq.o
                                0xb8d (size before relaxing)

.comment        0x00000000       0x7c
 .comment       0x00000000       0x7c Application\User\bsp_driver_sd.o
                                 0x7d (size before relaxing)
 .comment       0x0000007c       0x7d Application\User\fatfs.o
 .comment       0x0000007c       0x7d Application\User\main.o
 .comment       0x0000007c       0x7d Application\User\stm32f1xx_hal_msp.o
 .comment       0x0000007c       0x7d Application\User\stm32f1xx_it.o
 .comment       0x0000007c       0x7d Application\User\usb_device.o
 .comment       0x0000007c       0x7d Application\User\usbd_cdc_if.o
 .comment       0x0000007c       0x7d Application\User\usbd_conf.o
 .comment       0x0000007c       0x7d Application\User\usbd_desc.o
 .comment       0x0000007c       0x7d Drivers\CMSIS\system_stm32f1xx.o
 .comment       0x0000007c       0x7d Drivers\STM32F1xx_HAL_Driver\stm32f1xx_hal.o
 .comment       0x0000007c       0x7d Drivers\STM32F1xx_HAL_Driver\stm32f1xx_hal_cortex.o
 .comment       0x0000007c       0x7d Drivers\STM32F1xx_HAL_Driver\stm32f1xx_hal_gpio.o
 .comment       0x0000007c       0x7d Drivers\STM32F1xx_HAL_Driver\stm32f1xx_hal_i2c.o
 .comment       0x0000007c       0x7d Drivers\STM32F1xx_HAL_Driver\stm32f1xx_hal_pcd.o
 .comment       0x0000007c       0x7d Drivers\STM32F1xx_HAL_Driver\stm32f1xx_hal_pcd_ex.o
 .comment       0x0000007c       0x7d Drivers\STM32F1xx_HAL_Driver\stm32f1xx_hal_rcc.o
 .comment       0x0000007c       0x7d Drivers\STM32F1xx_HAL_Driver\stm32f1xx_hal_rcc_ex.o
 .comment       0x0000007c       0x7d Drivers\STM32F1xx_HAL_Driver\stm32f1xx_hal_sd.o
 .comment       0x0000007c       0x7d Drivers\STM32F1xx_HAL_Driver\stm32f1xx_hal_spi.o
 .comment       0x0000007c       0x7d Drivers\STM32F1xx_HAL_Driver\stm32f1xx_ll_sdmmc.o
 .comment       0x0000007c       0x7d Drivers\STM32F1xx_HAL_Driver\stm32f1xx_ll_usb.o
 .comment       0x0000007c       0x7d Middlewares\FatFs\ff_gen_drv.o
 .comment       0x0000007c       0x7d Middlewares\FatFs\sd_diskio.o
 .comment       0x0000007c       0x7d Middlewares\USB_Device_Library\usbd_cdc.o
 .comment       0x0000007c       0x7d Middlewares\USB_Device_Library\usbd_core.o
 .comment       0x0000007c       0x7d Middlewares\USB_Device_Library\usbd_ctlreq.o
 .comment       0x0000007c       0x7d Middlewares\USB_Device_Library\usbd_ioreq.o

.debug_frame    0x00000000     0x2d54
 .debug_frame   0x00000000      0x1b8 Application\User\bsp_driver_sd.o
 .debug_frame   0x000001b8       0x38 Application\User\fatfs.o
 .debug_frame   0x000001f0       0x5c Application\User\main.o
 .debug_frame   0x0000024c       0xc8 Application\User\stm32f1xx_hal_msp.o
 .debug_frame   0x00000314       0xb0 Application\User\stm32f1xx_it.o
 .debug_frame   0x000003c4       0x30 Application\User\usb_device.o
 .debug_frame   0x000003f4       0x80 Application\User\usbd_cdc_if.o
 .debug_frame   0x00000474      0x27c Application\User\usbd_conf.o
 .debug_frame   0x000006f0       0xc4 Application\User\usbd_desc.o
 .debug_frame   0x000007b4       0x30 Drivers\CMSIS\system_stm32f1xx.o
 .debug_frame   0x000007e4      0x1d4 Drivers\STM32F1xx_HAL_Driver\stm32f1xx_hal.o
 .debug_frame   0x000009b8      0x158 Drivers\STM32F1xx_HAL_Driver\stm32f1xx_hal_cortex.o
 .debug_frame   0x00000b10       0xd4 Drivers\STM32F1xx_HAL_Driver\stm32f1xx_hal_gpio.o
 .debug_frame   0x00000be4      0x700 Drivers\STM32F1xx_HAL_Driver\stm32f1xx_hal_i2c.o
 .debug_frame   0x000012e4      0x2bc Drivers\STM32F1xx_HAL_Driver\stm32f1xx_hal_pcd.o
 .debug_frame   0x000015a0       0x50 Drivers\STM32F1xx_HAL_Driver\stm32f1xx_hal_pcd_ex.o
 .debug_frame   0x000015f0      0x150 Drivers\STM32F1xx_HAL_Driver\stm32f1xx_hal_rcc.o
 .debug_frame   0x00001740       0x7c Drivers\STM32F1xx_HAL_Driver\stm32f1xx_hal_rcc_ex.o
 .debug_frame   0x000017bc      0x3ac Drivers\STM32F1xx_HAL_Driver\stm32f1xx_hal_sd.o
 .debug_frame   0x00001b68      0x568 Drivers\STM32F1xx_HAL_Driver\stm32f1xx_hal_spi.o
 .debug_frame   0x000020d0      0x458 Drivers\STM32F1xx_HAL_Driver\stm32f1xx_ll_sdmmc.o
 .debug_frame   0x00002528      0x240 Drivers\STM32F1xx_HAL_Driver\stm32f1xx_ll_usb.o
 .debug_frame   0x00002768       0x6c Middlewares\FatFs\ff_gen_drv.o
 .debug_frame   0x000027d4       0x90 Middlewares\FatFs\sd_diskio.o
 .debug_frame   0x00002864      0x168 Middlewares\USB_Device_Library\usbd_cdc.o
 .debug_frame   0x000029cc      0x1c0 Middlewares\USB_Device_Library\usbd_core.o
 .debug_frame   0x00002b8c       0xcc Middlewares\USB_Device_Library\usbd_ctlreq.o
 .debug_frame   0x00002c58       0xb0 Middlewares\USB_Device_Library\usbd_ioreq.o
 .debug_frame   0x00002d08       0x2c c:/program files (x86)/atollic/truestudio for stm32 9.3.0/armtools/bin/../lib/gcc/arm-atollic-eabi/6.3.1/../../../../arm-atollic-eabi/lib/armv7-m\libc_nano.a(lib_a-init.o)
 .debug_frame   0x00002d34       0x20 c:/program files (x86)/atollic/truestudio for stm32 9.3.0/armtools/bin/../lib/gcc/arm-atollic-eabi/6.3.1/../../../../arm-atollic-eabi/lib/armv7-m\libc_nano.a(lib_a-memset.o)
