stm32f1xx_hal_sd.c:2465:13:SD_DMATransmitCplt	0	static
stm32f1xx_hal_sd.c:2730:17:SD_PowerON	24	static
stm32f1xx_hal_sd.c:2820:13:SD_PowerOFF	8	static
stm32f1xx_hal_sd.c:3155:13:SD_Read_IT	24	static
stm32f1xx_hal_sd.c:3194:13:SD_Write_IT	32	static
stm32f1xx_hal_sd.c:2833:17:SD_SendSDStatus	48	static
stm32f1xx_hal_sd.c:3062:17:SD_FindSCR	56	static
stm32f1xx_hal_sd.c:2966:17:SD_WideBus_Enable	16	static
stm32f1xx_hal_sd.c:3013:17:SD_WideBus_Disable	16	static
stm32f1xx_hal_sd.c:2939:17:SD_SendStatus	16	static
stm32f1xx_hal_sd.c:500:13:HAL_SD_MspInit	0	static
stm32f1xx_hal_sd.c:515:13:HAL_SD_MspDeInit	0	static
stm32f1xx_hal_sd.c:459:19:HAL_SD_DeInit	8	static
stm32f1xx_hal_sd.c:556:19:HAL_SD_ReadBlocks	56	static
stm32f1xx_hal_sd.c:778:19:HAL_SD_WriteBlocks	64	static
stm32f1xx_hal_sd.c:973:19:HAL_SD_ReadBlocks_IT	48	static
stm32f1xx_hal_sd.c:1076:19:HAL_SD_WriteBlocks_IT	48	static
stm32f1xx_hal_sd.c:1180:19:HAL_SD_ReadBlocks_DMA	48	static
stm32f1xx_hal_sd.c:1304:19:HAL_SD_WriteBlocks_DMA	48	static
stm32f1xx_hal_sd.c:1426:19:HAL_SD_Erase	16	static
stm32f1xx_hal_sd.c:1723:21:HAL_SD_GetState	0	static
stm32f1xx_hal_sd.c:1734:10:HAL_SD_GetError	0	static
stm32f1xx_hal_sd.c:1744:13:HAL_SD_TxCpltCallback	0	static
stm32f1xx_hal_sd.c:1759:13:HAL_SD_RxCpltCallback	0	static
stm32f1xx_hal_sd.c:1774:13:HAL_SD_ErrorCallback	0	static
stm32f1xx_hal_sd.c:2478:13:SD_DMAReceiveCplt	8	static
stm32f1xx_hal_sd.c:1789:13:HAL_SD_AbortCallback	0	static
stm32f1xx_hal_sd.c:2000:19:HAL_SD_GetCardCID	0	static
stm32f1xx_hal_sd.c:2033:19:HAL_SD_GetCardCSD	4	static
stm32f1xx_hal_sd.c:2638:17:SD_InitCard	80	static
stm32f1xx_hal_sd.c:403:19:HAL_SD_InitCard	56	static
stm32f1xx_hal_sd.c:335:19:HAL_SD_Init	8	static
stm32f1xx_hal_sd.c:2147:19:HAL_SD_GetCardStatus	80	static
stm32f1xx_hal_sd.c:2195:19:HAL_SD_GetCardInfo	0	static
stm32f1xx_hal_sd.c:2220:19:HAL_SD_ConfigWideBusOperation	56	static
stm32f1xx_hal_sd.c:2291:25:HAL_SD_GetCardState	16	static
stm32f1xx_hal_sd.c:2520:13:SD_DMAError	8	static
stm32f1xx_hal_sd.c:2560:13:SD_DMATxAbort	8	static
stm32f1xx_hal_sd.c:2599:13:SD_DMARxAbort	8	static
stm32f1xx_hal_sd.c:1528:6:HAL_SD_IRQHandler	16	static
stm32f1xx_hal_sd.c:2314:19:HAL_SD_Abort	8	static
stm32f1xx_hal_sd.c:2378:19:HAL_SD_Abort_IT	8	static
