Archive member included to satisfy reference by file (symbol)

c:/program files (x86)/atollic/truestudio for stm32 9.3.0/armtools/bin/../lib/gcc/arm-atollic-eabi/6.3.1/../../../../arm-atollic-eabi/lib/armv7-m\libc_nano.a(lib_a-errno.o)
                              Src\syscalls.o (__errno)
c:/program files (x86)/atollic/truestudio for stm32 9.3.0/armtools/bin/../lib/gcc/arm-atollic-eabi/6.3.1/../../../../arm-atollic-eabi/lib/armv7-m\libc_nano.a(lib_a-impure.o)
                              c:/program files (x86)/atollic/truestudio for stm32 9.3.0/armtools/bin/../lib/gcc/arm-atollic-eabi/6.3.1/../../../../arm-atollic-eabi/lib/armv7-m\libc_nano.a(lib_a-errno.o) (_impure_ptr)
c:/program files (x86)/atollic/truestudio for stm32 9.3.0/armtools/bin/../lib/gcc/arm-atollic-eabi/6.3.1/../../../../arm-atollic-eabi/lib/armv7-m\libc_nano.a(lib_a-init.o)
                              startup\startup_stm32f103xg.o (__libc_init_array)
c:/program files (x86)/atollic/truestudio for stm32 9.3.0/armtools/bin/../lib/gcc/arm-atollic-eabi/6.3.1/../../../../arm-atollic-eabi/lib/armv7-m\libc_nano.a(lib_a-memcpy-stub.o)
                              Middlewares\Third_Party\FatFs\src\ff.o (memcpy)
c:/program files (x86)/atollic/truestudio for stm32 9.3.0/armtools/bin/../lib/gcc/arm-atollic-eabi/6.3.1/../../../../arm-atollic-eabi/lib/armv7-m\libc_nano.a(lib_a-memset.o)
                              Middlewares\Third_Party\FatFs\src\ff.o (memset)
c:/program files (x86)/atollic/truestudio for stm32 9.3.0/armtools/bin/../lib/gcc/arm-atollic-eabi/6.3.1/../../../../arm-atollic-eabi/lib/armv7-m\libc_nano.a(lib_a-sprintf.o)
                              Src\main.o (sprintf)
c:/program files (x86)/atollic/truestudio for stm32 9.3.0/armtools/bin/../lib/gcc/arm-atollic-eabi/6.3.1/../../../../arm-atollic-eabi/lib/armv7-m\libc_nano.a(lib_a-strlen.o)
                              Src\fonts.o (strlen)
c:/program files (x86)/atollic/truestudio for stm32 9.3.0/armtools/bin/../lib/gcc/arm-atollic-eabi/6.3.1/../../../../arm-atollic-eabi/lib/armv7-m\libc_nano.a(lib_a-nano-svfprintf.o)
                              c:/program files (x86)/atollic/truestudio for stm32 9.3.0/armtools/bin/../lib/gcc/arm-atollic-eabi/6.3.1/../../../../arm-atollic-eabi/lib/armv7-m\libc_nano.a(lib_a-sprintf.o) (_svfprintf_r)
c:/program files (x86)/atollic/truestudio for stm32 9.3.0/armtools/bin/../lib/gcc/arm-atollic-eabi/6.3.1/../../../../arm-atollic-eabi/lib/armv7-m\libc_nano.a(lib_a-nano-vfprintf_i.o)
                              c:/program files (x86)/atollic/truestudio for stm32 9.3.0/armtools/bin/../lib/gcc/arm-atollic-eabi/6.3.1/../../../../arm-atollic-eabi/lib/armv7-m\libc_nano.a(lib_a-nano-svfprintf.o) (_printf_i)
c:/program files (x86)/atollic/truestudio for stm32 9.3.0/armtools/bin/../lib/gcc/arm-atollic-eabi/6.3.1/../../../../arm-atollic-eabi/lib/armv7-m\libc_nano.a(lib_a-memchr-stub.o)
                              c:/program files (x86)/atollic/truestudio for stm32 9.3.0/armtools/bin/../lib/gcc/arm-atollic-eabi/6.3.1/../../../../arm-atollic-eabi/lib/armv7-m\libc_nano.a(lib_a-nano-svfprintf.o) (memchr)
c:/program files (x86)/atollic/truestudio for stm32 9.3.0/armtools/bin/../lib/gcc/arm-atollic-eabi/6.3.1/../../../../arm-atollic-eabi/lib/armv7-m\libc_nano.a(lib_a-memmove.o)
                              c:/program files (x86)/atollic/truestudio for stm32 9.3.0/armtools/bin/../lib/gcc/arm-atollic-eabi/6.3.1/../../../../arm-atollic-eabi/lib/armv7-m\libc_nano.a(lib_a-nano-svfprintf.o) (memmove)
c:/program files (x86)/atollic/truestudio for stm32 9.3.0/armtools/bin/../lib/gcc/arm-atollic-eabi/6.3.1/../../../../arm-atollic-eabi/lib/armv7-m\libc_nano.a(lib_a-nano-freer.o)
                              c:/program files (x86)/atollic/truestudio for stm32 9.3.0/armtools/bin/../lib/gcc/arm-atollic-eabi/6.3.1/../../../../arm-atollic-eabi/lib/armv7-m\libc_nano.a(lib_a-nano-svfprintf.o) (_free_r)
c:/program files (x86)/atollic/truestudio for stm32 9.3.0/armtools/bin/../lib/gcc/arm-atollic-eabi/6.3.1/../../../../arm-atollic-eabi/lib/armv7-m\libc_nano.a(lib_a-nano-mallocr.o)
                              c:/program files (x86)/atollic/truestudio for stm32 9.3.0/armtools/bin/../lib/gcc/arm-atollic-eabi/6.3.1/../../../../arm-atollic-eabi/lib/armv7-m\libc_nano.a(lib_a-nano-svfprintf.o) (_malloc_r)
c:/program files (x86)/atollic/truestudio for stm32 9.3.0/armtools/bin/../lib/gcc/arm-atollic-eabi/6.3.1/../../../../arm-atollic-eabi/lib/armv7-m\libc_nano.a(lib_a-nano-reallocr.o)
                              c:/program files (x86)/atollic/truestudio for stm32 9.3.0/armtools/bin/../lib/gcc/arm-atollic-eabi/6.3.1/../../../../arm-atollic-eabi/lib/armv7-m\libc_nano.a(lib_a-nano-svfprintf.o) (_realloc_r)
c:/program files (x86)/atollic/truestudio for stm32 9.3.0/armtools/bin/../lib/gcc/arm-atollic-eabi/6.3.1/../../../../arm-atollic-eabi/lib/armv7-m\libc_nano.a(lib_a-sbrkr.o)
[...]
Memory Configuration

Name             Origin             Length             Attributes
RAM              0x20000000         0x00018000         xrw
FLASH            0x08000000         0x000c0000         xr
*default*        0x00000000         0xffffffff

Linker script and memory map

LOAD c:/program files (x86)/atollic/truestudio for stm32 9.3.0/armtools/bin/../lib/gcc/arm-atollic-eabi/6.3.1/armv7-m/crti.o
LOAD c:/program files (x86)/atollic/truestudio for stm32 9.3.0/armtools/bin/../lib/gcc/arm-atollic-eabi/6.3.1/armv7-m/crtbegin.o
LOAD Drivers\STM32F1xx_HAL_Driver\Src\stm32f1xx_hal.o
LOAD Drivers\STM32F1xx_HAL_Driver\Src\stm32f1xx_hal_cortex.o
LOAD Drivers\STM32F1xx_HAL_Driver\Src\stm32f1xx_hal_dma.o
LOAD Drivers\STM32F1xx_HAL_Driver\Src\stm32f1xx_hal_exti.o
LOAD Drivers\STM32F1xx_HAL_Driver\Src\stm32f1xx_hal_flash.o
LOAD Drivers\STM32F1xx_HAL_Driver\Src\stm32f1xx_hal_flash_ex.o
LOAD Drivers\STM32F1xx_HAL_Driver\Src\stm32f1xx_hal_gpio.o
LOAD Drivers\STM32F1xx_HAL_Driver\Src\stm32f1xx_hal_gpio_ex.o
LOAD Drivers\STM32F1xx_HAL_Driver\Src\stm32f1xx_hal_i2c.o
LOAD Drivers\STM32F1xx_HAL_Driver\Src\stm32f1xx_hal_pcd.o
LOAD Drivers\STM32F1xx_HAL_Driver\Src\stm32f1xx_hal_pcd_ex.o
LOAD Drivers\STM32F1xx_HAL_Driver\Src\stm32f1xx_hal_pwr.o
LOAD Drivers\STM32F1xx_HAL_Driver\Src\stm32f1xx_hal_rcc.o
LOAD Drivers\STM32F1xx_HAL_Driver\Src\stm32f1xx_hal_rcc_ex.o
LOAD Drivers\STM32F1xx_HAL_Driver\Src\stm32f1xx_hal_sd.o
LOAD Drivers\STM32F1xx_HAL_Driver\Src\stm32f1xx_hal_spi.o
LOAD Drivers\STM32F1xx_HAL_Driver\Src\stm32f1xx_hal_tim.o
LOAD Drivers\STM32F1xx_HAL_Driver\Src\stm32f1xx_hal_tim_ex.o
LOAD Drivers\STM32F1xx_HAL_Driver\Src\stm32f1xx_ll_sdmmc.o
LOAD Drivers\STM32F1xx_HAL_Driver\Src\stm32f1xx_ll_usb.o
LOAD Middlewares\ST\STM32_USB_Device_Library\Class\CDC\Src\usbd_cdc.o
LOAD Middlewares\ST\STM32_USB_Device_Library\Core\Src\usbd_core.o
LOAD Middlewares\ST\STM32_USB_Device_Library\Core\Src\usbd_ctlreq.o
LOAD Middlewares\ST\STM32_USB_Device_Library\Core\Src\usbd_ioreq.o
LOAD Middlewares\Third_Party\FatFs\src\diskio.o
LOAD Middlewares\Third_Party\FatFs\src\drivers\sd_diskio.o
LOAD Middlewares\Third_Party\FatFs\src\ff.o
LOAD Middlewares\Third_Party\FatFs\src\ff_gen_drv.o
LOAD Middlewares\Third_Party\FatFs\src\option\ccsbcs.o
LOAD Middlewares\Third_Party\FatFs\src\option\syscall.o
LOAD Src\bsp_driver_sd.o
LOAD Src\dwt_stm32_delay.o
LOAD Src\fatfs.o
LOAD Src\flash.o
LOAD Src\fonts.o
LOAD Src\main.o
LOAD Src\ssd1306.o
LOAD Src\stm32f1xx_hal_msp.o
LOAD Src\stm32f1xx_it.o
LOAD Src\syscalls.o
LOAD Src\system_stm32f1xx.o
LOAD Src\usb_device.o
LOAD Src\usbd_cdc_if.o
LOAD Src\usbd_conf.o
LOAD Src\usbd_desc.o
LOAD Src\w25qxx.o
LOAD Src\ym2612.o
LOAD startup\startup_stm32f103xg.o
                0x00000080                malloc_getpagesize_P = 0x80
START GROUP
LOAD c:/program files (x86)/atollic/truestudio for stm32 9.3.0/armtools/bin/../lib/gcc/arm-atollic-eabi/6.3.1/../../../../arm-atollic-eabi/lib/armv7-m\libc_nano.a
LOAD c:/program files (x86)/atollic/truestudio for stm32 9.3.0/armtools/bin/../lib/gcc/arm-atollic-eabi/6.3.1/../../../../arm-atollic-eabi/lib/armv7-m\libm.a
END GROUP
START GROUP
LOAD c:/program files (x86)/atollic/truestudio for stm32 9.3.0/armtools/bin/../lib/gcc/arm-atollic-eabi/6.3.1/armv7-m\libgcc.a
LOAD c:/program files (x86)/atollic/truestudio for stm32 9.3.0/armtools/bin/../lib/gcc/arm-atollic-eabi/6.3.1/../../../../arm-atollic-eabi/lib/armv7-m\libc_nano.a
END GROUP
START GROUP
LOAD c:/program files (x86)/atollic/truestudio for stm32 9.3.0/armtools/bin/../lib/gcc/arm-atollic-eabi/6.3.1/armv7-m\libgcc.a
LOAD c:/program files (x86)/atollic/truestudio for stm32 9.3.0/armtools/bin/../lib/gcc/arm-atollic-eabi/6.3.1/../../../../arm-atollic-eabi/lib/armv7-m\libc_nano.a
LOAD c:/program files (x86)/atollic/truestudio for stm32 9.3.0/armtools/bin/../lib/gcc/arm-atollic-eabi/6.3.1/../../../../arm-atollic-eabi/lib/armv7-m\libnosys.a
END GROUP
START GROUP
LOAD c:/program files (x86)/atollic/truestudio for stm32 9.3.0/armtools/bin/../lib/gcc/arm-atollic-eabi/6.3.1/armv7-m\libgcc.a
LOAD c:/program files (x86)/atollic/truestudio for stm32 9.3.0/armtools/bin/../lib/gcc/arm-atollic-eabi/6.3.1/../../../../arm-atollic-eabi/lib/armv7-m\libc_nano.a
LOAD c:/program files (x86)/atollic/truestudio for stm32 9.3.0/armtools/bin/../lib/gcc/arm-atollic-eabi/6.3.1/../../../../arm-atollic-eabi/lib/armv7-m\libnosys.a
END GROUP
LOAD c:/program files (x86)/atollic/truestudio for stm32 9.3.0/armtools/bin/../lib/gcc/arm-atollic-eabi/6.3.1/armv7-m/crtend.o
LOAD c:/program files (x86)/atollic/truestudio for stm32 9.3.0/armtools/bin/../lib/gcc/arm-atollic-eabi/6.3.1/armv7-m/crtn.o
                0x20018000                _estack = 0x20018000
                0x00000200                _Min_Heap_Size = 0x200
                0x00000400                _Min_Stack_Size = 0x400

.isr_vector     0x08000000      0x1e4
                0x08000000                . = ALIGN (0x4)
 *(.isr_vector)
 .isr_vector    0x08000000      0x1e4 startup\startup_stm32f103xg.o
                0x08000000                g_pfnVectors
                0x080001e4                . = ALIGN (0x4)

.text           0x080001e4     0xcb00
                0x080001e4                . = ALIGN (0x4)
 *(.text)
 .text          0x080001e4       0x40 c:/program files (x86)/atollic/truestudio for stm32 9.3.0/armtools/bin/../lib/gcc/arm-atollic-eabi/6.3.1/armv7-m/crtbegin.o
 .text          0x08000224       0x10 c:/program files (x86)/atollic/truestudio for stm32 9.3.0/armtools/bin/../lib/gcc/arm-atollic-eabi/6.3.1/../../../../arm-atollic-eabi/lib/armv7-m\libc_nano.a(lib_a-strlen.o)
                0x08000224                strlen
 *(.text*)
 .text.HAL_InitTick
                0x08000234       0x48 Drivers\STM32F1xx_HAL_Driver\Src\stm32f1xx_hal.o
                0x08000234                HAL_InitTick
 .text.HAL_Init
                0x0800027c       0x24 Drivers\STM32F1xx_HAL_Driver\Src\stm32f1xx_hal.o
                0x0800027c                HAL_Init
 .text.HAL_IncTick
                0x080002a0       0x18 Drivers\STM32F1xx_HAL_Driver\Src\stm32f1xx_hal.o
                0x080002a0                HAL_IncTick
 .text.HAL_GetTick
                0x080002b8        0xc Drivers\STM32F1xx_HAL_Driver\Src\stm32f1xx_hal.o
                0x080002b8                HAL_GetTick
 .text.HAL_Delay
                0x080002c4       0x24 Drivers\STM32F1xx_HAL_Driver\Src\stm32f1xx_hal.o
                0x080002c4                HAL_Delay
 .text.HAL_NVIC_SetPriorityGrouping
                0x080002e8       0x24 Drivers\STM32F1xx_HAL_Driver\Src\stm32f1xx_hal_cortex.o
                0x080002e8                HAL_NVIC_SetPriorityGrouping
 .text.HAL_NVIC_SetPriority
                0x0800030c       0x6c Drivers\STM32F1xx_HAL_Driver\Src\stm32f1xx_hal_cortex.o
                0x0800030c                HAL_NVIC_SetPriority
 .text.HAL_NVIC_EnableIRQ
                0x08000378       0x1c Drivers\STM32F1xx_HAL_Driver\Src\stm32f1xx_hal_cortex.o
                0x08000378                HAL_NVIC_EnableIRQ
 .text.HAL_SYSTICK_Config
                0x08000394       0x30 Drivers\STM32F1xx_HAL_Driver\Src\stm32f1xx_hal_cortex.o
                0x08000394                HAL_SYSTICK_Config
 .text.HAL_GPIO_Init
                0x080003c4      0x244 Drivers\STM32F1xx_HAL_Driver\Src\stm32f1xx_hal_gpio.o
                0x080003c4                HAL_GPIO_Init
 .text.HAL_GPIO_WritePin
                0x08000608        0x8 Drivers\STM32F1xx_HAL_Driver\Src\stm32f1xx_hal_gpio.o
                0x08000608                HAL_GPIO_WritePin
 .text.HAL_GPIO_TogglePin
                0x08000610        0xc Drivers\STM32F1xx_HAL_Driver\Src\stm32f1xx_hal_gpio.o
                0x08000610                HAL_GPIO_TogglePin
 .text.HAL_I2C_Init
                0x0800061c      0x170 Drivers\STM32F1xx_HAL_Driver\Src\stm32f1xx_hal_i2c.o
                0x0800061c                HAL_I2C_Init
 .text.HAL_I2C_Master_Transmit
                0x0800078c      0x2e8 Drivers\STM32F1xx_HAL_Driver\Src\stm32f1xx_hal_i2c.o
                0x0800078c                HAL_I2C_Master_Transmit
 .text.HAL_I2C_IsDeviceReady
                0x08000a74      0x1fc Drivers\STM32F1xx_HAL_Driver\Src\stm32f1xx_hal_i2c.o
                0x08000a74                HAL_I2C_IsDeviceReady
 .text.HAL_PCD_Init
                0x08000c70      0x100 Drivers\STM32F1xx_HAL_Driver\Src\stm32f1xx_hal_pcd.o
                0x08000c70                HAL_PCD_Init
 .text.HAL_PCD_Start
                0x08000d70       0x30 Drivers\STM32F1xx_HAL_Driver\Src\stm32f1xx_hal_pcd.o
                0x08000d70                HAL_PCD_Start
 .text.HAL_PCD_IRQHandler
                0x08000da0      0x4d8 Drivers\STM32F1xx_HAL_Driver\Src\stm32f1xx_hal_pcd.o
                0x08000da0                HAL_PCD_IRQHandler
 .text.HAL_PCD_SetAddress
                0x08001278       0x28 Drivers\STM32F1xx_HAL_Driver\Src\stm32f1xx_hal_pcd.o
                0x08001278                HAL_PCD_SetAddress
 .text.HAL_PCD_EP_Open
                0x080012a0       0x68 Drivers\STM32F1xx_HAL_Driver\Src\stm32f1xx_hal_pcd.o
                0x080012a0                HAL_PCD_EP_Open
 .text.HAL_PCD_EP_Close
                0x08001308       0x54 Drivers\STM32F1xx_HAL_Driver\Src\stm32f1xx_hal_pcd.o
                0x08001308                HAL_PCD_EP_Close
 .text.HAL_PCD_EP_Receive
                0x0800135c       0x30 Drivers\STM32F1xx_HAL_Driver\Src\stm32f1xx_hal_pcd.o
                0x0800135c                HAL_PCD_EP_Receive
 .text.HAL_PCD_EP_GetRxCount
                0x0800138c       0x10 Drivers\STM32F1xx_HAL_Driver\Src\stm32f1xx_hal_pcd.o
                0x0800138c                HAL_PCD_EP_GetRxCount
 .text.HAL_PCD_EP_Transmit
                0x0800139c       0x2c Drivers\STM32F1xx_HAL_Driver\Src\stm32f1xx_hal_pcd.o
                0x0800139c                HAL_PCD_EP_Transmit
 .text.HAL_PCD_EP_SetStall
                0x080013c8       0x6c Drivers\STM32F1xx_HAL_Driver\Src\stm32f1xx_hal_pcd.o
                0x080013c8                HAL_PCD_EP_SetStall
 .text.HAL_PCD_EP_ClrStall
                0x08001434       0x68 Drivers\STM32F1xx_HAL_Driver\Src\stm32f1xx_hal_pcd.o
                0x08001434                HAL_PCD_EP_ClrStall
 .text.HAL_PCDEx_PMAConfig
                0x0800149c       0x34 Drivers\STM32F1xx_HAL_Driver\Src\stm32f1xx_hal_pcd_ex.o
                0x0800149c                HAL_PCDEx_PMAConfig
 .text.HAL_RCC_DeInit
                0x080014d0       0xe4 Drivers\STM32F1xx_HAL_Driver\Src\stm32f1xx_hal_rcc.o
                0x080014d0                HAL_RCC_DeInit
 .text.HAL_RCC_OscConfig
                0x080015b4      0x408 Drivers\STM32F1xx_HAL_Driver\Src\stm32f1xx_hal_rcc.o
                0x080015b4                HAL_RCC_OscConfig
 .text.HAL_RCC_ClockConfig
                0x080019bc      0x19c Drivers\STM32F1xx_HAL_Driver\Src\stm32f1xx_hal_rcc.o
                0x080019bc                HAL_RCC_ClockConfig
 .text.HAL_RCC_GetHCLKFreq
                0x08001b58        0xc Drivers\STM32F1xx_HAL_Driver\Src\stm32f1xx_hal_rcc.o
                0x08001b58                HAL_RCC_GetHCLKFreq
 .text.HAL_RCC_GetPCLK1Freq
                0x08001b64       0x20 Drivers\STM32F1xx_HAL_Driver\Src\stm32f1xx_hal_rcc.o
                0x08001b64                HAL_RCC_GetPCLK1Freq
 .text.HAL_RCCEx_PeriphCLKConfig
                0x08001b84      0x108 Drivers\STM32F1xx_HAL_Driver\Src\stm32f1xx_hal_rcc_ex.o
                0x08001b84                HAL_RCCEx_PeriphCLKConfig
 .text.SD_FindSCR
                0x08001c8c       0xd8 Drivers\STM32F1xx_HAL_Driver\Src\stm32f1xx_hal_sd.o
 .text.HAL_SD_ReadBlocks
                0x08001d64      0x258 Drivers\STM32F1xx_HAL_Driver\Src\stm32f1xx_hal_sd.o
                0x08001d64                HAL_SD_ReadBlocks
 .text.HAL_SD_WriteBlocks
                0x08001fbc      0x1d8 Drivers\STM32F1xx_HAL_Driver\Src\stm32f1xx_hal_sd.o
                0x08001fbc                HAL_SD_WriteBlocks
 .text.HAL_SD_GetCardCSD
                0x08002194      0x174 Drivers\STM32F1xx_HAL_Driver\Src\stm32f1xx_hal_sd.o
                0x08002194                HAL_SD_GetCardCSD
 .text.HAL_SD_Init
                0x08002308      0x214 Drivers\STM32F1xx_HAL_Driver\Src\stm32f1xx_hal_sd.o
                0x08002308                HAL_SD_Init
 .text.HAL_SD_GetCardInfo
                0x0800251c       0x28 Drivers\STM32F1xx_HAL_Driver\Src\stm32f1xx_hal_sd.o
                0x0800251c                HAL_SD_GetCardInfo
 .text.HAL_SD_ConfigWideBusOperation
                0x08002544      0x120 Drivers\STM32F1xx_HAL_Driver\Src\stm32f1xx_hal_sd.o
                0x08002544                HAL_SD_ConfigWideBusOperation
 .text.HAL_SD_GetCardState
                0x08002664       0x28 Drivers\STM32F1xx_HAL_Driver\Src\stm32f1xx_hal_sd.o
                0x08002664                HAL_SD_GetCardState
 .text.HAL_SPI_Init
                0x0800268c       0x80 Drivers\STM32F1xx_HAL_Driver\Src\stm32f1xx_hal_spi.o
                0x0800268c                HAL_SPI_Init
 .text.HAL_SPI_Transmit
                0x0800270c      0x238 Drivers\STM32F1xx_HAL_Driver\Src\stm32f1xx_hal_spi.o
                0x0800270c                HAL_SPI_Transmit
 .text.HAL_SPI_Receive
                0x08002944      0x550 Drivers\STM32F1xx_HAL_Driver\Src\stm32f1xx_hal_spi.o
                0x08002944                HAL_SPI_Receive
 .text.HAL_TIM_Base_Init
                0x08002e94      0x108 Drivers\STM32F1xx_HAL_Driver\Src\stm32f1xx_hal_tim.o
                0x08002e94                HAL_TIM_Base_Init
 .text.HAL_TIM_Base_Start_IT
                0x08002f9c       0x20 Drivers\STM32F1xx_HAL_Driver\Src\stm32f1xx_hal_tim.o
                0x08002f9c                HAL_TIM_Base_Start_IT
 .text.HAL_TIM_Base_Stop_IT
                0x08002fbc       0x2c Drivers\STM32F1xx_HAL_Driver\Src\stm32f1xx_hal_tim.o
                0x08002fbc                HAL_TIM_Base_Stop_IT
 .text.HAL_TIM_OC_DelayElapsedCallback
                0x08002fe8        0x4 Drivers\STM32F1xx_HAL_Driver\Src\stm32f1xx_hal_tim.o
                0x08002fe8                HAL_TIM_OC_DelayElapsedCallback
 .text.HAL_TIM_IC_CaptureCallback
                0x08002fec        0x4 Drivers\STM32F1xx_HAL_Driver\Src\stm32f1xx_hal_tim.o
                0x08002fec                HAL_TIM_IC_CaptureCallback
 .text.HAL_TIM_PWM_PulseFinishedCallback
                0x08002ff0        0x4 Drivers\STM32F1xx_HAL_Driver\Src\stm32f1xx_hal_tim.o
                0x08002ff0                HAL_TIM_PWM_PulseFinishedCallback
 .text.HAL_TIM_TriggerCallback
                0x08002ff4        0x4 Drivers\STM32F1xx_HAL_Driver\Src\stm32f1xx_hal_tim.o
                0x08002ff4                HAL_TIM_TriggerCallback
 .text.HAL_TIM_IRQHandler
                0x08002ff8      0x154 Drivers\STM32F1xx_HAL_Driver\Src\stm32f1xx_hal_tim.o
                0x08002ff8                HAL_TIM_IRQHandler
 .text.HAL_TIMEx_MasterConfigSynchronization
                0x0800314c       0x44 Drivers\STM32F1xx_HAL_Driver\Src\stm32f1xx_hal_tim_ex.o
                0x0800314c                HAL_TIMEx_MasterConfigSynchronization
 .text.HAL_TIMEx_CommutCallback
                0x08003190        0x4 Drivers\STM32F1xx_HAL_Driver\Src\stm32f1xx_hal_tim_ex.o
                0x08003190                HAL_TIMEx_CommutCallback
 .text.HAL_TIMEx_BreakCallback
                0x08003194        0x4 Drivers\STM32F1xx_HAL_Driver\Src\stm32f1xx_hal_tim_ex.o
                0x08003194                HAL_TIMEx_BreakCallback
 .text.SDMMC_GetCmdResp1.part.2
                0x08003198       0xc8 Drivers\STM32F1xx_HAL_Driver\Src\stm32f1xx_ll_sdmmc.o
 .text.SDIO_Init
                0x08003260       0x38 Drivers\STM32F1xx_HAL_Driver\Src\stm32f1xx_ll_sdmmc.o
                0x08003260                SDIO_Init
 .text.SDIO_ReadFIFO
                0x08003298        0x8 Drivers\STM32F1xx_HAL_Driver\Src\stm32f1xx_ll_sdmmc.o
                0x08003298                SDIO_ReadFIFO
 .text.SDIO_WriteFIFO
                0x080032a0        0xc Drivers\STM32F1xx_HAL_Driver\Src\stm32f1xx_ll_sdmmc.o
                0x080032a0                SDIO_WriteFIFO
 .text.SDIO_PowerState_ON
                0x080032ac       0x14 Drivers\STM32F1xx_HAL_Driver\Src\stm32f1xx_ll_sdmmc.o
                0x080032ac                SDIO_PowerState_ON
 .text.SDIO_GetPowerState
                0x080032c0        0x8 Drivers\STM32F1xx_HAL_Driver\Src\stm32f1xx_ll_sdmmc.o
                0x080032c0                SDIO_GetPowerState
 .text.SDIO_GetResponse
                0x080032c8        0x8 Drivers\STM32F1xx_HAL_Driver\Src\stm32f1xx_ll_sdmmc.o
                0x080032c8                SDIO_GetResponse
 .text.SDIO_ConfigData
                0x080032d0       0x28 Drivers\STM32F1xx_HAL_Driver\Src\stm32f1xx_ll_sdmmc.o
                0x080032d0                SDIO_ConfigData
 .text.SDMMC_CmdBlockLength
                0x080032f8       0x80 Drivers\STM32F1xx_HAL_Driver\Src\stm32f1xx_ll_sdmmc.o
                0x080032f8                SDMMC_CmdBlockLength
 .text.SDMMC_CmdReadSingleBlock
                0x08003378       0x84 Drivers\STM32F1xx_HAL_Driver\Src\stm32f1xx_ll_sdmmc.o
                0x08003378                SDMMC_CmdReadSingleBlock
 .text.SDMMC_CmdReadMultiBlock
                0x080033fc       0x84 Drivers\STM32F1xx_HAL_Driver\Src\stm32f1xx_ll_sdmmc.o
                0x080033fc                SDMMC_CmdReadMultiBlock
 .text.SDMMC_CmdWriteSingleBlock
                0x08003480       0x80 Drivers\STM32F1xx_HAL_Driver\Src\stm32f1xx_ll_sdmmc.o
                0x08003480                SDMMC_CmdWriteSingleBlock
 .text.SDMMC_CmdWriteMultiBlock
                0x08003500       0x84 Drivers\STM32F1xx_HAL_Driver\Src\stm32f1xx_ll_sdmmc.o
                0x08003500                SDMMC_CmdWriteMultiBlock
 .text.SDMMC_CmdStopTransfer
                0x08003584       0x7c Drivers\STM32F1xx_HAL_Driver\Src\stm32f1xx_ll_sdmmc.o
                0x08003584                SDMMC_CmdStopTransfer
 .text.SDMMC_CmdSelDesel
                0x08003600       0x84 Drivers\STM32F1xx_HAL_Driver\Src\stm32f1xx_ll_sdmmc.o
                0x08003600                SDMMC_CmdSelDesel
 .text.SDMMC_CmdGoIdleState
                0x08003684       0x54 Drivers\STM32F1xx_HAL_Driver\Src\stm32f1xx_ll_sdmmc.o
                0x08003684                SDMMC_CmdGoIdleState
 .text.SDMMC_CmdOperCond
                0x080036d8       0x80 Drivers\STM32F1xx_HAL_Driver\Src\stm32f1xx_ll_sdmmc.o
                0x080036d8                SDMMC_CmdOperCond
 .text.SDMMC_CmdAppCommand
                0x08003758       0x84 Drivers\STM32F1xx_HAL_Driver\Src\stm32f1xx_ll_sdmmc.o
                0x08003758                SDMMC_CmdAppCommand
 .text.SDMMC_CmdAppOperCommand
                0x080037dc       0x6c Drivers\STM32F1xx_HAL_Driver\Src\stm32f1xx_ll_sdmmc.o
                0x080037dc                SDMMC_CmdAppOperCommand
 .text.SDMMC_CmdBusWidth
                0x08003848       0x84 Drivers\STM32F1xx_HAL_Driver\Src\stm32f1xx_ll_sdmmc.o
                0x08003848                SDMMC_CmdBusWidth
 .text.SDMMC_CmdSendSCR
                0x080038cc       0x84 Drivers\STM32F1xx_HAL_Driver\Src\stm32f1xx_ll_sdmmc.o
                0x080038cc                SDMMC_CmdSendSCR
 .text.SDMMC_CmdSendCID
                0x08003950       0x74 Drivers\STM32F1xx_HAL_Driver\Src\stm32f1xx_ll_sdmmc.o
                0x08003950                SDMMC_CmdSendCID
 .text.SDMMC_CmdSendCSD
                0x080039c4       0x74 Drivers\STM32F1xx_HAL_Driver\Src\stm32f1xx_ll_sdmmc.o
                0x080039c4                SDMMC_CmdSendCSD
 .text.SDMMC_CmdSetRelAdd
                0x08003a38       0xa8 Drivers\STM32F1xx_HAL_Driver\Src\stm32f1xx_ll_sdmmc.o
                0x08003a38                SDMMC_CmdSetRelAdd
 .text.SDMMC_CmdSendStatus
                0x08003ae0       0x84 Drivers\STM32F1xx_HAL_Driver\Src\stm32f1xx_ll_sdmmc.o
                0x08003ae0                SDMMC_CmdSendStatus
 .text.USB_CoreInit
                0x08003b64       0x10 Drivers\STM32F1xx_HAL_Driver\Src\stm32f1xx_ll_usb.o
                0x08003b64                USB_CoreInit
 .text.USB_EnableGlobalInt
                0x08003b74       0x14 Drivers\STM32F1xx_HAL_Driver\Src\stm32f1xx_ll_usb.o
                0x08003b74                USB_EnableGlobalInt
 .text.USB_DisableGlobalInt
                0x08003b88       0x14 Drivers\STM32F1xx_HAL_Driver\Src\stm32f1xx_ll_usb.o
                0x08003b88                USB_DisableGlobalInt
 .text.USB_SetCurrentMode
                0x08003b9c        0x4 Drivers\STM32F1xx_HAL_Driver\Src\stm32f1xx_ll_usb.o
                0x08003b9c                USB_SetCurrentMode
 .text.USB_DevInit
                0x08003ba0       0x34 Drivers\STM32F1xx_HAL_Driver\Src\stm32f1xx_ll_usb.o
                0x08003ba0                USB_DevInit
 .text.USB_ActivateEndpoint
                0x08003bd4      0x34c Drivers\STM32F1xx_HAL_Driver\Src\stm32f1xx_ll_usb.o
                0x08003bd4                USB_ActivateEndpoint
 .text.USB_DeactivateEndpoint
                0x08003f20      0x1e8 Drivers\STM32F1xx_HAL_Driver\Src\stm32f1xx_ll_usb.o
                0x08003f20                USB_DeactivateEndpoint
 .text.USB_EPStartXfer
                0x08004108      0x294 Drivers\STM32F1xx_HAL_Driver\Src\stm32f1xx_ll_usb.o
                0x08004108                USB_EPStartXfer
 .text.USB_EPSetStall
                0x0800439c       0x50 Drivers\STM32F1xx_HAL_Driver\Src\stm32f1xx_ll_usb.o
                0x0800439c                USB_EPSetStall
 .text.USB_EPClearStall
                0x080043ec       0xb0 Drivers\STM32F1xx_HAL_Driver\Src\stm32f1xx_ll_usb.o
                0x080043ec                USB_EPClearStall
 .text.USB_SetDevAddress
                0x0800449c        0xc Drivers\STM32F1xx_HAL_Driver\Src\stm32f1xx_ll_usb.o
                0x0800449c                USB_SetDevAddress
 .text.USB_DevConnect
                0x080044a8        0x4 Drivers\STM32F1xx_HAL_Driver\Src\stm32f1xx_ll_usb.o
                0x080044a8                USB_DevConnect
 .text.USB_DevDisconnect
                0x080044ac        0x4 Drivers\STM32F1xx_HAL_Driver\Src\stm32f1xx_ll_usb.o
                0x080044ac                USB_DevDisconnect
 .text.USB_ReadInterrupts
                0x080044b0        0x8 Drivers\STM32F1xx_HAL_Driver\Src\stm32f1xx_ll_usb.o
                0x080044b0                USB_ReadInterrupts
 .text.USB_EP0_OutStart
                0x080044b8        0x4 Drivers\STM32F1xx_HAL_Driver\Src\stm32f1xx_ll_usb.o
                0x080044b8                USB_EP0_OutStart
 .text.USB_ReadPMA
                0x080044bc       0x4c Drivers\STM32F1xx_HAL_Driver\Src\stm32f1xx_ll_usb.o
                0x080044bc                USB_ReadPMA
 .text.USBD_CDC_EP0_RxReady
                0x08004508       0x28 Middlewares\ST\STM32_USB_Device_Library\Class\CDC\Src\usbd_cdc.o
 .text.USBD_CDC_GetFSCfgDesc
                0x08004530        0xc Middlewares\ST\STM32_USB_Device_Library\Class\CDC\Src\usbd_cdc.o
 .text.USBD_CDC_GetHSCfgDesc
                0x0800453c        0xc Middlewares\ST\STM32_USB_Device_Library\Class\CDC\Src\usbd_cdc.o
 .text.USBD_CDC_GetOtherSpeedCfgDesc
                0x08004548        0xc Middlewares\ST\STM32_USB_Device_Library\Class\CDC\Src\usbd_cdc.o
 .text.USBD_CDC_GetDeviceQualifierDescriptor
                0x08004554        0xc Middlewares\ST\STM32_USB_Device_Library\Class\CDC\Src\usbd_cdc.o
                0x08004554                USBD_CDC_GetDeviceQualifierDescriptor
 .text.USBD_CDC_DataOut
                0x08004560       0x30 Middlewares\ST\STM32_USB_Device_Library\Class\CDC\Src\usbd_cdc.o
 .text.USBD_CDC_DataIn
                0x08004590       0x44 Middlewares\ST\STM32_USB_Device_Library\Class\CDC\Src\usbd_cdc.o
 .text.USBD_CDC_Setup
                0x080045d4       0xdc Middlewares\ST\STM32_USB_Device_Library\Class\CDC\Src\usbd_cdc.o
 .text.USBD_CDC_DeInit
                0x080046b0       0x44 Middlewares\ST\STM32_USB_Device_Library\Class\CDC\Src\usbd_cdc.o
 .text.USBD_CDC_Init
                0x080046f4       0xb0 Middlewares\ST\STM32_USB_Device_Library\Class\CDC\Src\usbd_cdc.o
 .text.USBD_CDC_RegisterInterface
                0x080047a4       0x10 Middlewares\ST\STM32_USB_Device_Library\Class\CDC\Src\usbd_cdc.o
                0x080047a4                USBD_CDC_RegisterInterface
 .text.USBD_CDC_SetTxBuffer
                0x080047b4       0x10 Middlewares\ST\STM32_USB_Device_Library\Class\CDC\Src\usbd_cdc.o
                0x080047b4                USBD_CDC_SetTxBuffer
 .text.USBD_CDC_SetRxBuffer
                0x080047c4        0xc Middlewares\ST\STM32_USB_Device_Library\Class\CDC\Src\usbd_cdc.o
                0x080047c4                USBD_CDC_SetRxBuffer
 .text.USBD_CDC_TransmitPacket
                0x080047d0       0x34 Middlewares\ST\STM32_USB_Device_Library\Class\CDC\Src\usbd_cdc.o
                0x080047d0                USBD_CDC_TransmitPacket
 .text.USBD_CDC_ReceivePacket
                0x08004804       0x30 Middlewares\ST\STM32_USB_Device_Library\Class\CDC\Src\usbd_cdc.o
                0x08004804                USBD_CDC_ReceivePacket
 .text.USBD_Init
                0x08004834       0x2c Middlewares\ST\STM32_USB_Device_Library\Core\Src\usbd_core.o
                0x08004834                USBD_Init
 .text.USBD_RegisterClass
                0x08004860       0x10 Middlewares\ST\STM32_USB_Device_Library\Core\Src\usbd_core.o
                0x08004860                USBD_RegisterClass
 .text.USBD_Start
                0x08004870        0xc Middlewares\ST\STM32_USB_Device_Library\Core\Src\usbd_core.o
                0x08004870                USBD_Start
 .text.USBD_SetClassConfig
                0x0800487c       0x14 Middlewares\ST\STM32_USB_Device_Library\Core\Src\usbd_core.o
                0x0800487c                USBD_SetClassConfig
 .text.USBD_ClrClassConfig
                0x08004890       0x10 Middlewares\ST\STM32_USB_Device_Library\Core\Src\usbd_core.o
                0x08004890                USBD_ClrClassConfig
 .text.USBD_LL_SetupStage
                0x080048a0       0x60 Middlewares\ST\STM32_USB_Device_Library\Core\Src\usbd_core.o
                0x080048a0                USBD_LL_SetupStage
 .text.USBD_LL_DataOutStage
                0x08004900       0x80 Middlewares\ST\STM32_USB_Device_Library\Core\Src\usbd_core.o
                0x08004900                USBD_LL_DataOutStage
 .text.USBD_LL_DataInStage
                0x08004980       0xc0 Middlewares\ST\STM32_USB_Device_Library\Core\Src\usbd_core.o
                0x08004980                USBD_LL_DataInStage
 .text.USBD_LL_Reset
                0x08004a40       0x50 Middlewares\ST\STM32_USB_Device_Library\Core\Src\usbd_core.o
                0x08004a40                USBD_LL_Reset
 .text.USBD_LL_SetSpeed
                0x08004a90        0x8 Middlewares\ST\STM32_USB_Device_Library\Core\Src\usbd_core.o
                0x08004a90                USBD_LL_SetSpeed
 .text.USBD_LL_Suspend
                0x08004a98       0x14 Middlewares\ST\STM32_USB_Device_Library\Core\Src\usbd_core.o
                0x08004a98                USBD_LL_Suspend
 .text.USBD_LL_Resume
                0x08004aac       0x14 Middlewares\ST\STM32_USB_Device_Library\Core\Src\usbd_core.o
                0x08004aac                USBD_LL_Resume
 .text.USBD_LL_SOF
                0x08004ac0       0x1c Middlewares\ST\STM32_USB_Device_Library\Core\Src\usbd_core.o
                0x08004ac0                USBD_LL_SOF
 .text.USBD_StdDevReq
                0x08004adc      0x2e0 Middlewares\ST\STM32_USB_Device_Library\Core\Src\usbd_ctlreq.o
                0x08004adc                USBD_StdDevReq
 .text.USBD_StdItfReq
                0x08004dbc       0x6c Middlewares\ST\STM32_USB_Device_Library\Core\Src\usbd_ctlreq.o
                0x08004dbc                USBD_StdItfReq
 .text.USBD_StdEPReq
                0x08004e28      0x150 Middlewares\ST\STM32_USB_Device_Library\Core\Src\usbd_ctlreq.o
                0x08004e28                USBD_StdEPReq
 .text.USBD_ParseSetupRequest
                0x08004f78       0x28 Middlewares\ST\STM32_USB_Device_Library\Core\Src\usbd_ctlreq.o
                0x08004f78                USBD_ParseSetupRequest
 .text.USBD_CtlError
                0x08004fa0       0x18 Middlewares\ST\STM32_USB_Device_Library\Core\Src\usbd_ctlreq.o
                0x08004fa0                USBD_CtlError
 .text.USBD_GetString
                0x08004fb8       0x48 Middlewares\ST\STM32_USB_Device_Library\Core\Src\usbd_ctlreq.o
                0x08004fb8                USBD_GetString
 .text.USBD_CtlSendData
                0x08005000       0x1c Middlewares\ST\STM32_USB_Device_Library\Core\Src\usbd_ioreq.o
                0x08005000                USBD_CtlSendData
 .text.USBD_CtlContinueSendData
                0x0800501c       0x10 Middlewares\ST\STM32_USB_Device_Library\Core\Src\usbd_ioreq.o
                0x0800501c                USBD_CtlContinueSendData
 .text.USBD_CtlPrepareRx
                0x0800502c       0x20 Middlewares\ST\STM32_USB_Device_Library\Core\Src\usbd_ioreq.o
                0x0800502c                USBD_CtlPrepareRx
 .text.USBD_CtlContinueRx
                0x0800504c       0x10 Middlewares\ST\STM32_USB_Device_Library\Core\Src\usbd_ioreq.o
                0x0800504c                USBD_CtlContinueRx
 .text.USBD_CtlSendStatus
                0x0800505c       0x18 Middlewares\ST\STM32_USB_Device_Library\Core\Src\usbd_ioreq.o
                0x0800505c                USBD_CtlSendStatus
 .text.USBD_CtlReceiveStatus
                0x08005074       0x18 Middlewares\ST\STM32_USB_Device_Library\Core\Src\usbd_ioreq.o
                0x08005074                USBD_CtlReceiveStatus
 .text.disk_status
                0x0800508c       0x14 Middlewares\Third_Party\FatFs\src\diskio.o
                0x0800508c                disk_status
 .text.disk_initialize
                0x080050a0       0x20 Middlewares\Third_Party\FatFs\src\diskio.o
                0x080050a0                disk_initialize
 .text.disk_read
                0x080050c0       0x1c Middlewares\Third_Party\FatFs\src\diskio.o
                0x080050c0                disk_read
 .text.disk_write
                0x080050dc       0x1c Middlewares\Third_Party\FatFs\src\diskio.o
                0x080050dc                disk_write
 .text.disk_ioctl
                0x080050f8       0x1c Middlewares\Third_Party\FatFs\src\diskio.o
                0x080050f8                disk_ioctl
 .text.SD_initialize
                0x08005114       0x20 Middlewares\Third_Party\FatFs\src\drivers\sd_diskio.o
                0x08005114                SD_initialize
 .text.SD_status
                0x08005134       0x20 Middlewares\Third_Party\FatFs\src\drivers\sd_diskio.o
                0x08005134                SD_status
 .text.SD_read  0x08005154       0x30 Middlewares\Third_Party\FatFs\src\drivers\sd_diskio.o
                0x08005154                SD_read
 .text.SD_ioctl
                0x08005184       0x58 Middlewares\Third_Party\FatFs\src\drivers\sd_diskio.o
                0x08005184                SD_ioctl
 .text.SD_write
                0x080051dc       0x30 Middlewares\Third_Party\FatFs\src\drivers\sd_diskio.o
                0x080051dc                SD_write
 .text.get_fileinfo
                0x0800520c      0x100 Middlewares\Third_Party\FatFs\src\ff.o
 .text.sync_window.part.2
                0x0800530c       0x70 Middlewares\Third_Party\FatFs\src\ff.o
 .text.move_window
                0x0800537c       0xa8 Middlewares\Third_Party\FatFs\src\ff.o
 .text.sync_fs  0x08005424      0x130 Middlewares\Third_Party\FatFs\src\ff.o
 .text.find_volume
                0x08005554      0x5ac Middlewares\Third_Party\FatFs\src\ff.o
 .text.put_fat.part.6
                0x08005b00      0x3f4 Middlewares\Third_Party\FatFs\src\ff.o
 .text.remove_chain.part.8
                0x08005ef4      0x420 Middlewares\Third_Party\FatFs\src\ff.o
 .text.get_fat.part.5
                0x08006314      0x37c Middlewares\Third_Party\FatFs\src\ff.o
 .text.dir_sdi  0x08006690      0x104 Middlewares\Third_Party\FatFs\src\ff.o
 .text.create_chain
                0x08006794      0x47c Middlewares\Third_Party\FatFs\src\ff.o
 .text.dir_next
                0x08006c10      0x1b4 Middlewares\Third_Party\FatFs\src\ff.o
 .text.f_read.part.9
                0x08006dc4      0x400 Middlewares\Third_Party\FatFs\src\ff.o
 .text.dir_find.part.7
                0x080071c4      0x3f4 Middlewares\Third_Party\FatFs\src\ff.o
 .text.dir_register
                0x080075b8      0xb1c Middlewares\Third_Party\FatFs\src\ff.o
 .text.follow_path
                0x080080d4      0x318 Middlewares\Third_Party\FatFs\src\ff.o
 .text.dir_read.constprop.13
                0x080083ec      0x534 Middlewares\Third_Party\FatFs\src\ff.o
 .text.f_mount  0x08008920       0x8c Middlewares\Third_Party\FatFs\src\ff.o
                0x08008920                f_mount
 .text.f_open   0x080089ac      0xa08 Middlewares\Third_Party\FatFs\src\ff.o
                0x080089ac                f_open
 .text.f_read   0x080093b4       0x70 Middlewares\Third_Party\FatFs\src\ff.o
                0x080093b4                f_read
 .text.f_close  0x08009424      0x218 Middlewares\Third_Party\FatFs\src\ff.o
                0x08009424                f_close
 .text.f_opendir
                0x0800963c      0x71c Middlewares\Third_Party\FatFs\src\ff.o
                0x0800963c                f_opendir
 .text.f_readdir
                0x08009d58      0x164 Middlewares\Third_Party\FatFs\src\ff.o
                0x08009d58                f_readdir
 .text.FATFS_LinkDriver
                0x08009ebc       0x50 Middlewares\Third_Party\FatFs\src\ff_gen_drv.o
                0x08009ebc                FATFS_LinkDriver
 .text.ff_convert
                0x08009f0c       0x48 Middlewares\Third_Party\FatFs\src\option\ccsbcs.o
                0x08009f0c                ff_convert
 .text.ff_wtoupper
                0x08009f54       0x30 Middlewares\Third_Party\FatFs\src\option\ccsbcs.o
                0x08009f54                ff_wtoupper
 .text.BSP_SD_Init
                0x08009f84       0x38 Src\bsp_driver_sd.o
                0x08009f84                BSP_SD_Init
 .text.BSP_SD_ReadBlocks
                0x08009fbc       0x24 Src\bsp_driver_sd.o
                0x08009fbc                BSP_SD_ReadBlocks
 .text.BSP_SD_WriteBlocks
                0x08009fe0       0x24 Src\bsp_driver_sd.o
                0x08009fe0                BSP_SD_WriteBlocks
 .text.BSP_SD_GetCardState
                0x0800a004       0x14 Src\bsp_driver_sd.o
                0x0800a004                BSP_SD_GetCardState
 .text.BSP_SD_GetCardInfo
                0x0800a018        0xc Src\bsp_driver_sd.o
                0x0800a018                BSP_SD_GetCardInfo
 .text.DWT_Delay_Init
                0x0800a024       0x40 Src\dwt_stm32_delay.o
                0x0800a024                DWT_Delay_Init
 .text.MX_FATFS_Init
                0x0800a064       0x1c Src\fatfs.o
                0x0800a064                MX_FATFS_Init
 .text.get_fattime
                0x0800a080        0x4 Src\fatfs.o
                0x0800a080                get_fattime
 .text.HAL_TIM_PeriodElapsedCallback
                0x0800a084       0x5c Src\main.o
                0x0800a084                HAL_TIM_PeriodElapsedCallback
 .text.SystemClock_Config_Normal
                0x0800a0e0       0x6c Src\main.o
                0x0800a0e0                SystemClock_Config_Normal
 .text.startup.main
                0x0800a14c      0xc18 Src\main.o
                0x0800a14c                main
 .text.Error_Handler
                0x0800ad64        0x4 Src\main.o
                0x0800ad64                Error_Handler
 .text.ssd1306_I2C_WriteMulti.constprop.2
                0x0800ad68       0x50 Src\ssd1306.o
 .text.SSD1306_Init
                0x0800adb8      0x2e4 Src\ssd1306.o
                0x0800adb8                SSD1306_Init
 .text.SSD1306_UpdateScreen
                0x0800b09c       0x78 Src\ssd1306.o
                0x0800b09c                SSD1306_UpdateScreen
 .text.SSD1306_GotoXY
                0x0800b114        0xc Src\ssd1306.o
                0x0800b114                SSD1306_GotoXY
 .text.SSD1306_Putc
                0x0800b120      0x1cc Src\ssd1306.o
                0x0800b120                SSD1306_Putc
 .text.SSD1306_Puts
                0x0800b2ec       0x2c Src\ssd1306.o
                0x0800b2ec                SSD1306_Puts
 .text.HAL_MspInit
                0x0800b318       0x44 Src\stm32f1xx_hal_msp.o
                0x0800b318                HAL_MspInit
 .text.HAL_I2C_MspInit
                0x0800b35c       0x68 Src\stm32f1xx_hal_msp.o
                0x0800b35c                HAL_I2C_MspInit
 .text.HAL_SD_MspInit
                0x0800b3c4       0x90 Src\stm32f1xx_hal_msp.o
                0x0800b3c4                HAL_SD_MspInit
 .text.HAL_SPI_MspInit
                0x0800b454       0x84 Src\stm32f1xx_hal_msp.o
                0x0800b454                HAL_SPI_MspInit
 .text.HAL_TIM_Base_MspInit
                0x0800b4d8       0x3c Src\stm32f1xx_hal_msp.o
                0x0800b4d8                HAL_TIM_Base_MspInit
 .text.NMI_Handler
                0x0800b514        0x4 Src\stm32f1xx_it.o
                0x0800b514                NMI_Handler
 .text.HardFault_Handler
                0x0800b518        0x4 Src\stm32f1xx_it.o
                0x0800b518                HardFault_Handler
 .text.MemManage_Handler
                0x0800b51c        0x4 Src\stm32f1xx_it.o
                0x0800b51c                MemManage_Handler
 .text.BusFault_Handler
                0x0800b520        0x4 Src\stm32f1xx_it.o
                0x0800b520                BusFault_Handler
 .text.UsageFault_Handler
                0x0800b524        0x4 Src\stm32f1xx_it.o
                0x0800b524                UsageFault_Handler
 .text.SVC_Handler
                0x0800b528        0x4 Src\stm32f1xx_it.o
                0x0800b528                SVC_Handler
 .text.DebugMon_Handler
                0x0800b52c        0x4 Src\stm32f1xx_it.o
                0x0800b52c                DebugMon_Handler
 .text.PendSV_Handler
                0x0800b530        0x4 Src\stm32f1xx_it.o
                0x0800b530                PendSV_Handler
 .text.SysTick_Handler
                0x0800b534        0x4 Src\stm32f1xx_it.o
                0x0800b534                SysTick_Handler
 .text.USB_LP_CAN1_RX0_IRQHandler
                0x0800b538        0xc Src\stm32f1xx_it.o
                0x0800b538                USB_LP_CAN1_RX0_IRQHandler
 .text.TIM6_IRQHandler
                0x0800b544        0xc Src\stm32f1xx_it.o
                0x0800b544                TIM6_IRQHandler
 .text._sbrk    0x0800b550       0x38 Src\syscalls.o
                0x0800b550                _sbrk
 .text.SystemInit
                0x0800b588       0x50 Src\system_stm32f1xx.o
                0x0800b588                SystemInit
 .text.MX_USB_DEVICE_Init
                0x0800b5d8       0x58 Src\usb_device.o
                0x0800b5d8                MX_USB_DEVICE_Init
 .text.CDC_DeInit_FS
                0x0800b630        0x4 Src\usbd_cdc_if.o
 .text.CDC_Control_FS
                0x0800b634        0x4 Src\usbd_cdc_if.o
 .text.CDC_Receive_FS
                0x0800b638       0x74 Src\usbd_cdc_if.o
 .text.CDC_Init_FS
                0x0800b6ac       0x28 Src\usbd_cdc_if.o
 .text.CDC_Transmit_FS
                0x0800b6d4       0x2c Src\usbd_cdc_if.o
                0x0800b6d4                CDC_Transmit_FS
 .text.HAL_PCD_MspInit
                0x0800b700       0x3c Src\usbd_conf.o
                0x0800b700                HAL_PCD_MspInit
 .text.HAL_PCD_SetupStageCallback
                0x0800b73c        0xc Src\usbd_conf.o
                0x0800b73c                HAL_PCD_SetupStageCallback
 .text.HAL_PCD_DataOutStageCallback
                0x0800b748       0x10 Src\usbd_conf.o
                0x0800b748                HAL_PCD_DataOutStageCallback
 .text.HAL_PCD_DataInStageCallback
                0x0800b758       0x10 Src\usbd_conf.o
                0x0800b758                HAL_PCD_DataInStageCallback
 .text.HAL_PCD_SOFCallback
                0x0800b768        0x8 Src\usbd_conf.o
                0x0800b768                HAL_PCD_SOFCallback
 .text.HAL_PCD_ResetCallback
                0x0800b770       0x24 Src\usbd_conf.o
                0x0800b770                HAL_PCD_ResetCallback
 .text.HAL_PCD_SuspendCallback
                0x0800b794       0x20 Src\usbd_conf.o
                0x0800b794                HAL_PCD_SuspendCallback
 .text.HAL_PCD_ResumeCallback
                0x0800b7b4        0x8 Src\usbd_conf.o
                0x0800b7b4                HAL_PCD_ResumeCallback
 .text.USBD_LL_Init
                0x0800b7bc       0x84 Src\usbd_conf.o
                0x0800b7bc                USBD_LL_Init
 .text.USBD_LL_Start
                0x0800b840       0x1c Src\usbd_conf.o
                0x0800b840                USBD_LL_Start
 .text.USBD_LL_OpenEP
                0x0800b85c       0x20 Src\usbd_conf.o
                0x0800b85c                USBD_LL_OpenEP
 .text.USBD_LL_CloseEP
                0x0800b87c       0x1c Src\usbd_conf.o
                0x0800b87c                USBD_LL_CloseEP
 .text.USBD_LL_StallEP
                0x0800b898       0x1c Src\usbd_conf.o
                0x0800b898                USBD_LL_StallEP
 .text.USBD_LL_ClearStallEP
                0x0800b8b4       0x1c Src\usbd_conf.o
                0x0800b8b4                USBD_LL_ClearStallEP
 .text.USBD_LL_IsStallEP
                0x0800b8d0       0x20 Src\usbd_conf.o
                0x0800b8d0                USBD_LL_IsStallEP
 .text.USBD_LL_SetUSBAddress
                0x0800b8f0       0x1c Src\usbd_conf.o
                0x0800b8f0                USBD_LL_SetUSBAddress
 .text.USBD_LL_Transmit
                0x0800b90c       0x1c Src\usbd_conf.o
                0x0800b90c                USBD_LL_Transmit
 .text.USBD_LL_PrepareReceive
                0x0800b928       0x1c Src\usbd_conf.o
                0x0800b928                USBD_LL_PrepareReceive
 .text.USBD_LL_GetRxDataSize
                0x0800b944        0x8 Src\usbd_conf.o
                0x0800b944                USBD_LL_GetRxDataSize
 .text.USBD_static_malloc
                0x0800b94c        0x8 Src\usbd_conf.o
                0x0800b94c                USBD_static_malloc
 .text.USBD_static_free
                0x0800b954        0x4 Src\usbd_conf.o
                0x0800b954                USBD_static_free
 .text.HAL_PCDEx_SetConnectionState
                0x0800b958        0x4 Src\usbd_conf.o
                0x0800b958                HAL_PCDEx_SetConnectionState
 .text.USBD_FS_DeviceDescriptor
                0x0800b95c        0xc Src\usbd_desc.o
                0x0800b95c                USBD_FS_DeviceDescriptor
 .text.USBD_FS_LangIDStrDescriptor
                0x0800b968        0xc Src\usbd_desc.o
                0x0800b968                USBD_FS_LangIDStrDescriptor
 .text.USBD_FS_ManufacturerStrDescriptor
                0x0800b974       0x1c Src\usbd_desc.o
                0x0800b974                USBD_FS_ManufacturerStrDescriptor
 .text.USBD_FS_ProductStrDescriptor
                0x0800b990       0x1c Src\usbd_desc.o
                0x0800b990                USBD_FS_ProductStrDescriptor
 .text.USBD_FS_ConfigStrDescriptor
                0x0800b9ac       0x1c Src\usbd_desc.o
                0x0800b9ac                USBD_FS_ConfigStrDescriptor
 .text.USBD_FS_InterfaceStrDescriptor
                0x0800b9c8       0x1c Src\usbd_desc.o
                0x0800b9c8                USBD_FS_InterfaceStrDescriptor
 .text.USBD_FS_SerialStrDescriptor
                0x0800b9e4      0x108 Src\usbd_desc.o
                0x0800b9e4                USBD_FS_SerialStrDescriptor
 .text.MemReadFast
                0x0800baec       0x8c Src\w25qxx.o
                0x0800baec                MemReadFast
 .text.MemRead  0x0800bb78       0xb0 Src\w25qxx.o
                0x0800bb78                MemRead
 .text.MemBlockErase64Kb
                0x0800bc28      0x108 Src\w25qxx.o
                0x0800bc28                MemBlockErase64Kb
 .text.memWriteW25Qxx
                0x0800bd30       0xdc Src\w25qxx.o
                0x0800bd30                memWriteW25Qxx
 .text.SN76489_SendByteFast
                0x0800be0c       0x8c Src\ym2612.o
                0x0800be0c                SN76489_SendByteFast
 .text.PSG_Silence
                0x0800be98      0x1b4 Src\ym2612.o
                0x0800be98                PSG_Silence
 .text.YM2612_SendFast
                0x0800c04c       0xbc Src\ym2612.o
                0x0800c04c                YM2612_SendFast
 .text.WaveSampleIf
                0x0800c108      0x2bc Src\ym2612.o
                0x0800c108                WaveSampleIf
 .text.Reset_Handler
                0x0800c3c4       0x48 startup\startup_stm32f103xg.o
                0x0800c3c4                Reset_Handler
 .text.Default_Handler
                0x0800c40c        0x2 startup\startup_stm32f103xg.o
                0x0800c40c                RTC_Alarm_IRQHandler
                0x0800c40c                EXTI2_IRQHandler
                0x0800c40c                TIM8_CC_IRQHandler
                0x0800c40c                TIM1_CC_IRQHandler
                0x0800c40c                PVD_IRQHandler
                0x0800c40c                SDIO_IRQHandler
                0x0800c40c                EXTI3_IRQHandler
                0x0800c40c                TIM8_TRG_COM_TIM14_IRQHandler
                0x0800c40c                TIM1_UP_TIM10_IRQHandler
                0x0800c40c                TIM8_UP_TIM13_IRQHandler
                0x0800c40c                EXTI0_IRQHandler
                0x0800c40c                I2C2_EV_IRQHandler
                0x0800c40c                ADC1_2_IRQHandler
                0x0800c40c                SPI1_IRQHandler
                0x0800c40c                TAMPER_IRQHandler
                0x0800c40c                TIM1_BRK_TIM9_IRQHandler
                0x0800c40c                DMA2_Channel2_IRQHandler
                0x0800c40c                DMA1_Channel4_IRQHandler
                0x0800c40c                USART3_IRQHandler
                0x0800c40c                RTC_IRQHandler
                0x0800c40c                DMA1_Channel7_IRQHandler
                0x0800c40c                CAN1_RX1_IRQHandler
                0x0800c40c                UART5_IRQHandler
                0x0800c40c                ADC3_IRQHandler
                0x0800c40c                TIM4_IRQHandler
                0x0800c40c                DMA2_Channel1_IRQHandler
                0x0800c40c                I2C1_EV_IRQHandler
                0x0800c40c                DMA1_Channel6_IRQHandler
                0x0800c40c                UART4_IRQHandler
                0x0800c40c                TIM3_IRQHandler
                0x0800c40c                RCC_IRQHandler
                0x0800c40c                TIM8_BRK_TIM12_IRQHandler
                0x0800c40c                DMA1_Channel1_IRQHandler
                0x0800c40c                Default_Handler
                0x0800c40c                EXTI15_10_IRQHandler
                0x0800c40c                TIM7_IRQHandler
                0x0800c40c                TIM5_IRQHandler
                0x0800c40c                EXTI9_5_IRQHandler
                0x0800c40c                SPI2_IRQHandler
                0x0800c40c                DMA1_Channel5_IRQHandler
                0x0800c40c                EXTI4_IRQHandler
                0x0800c40c                USB_HP_CAN1_TX_IRQHandler
                0x0800c40c                DMA1_Channel3_IRQHandler
                0x0800c40c                FSMC_IRQHandler
                0x0800c40c                WWDG_IRQHandler
                0x0800c40c                TIM2_IRQHandler
                0x0800c40c                TIM1_TRG_COM_TIM11_IRQHandler
                0x0800c40c                EXTI1_IRQHandler
                0x0800c40c                DMA2_Channel4_5_IRQHandler
                0x0800c40c                USART2_IRQHandler
                0x0800c40c                I2C2_ER_IRQHandler
                0x0800c40c                DMA1_Channel2_IRQHandler
                0x0800c40c                CAN1_SCE_IRQHandler
                0x0800c40c                FLASH_IRQHandler
                0x0800c40c                USART1_IRQHandler
                0x0800c40c                SPI3_IRQHandler
                0x0800c40c                I2C1_ER_IRQHandler
                0x0800c40c                USBWakeUp_IRQHandler
                0x0800c40c                DMA2_Channel3_IRQHandler
 *fill*         0x0800c40e        0x2 
 .text.__errno  0x0800c410        0xc c:/program files (x86)/atollic/truestudio for stm32 9.3.0/armtools/bin/../lib/gcc/arm-atollic-eabi/6.3.1/../../../../arm-atollic-eabi/lib/armv7-m\libc_nano.a(lib_a-errno.o)
                0x0800c410                __errno
 .text.__libc_init_array
                0x0800c41c       0x48 c:/program files (x86)/atollic/truestudio for stm32 9.3.0/armtools/bin/../lib/gcc/arm-atollic-eabi/6.3.1/../../../../arm-atollic-eabi/lib/armv7-m\libc_nano.a(lib_a-init.o)
                0x0800c41c                __libc_init_array
 .text.memcpy   0x0800c464       0x16 c:/program files (x86)/atollic/truestudio for stm32 9.3.0/armtools/bin/../lib/gcc/arm-atollic-eabi/6.3.1/../../../../arm-atollic-eabi/lib/armv7-m\libc_nano.a(lib_a-memcpy-stub.o)
                0x0800c464                memcpy
 .text.memset   0x0800c47a       0x10 c:/program files (x86)/atollic/truestudio for stm32 9.3.0/armtools/bin/../lib/gcc/arm-atollic-eabi/6.3.1/../../../../arm-atollic-eabi/lib/armv7-m\libc_nano.a(lib_a-memset.o)
                0x0800c47a                memset
 *fill*         0x0800c48a        0x2 
 .text.sprintf  0x0800c48c       0x48 c:/program files (x86)/atollic/truestudio for stm32 9.3.0/armtools/bin/../lib/gcc/arm-atollic-eabi/6.3.1/../../../../arm-atollic-eabi/lib/armv7-m\libc_nano.a(lib_a-sprintf.o)
                0x0800c48c                siprintf
                0x0800c48c                sprintf
 .text.__ssputs_r
                0x0800c4d4       0xb6 c:/program files (x86)/atollic/truestudio for stm32 9.3.0/armtools/bin/../lib/gcc/arm-atollic-eabi/6.3.1/../../../../arm-atollic-eabi/lib/armv7-m\libc_nano.a(lib_a-nano-svfprintf.o)
                0x0800c4d4                __ssputs_r
 *fill*         0x0800c58a        0x2 
 .text._svfprintf_r
                0x0800c58c      0x1e8 c:/program files (x86)/atollic/truestudio for stm32 9.3.0/armtools/bin/../lib/gcc/arm-atollic-eabi/6.3.1/../../../../arm-atollic-eabi/lib/armv7-m\libc_nano.a(lib_a-nano-svfprintf.o)
                0x0800c58c                _svfiprintf_r
                0x0800c58c                _svfprintf_r
 .text._printf_common
                0x0800c774       0xee c:/program files (x86)/atollic/truestudio for stm32 9.3.0/armtools/bin/../lib/gcc/arm-atollic-eabi/6.3.1/../../../../arm-atollic-eabi/lib/armv7-m\libc_nano.a(lib_a-nano-vfprintf_i.o)
                0x0800c774                _printf_common
 *fill*         0x0800c862        0x2 
 .text._printf_i
                0x0800c864      0x240 c:/program files (x86)/atollic/truestudio for stm32 9.3.0/armtools/bin/../lib/gcc/arm-atollic-eabi/6.3.1/../../../../arm-atollic-eabi/lib/armv7-m\libc_nano.a(lib_a-nano-vfprintf_i.o)
                0x0800c864                _printf_i
 .text.memchr   0x0800caa4       0x1c c:/program files (x86)/atollic/truestudio for stm32 9.3.0/armtools/bin/../lib/gcc/arm-atollic-eabi/6.3.1/../../../../arm-atollic-eabi/lib/armv7-m\libc_nano.a(lib_a-memchr-stub.o)
                0x0800caa4                memchr
 .text.memmove  0x0800cac0       0x34 c:/program files (x86)/atollic/truestudio for stm32 9.3.0/armtools/bin/../lib/gcc/arm-atollic-eabi/6.3.1/../../../../arm-atollic-eabi/lib/armv7-m\libc_nano.a(lib_a-memmove.o)
                0x0800cac0                memmove
 .text._free_r  0x0800caf4       0x98 c:/program files (x86)/atollic/truestudio for stm32 9.3.0/armtools/bin/../lib/gcc/arm-atollic-eabi/6.3.1/../../../../arm-atollic-eabi/lib/armv7-m\libc_nano.a(lib_a-nano-freer.o)
                0x0800caf4                _free_r
 .text._malloc_r
                0x0800cb8c       0xbc c:/program files (x86)/atollic/truestudio for stm32 9.3.0/armtools/bin/../lib/gcc/arm-atollic-eabi/6.3.1/../../../../arm-atollic-eabi/lib/armv7-m\libc_nano.a(lib_a-nano-mallocr.o)
                0x0800cb8c                _malloc_r
 .text._realloc_r
                0x0800cc48       0x4c c:/program files (x86)/atollic/truestudio for stm32 9.3.0/armtools/bin/../lib/gcc/arm-atollic-eabi/6.3.1/../../../../arm-atollic-eabi/lib/armv7-m\libc_nano.a(lib_a-nano-reallocr.o)
                0x0800cc48                _realloc_r
 .text._sbrk_r  0x0800cc94       0x20 c:/program files (x86)/atollic/truestudio for stm32 9.3.0/armtools/bin/../lib/gcc/arm-atollic-eabi/6.3.1/../../../../arm-atollic-eabi/lib/armv7-m\libc_nano.a(lib_a-sbrkr.o)
                0x0800cc94                _sbrk_r
 .text.__malloc_lock
                0x0800ccb4        0x2 c:/program files (x86)/atollic/truestudio for stm32 9.3.0/armtools/bin/../lib/gcc/arm-atollic-eabi/6.3.1/../../../../arm-atollic-eabi/lib/armv7-m\libc_nano.a(lib_a-mlock.o)
                0x0800ccb4                __malloc_lock
 .text.__malloc_unlock
                0x0800ccb6        0x2 c:/program files (x86)/atollic/truestudio for stm32 9.3.0/armtools/bin/../lib/gcc/arm-atollic-eabi/6.3.1/../../../../arm-atollic-eabi/lib/armv7-m\libc_nano.a(lib_a-mlock.o)
                0x0800ccb6                __malloc_unlock
 .text._malloc_usable_size_r
                0x0800ccb8       0x12 c:/program files (x86)/atollic/truestudio for stm32 9.3.0/armtools/bin/../lib/gcc/arm-atollic-eabi/6.3.1/../../../../arm-atollic-eabi/lib/armv7-m\libc_nano.a(lib_a-nano-msizer.o)
                0x0800ccb8                _malloc_usable_size_r
 *(.glue_7)
 .glue_7        0x0800ccca        0x0 linker stubs
 *(.glue_7t)
 .glue_7t       0x0800ccca        0x0 linker stubs
 *(.eh_frame)
 *fill*         0x0800ccca        0x2 
 .eh_frame      0x0800cccc        0x0 c:/program files (x86)/atollic/truestudio for stm32 9.3.0/armtools/bin/../lib/gcc/arm-atollic-eabi/6.3.1/armv7-m/crtbegin.o
 *(.init)
 .init          0x0800cccc        0x4 c:/program files (x86)/atollic/truestudio for stm32 9.3.0/armtools/bin/../lib/gcc/arm-atollic-eabi/6.3.1/armv7-m/crti.o
                0x0800cccc                _init
 .init          0x0800ccd0        0x8 c:/program files (x86)/atollic/truestudio for stm32 9.3.0/armtools/bin/../lib/gcc/arm-atollic-eabi/6.3.1/armv7-m/crtn.o
 *(.fini)
 .fini          0x0800ccd8        0x4 c:/program files (x86)/atollic/truestudio for stm32 9.3.0/armtools/bin/../lib/gcc/arm-atollic-eabi/6.3.1/armv7-m/crti.o
                0x0800ccd8                _fini
 .fini          0x0800ccdc        0x8 c:/program files (x86)/atollic/truestudio for stm32 9.3.0/armtools/bin/../lib/gcc/arm-atollic-eabi/6.3.1/armv7-m/crtn.o
                0x0800cce4                . = ALIGN (0x4)
                0x0800cce4                _etext = .

.vfp11_veneer   0x0800cce4        0x0
 .vfp11_veneer  0x0800cce4        0x0 linker stubs

.v4_bx          0x0800cce4        0x0
 .v4_bx         0x0800cce4        0x0 linker stubs

.iplt           0x0800cce4        0x0
 .iplt          0x0800cce4        0x0 c:/program files (x86)/atollic/truestudio for stm32 9.3.0/armtools/bin/../lib/gcc/arm-atollic-eabi/6.3.1/armv7-m/crtbegin.o

.rodata         0x0800cce4      0xe58
                0x0800cce4                . = ALIGN (0x4)
 *(.rodata)
 .rodata        0x0800cce4       0x10 Drivers\STM32F1xx_HAL_Driver\Src\stm32f1xx_hal_rcc.o
 *(.rodata*)
 .rodata.SD_Driver
                0x0800ccf4       0x14 Middlewares\Third_Party\FatFs\src\drivers\sd_diskio.o
                0x0800ccf4                SD_Driver
 .rodata.ExCvt  0x0800cd08       0x80 Middlewares\Third_Party\FatFs\src\ff.o
 .rodata.LfnOfs
                0x0800cd88        0xd Middlewares\Third_Party\FatFs\src\ff.o
 *fill*         0x0800cd95        0x3 
 .rodata.follow_path.str1.4
                0x0800cd98       0x13 Middlewares\Third_Party\FatFs\src\ff.o
 *fill*         0x0800cdab        0x1 
 .rodata.Tbl    0x0800cdac      0x100 Middlewares\Third_Party\FatFs\src\option\ccsbcs.o
 .rodata.tbl_lower.7300
                0x0800ceac      0x1e0 Middlewares\Third_Party\FatFs\src\option\ccsbcs.o
 .rodata.tbl_upper.7301
                0x0800d08c      0x1e0 Middlewares\Third_Party\FatFs\src\option\ccsbcs.o
 .rodata.Font7x10
                0x0800d26c      0x76c Src\fonts.o
                0x0800d26c                Font7x10
 .rodata.main.str1.4
                0x0800d9d8       0xcc Src\main.o
 .rodata.AHBPrescTable
                0x0800daa4       0x10 Src\system_stm32f1xx.o
                0x0800daa4                AHBPrescTable
 .rodata.APBPrescTable
                0x0800dab4        0x8 Src\system_stm32f1xx.o
                0x0800dab4                APBPrescTable
 .rodata.CSWTCH.4
                0x0800dabc        0x4 Src\usbd_conf.o
 .rodata.USBD_FS_ConfigStrDescriptor.str1.4
                0x0800dac0        0xb Src\usbd_desc.o
 *fill*         0x0800dacb        0x1 
 .rodata.USBD_FS_InterfaceStrDescriptor.str1.4
                0x0800dacc        0xe Src\usbd_desc.o
 *fill*         0x0800dada        0x2 
 .rodata.USBD_FS_ManufacturerStrDescriptor.str1.4
                0x0800dadc       0x13 Src\usbd_desc.o
 *fill*         0x0800daef        0x1 
 .rodata.USBD_FS_ProductStrDescriptor.str1.4
                0x0800daf0       0x18 Src\usbd_desc.o
                                 0x16 (size before relaxing)
 .rodata._svfprintf_r.str1.1
                0x0800db08       0x11 c:/program files (x86)/atollic/truestudio for stm32 9.3.0/armtools/bin/../lib/gcc/arm-atollic-eabi/6.3.1/../../../../arm-atollic-eabi/lib/armv7-m\libc_nano.a(lib_a-nano-svfprintf.o)
 .rodata._printf_i.str1.1
                0x0800db19       0x22 c:/program files (x86)/atollic/truestudio for stm32 9.3.0/armtools/bin/../lib/gcc/arm-atollic-eabi/6.3.1/../../../../arm-atollic-eabi/lib/armv7-m\libc_nano.a(lib_a-nano-vfprintf_i.o)
                0x0800db3c                . = ALIGN (0x4)
 *fill*         0x0800db3b        0x1 

.rel.dyn        0x0800db3c        0x0
 .rel.iplt      0x0800db3c        0x0 c:/program files (x86)/atollic/truestudio for stm32 9.3.0/armtools/bin/../lib/gcc/arm-atollic-eabi/6.3.1/armv7-m/crtbegin.o

.ARM.extab
 *(.ARM.extab* .gnu.linkonce.armextab.*)

.ARM            0x0800db3c        0x0
                0x0800db3c                __exidx_start = .
 *(.ARM.exidx*)
                0x0800db3c                __exidx_end = .

.preinit_array  0x0800db3c        0x0
                0x0800db3c                PROVIDE (__preinit_array_start, .)
 *(.preinit_array*)
                0x0800db3c                PROVIDE (__preinit_array_end, .)

.init_array     0x0800db3c        0x4
                0x0800db3c                PROVIDE (__init_array_start, .)
 *(SORT(.init_array.*))
 *(.init_array*)
 .init_array    0x0800db3c        0x4 c:/program files (x86)/atollic/truestudio for stm32 9.3.0/armtools/bin/../lib/gcc/arm-atollic-eabi/6.3.1/armv7-m/crtbegin.o
                0x0800db40                PROVIDE (__init_array_end, .)

.fini_array     0x0800db40        0x4
                [!provide]                PROVIDE (__fini_array_start, .)
 *(SORT(.fini_array.*))
 *(.fini_array*)
 .fini_array    0x0800db40        0x4 c:/program files (x86)/atollic/truestudio for stm32 9.3.0/armtools/bin/../lib/gcc/arm-atollic-eabi/6.3.1/armv7-m/crtbegin.o
                [!provide]                PROVIDE (__fini_array_end, .)
                0x0800db44                _sidata = LOADADDR (.data)

.data           0x20000000      0x1ec load address 0x0800db44
                0x20000000                . = ALIGN (0x4)
                0x20000000                _sdata = .
 *(.data)
 *(.data*)
 .data.uwTickFreq
                0x20000000        0x1 Drivers\STM32F1xx_HAL_Driver\Src\stm32f1xx_hal.o
                0x20000000                uwTickFreq
 *fill*         0x20000001        0x3 
 .data.uwTickPrio
                0x20000004        0x4 Drivers\STM32F1xx_HAL_Driver\Src\stm32f1xx_hal.o
                0x20000004                uwTickPrio
 .data.USBD_CDC
                0x20000008       0x38 Middlewares\ST\STM32_USB_Device_Library\Class\CDC\Src\usbd_cdc.o
                0x20000008                USBD_CDC
 .data.USBD_CDC_CfgFSDesc
                0x20000040       0x43 Middlewares\ST\STM32_USB_Device_Library\Class\CDC\Src\usbd_cdc.o
                0x20000040                USBD_CDC_CfgFSDesc
 *fill*         0x20000083        0x1 
 .data.USBD_CDC_CfgHSDesc
                0x20000084       0x43 Middlewares\ST\STM32_USB_Device_Library\Class\CDC\Src\usbd_cdc.o
                0x20000084                USBD_CDC_CfgHSDesc
 *fill*         0x200000c7        0x1 
 .data.USBD_CDC_DeviceQualifierDesc
                0x200000c8        0xa Middlewares\ST\STM32_USB_Device_Library\Class\CDC\Src\usbd_cdc.o
 *fill*         0x200000d2        0x2 
 .data.USBD_CDC_OtherSpeedCfgDesc
                0x200000d4       0x43 Middlewares\ST\STM32_USB_Device_Library\Class\CDC\Src\usbd_cdc.o
                0x200000d4                USBD_CDC_OtherSpeedCfgDesc
 .data.Stat     0x20000117        0x1 Middlewares\Third_Party\FatFs\src\drivers\sd_diskio.o
 .data.Font_7x10
                0x20000118        0x8 Src\fonts.o
                0x20000118                Font_7x10
 .data.SampleNext
                0x20000120        0x1 Src\main.o
                0x20000120                SampleNext
 .data.bUffEr   0x20000121        0x1 Src\main.o
                0x20000121                bUffEr
 *fill*         0x20000122        0x2 
 .data.SystemCoreClock
                0x20000124        0x4 Src\system_stm32f1xx.o
                0x20000124                SystemCoreClock
 .data.USBD_Interface_fops_FS
                0x20000128       0x10 Src\usbd_cdc_if.o
                0x20000128                USBD_Interface_fops_FS
 .data.FS_Desc  0x20000138       0x1c Src\usbd_desc.o
                0x20000138                FS_Desc
 .data.USBD_FS_DeviceDesc
                0x20000154       0x12 Src\usbd_desc.o
                0x20000154                USBD_FS_DeviceDesc
 *fill*         0x20000166        0x2 
 .data.USBD_LangIDDesc
                0x20000168        0x4 Src\usbd_desc.o
                0x20000168                USBD_LangIDDesc
 .data.USBD_StringSerial
                0x2000016c       0x1a Src\usbd_desc.o
                0x2000016c                USBD_StringSerial
 *fill*         0x20000186        0x2 
 .data._impure_ptr
                0x20000188        0x4 c:/program files (x86)/atollic/truestudio for stm32 9.3.0/armtools/bin/../lib/gcc/arm-atollic-eabi/6.3.1/../../../../arm-atollic-eabi/lib/armv7-m\libc_nano.a(lib_a-impure.o)
                0x20000188                _impure_ptr
 .data.impure_data
                0x2000018c       0x60 c:/program files (x86)/atollic/truestudio for stm32 9.3.0/armtools/bin/../lib/gcc/arm-atollic-eabi/6.3.1/../../../../arm-atollic-eabi/lib/armv7-m\libc_nano.a(lib_a-impure.o)
                0x200001ec                . = ALIGN (0x4)
                0x200001ec                _edata = .

.igot.plt       0x200001ec        0x0 load address 0x0800dd30
 .igot.plt      0x200001ec        0x0 c:/program files (x86)/atollic/truestudio for stm32 9.3.0/armtools/bin/../lib/gcc/arm-atollic-eabi/6.3.1/armv7-m/crtbegin.o
                0x200001ec                . = ALIGN (0x4)

.bss            0x200001ec     0xf42c load address 0x0800dd30
                0x200001ec                _sbss = .
                0x200001ec                __bss_start__ = _sbss
 *(.bss)
 .bss           0x200001ec       0x1c c:/program files (x86)/atollic/truestudio for stm32 9.3.0/armtools/bin/../lib/gcc/arm-atollic-eabi/6.3.1/armv7-m/crtbegin.o
 *(.bss*)
 .bss.cfgidx.8953
                0x20000208        0x1 Middlewares\ST\STM32_USB_Device_Library\Core\Src\usbd_ctlreq.o
 *fill*         0x20000209        0x3 
 .bss.FatFs     0x2000020c        0x4 Middlewares\Third_Party\FatFs\src\ff.o
 .bss.Files     0x20000210       0x18 Middlewares\Third_Party\FatFs\src\ff.o
 .bss.Fsid      0x20000228        0x2 Middlewares\Third_Party\FatFs\src\ff.o
 *fill*         0x2000022a        0x2 
 .bss.LfnBuf    0x2000022c      0x200 Middlewares\Third_Party\FatFs\src\ff.o
 .bss.disk      0x2000042c        0xc Middlewares\Third_Party\FatFs\src\ff_gen_drv.o
                0x2000042c                disk
 .bss.PackCount
                0x20000438        0x2 Src\main.o
                0x20000438                PackCount
 *fill*         0x2000043a        0x2 
 .bss.lfn.9493  0x2000043c      0x100 Src\main.o
 .bss.path      0x2000053c       0x10 Src\main.o
                0x2000053c                path
 .bss.waitSamples
                0x2000054c        0x4 Src\main.o
                0x2000054c                waitSamples
 .bss.SSD1306   0x20000550        0x6 Src\ssd1306.o
 *fill*         0x20000556        0x2 
 .bss.SSD1306_Buffer
                0x20000558      0x200 Src\ssd1306.o
 .bss.heap_end.5887
                0x20000758        0x4 Src\syscalls.o
 .bss.mem.9018  0x2000075c      0x220 Src\usbd_conf.o
 .bss.__malloc_free_list
                0x2000097c        0x4 c:/program files (x86)/atollic/truestudio for stm32 9.3.0/armtools/bin/../lib/gcc/arm-atollic-eabi/6.3.1/../../../../arm-atollic-eabi/lib/armv7-m\libc_nano.a(lib_a-nano-mallocr.o)
                0x2000097c                __malloc_free_list
 .bss.__malloc_sbrk_start
                0x20000980        0x4 c:/program files (x86)/atollic/truestudio for stm32 9.3.0/armtools/bin/../lib/gcc/arm-atollic-eabi/6.3.1/../../../../arm-atollic-eabi/lib/armv7-m\libc_nano.a(lib_a-nano-mallocr.o)
                0x20000980                __malloc_sbrk_start
 *(COMMON)
 COMMON         0x20000984        0x4 Drivers\STM32F1xx_HAL_Driver\Src\stm32f1xx_hal.o
                0x20000984                uwTick
 COMMON         0x20000988     0x2064 Src\fatfs.o
                0x20000988                retSD
                0x2000098c                SDPath
                0x20000990                SDFile
                0x200019bc                SDFatFS
 COMMON         0x200029ec     0xbcf8 Src\main.o
                0x200029ec                BufferSize
                0x200029f0                dirs
                0x20003a18                FatFs
                0x20004a48                hi2c2
                0x20004a9c                PCMMEMADDR
                0x20004aa0                finfo
                0x20004ac0                br
                0x20004ac4                PCMBuff
                0x2000cac4                PCMJumpIndex
                0x2000cac6                PCMBuffIndex
                0x2000cac8                buffer
                0x2000ccc8                PCMDataCount
                0x2000cccc                pcmPosStart
                0x2000ccd0                BuffRX_b
                0x2000cd10                spi_rx
                0x2000cd14                htim6
                0x2000cd54                bw
                0x2000cd58                VGMVersion
                0x2000cd5c                hsd
                0x2000cde0                JumpTableE0
                0x2000d5e0                MyFile
                0x2000e60c                spi_tx
                0x2000e614                DataSize
                0x2000e618                MEMADDR
                0x2000e61c                BuffRX_a
                0x2000e65c                BufferI
                0x2000e660                hspi1
                0x2000e6b8                res
                0x2000e6bc                bytes_written
                0x2000e6c0                PCMLoad
                0x2000e6c4                VGMStream
                0x2000e6e0                MemCim
 COMMON         0x2000e6e4      0x2c4 Src\usb_device.o
                0x2000e6e4                hUsbDeviceFS
 COMMON         0x2000e9a8      0x800 Src\usbd_cdc_if.o
                0x2000e9a8                UserRxBufferFS
                0x2000eda8                UserTxBufferFS
 COMMON         0x2000f1a8      0x26c Src\usbd_conf.o
                0x2000f1a8                hpcd_USB_FS
 COMMON         0x2000f414      0x200 Src\usbd_desc.o
                0x2000f414                USBD_StrDesc
 COMMON         0x2000f614        0x4 c:/program files (x86)/atollic/truestudio for stm32 9.3.0/armtools/bin/../lib/gcc/arm-atollic-eabi/6.3.1/../../../../arm-atollic-eabi/lib/armv7-m\libc_nano.a(lib_a-reent.o)
                0x2000f614                errno
                0x2000f618                . = ALIGN (0x4)
                0x2000f618                _ebss = .
                0x2000f618                __bss_end__ = _ebss

._user_heap_stack
                0x2000f618      0x600 load address 0x0800dd30
                0x2000f618                . = ALIGN (0x4)
                0x2000f618                PROVIDE (end, .)
                [!provide]                PROVIDE (_end, .)
                0x2000f818                . = (. + _Min_Heap_Size)
 *fill*         0x2000f618      0x200 
                0x2000fc18                . = (. + _Min_Stack_Size)
 *fill*         0x2000f818      0x400 
                0x2000fc18                . = ALIGN (0x4)

/DISCARD/
 libc.a(*)
 libm.a(*)
 libgcc.a(*)

.ARM.attributes
                0x00000000       0x29
 *(.ARM.attributes)
 .ARM.attributes
                0x00000000       0x1d c:/program files (x86)/atollic/truestudio for stm32 9.3.0/armtools/bin/../lib/gcc/arm-atollic-eabi/6.3.1/armv7-m/crti.o
 .ARM.attributes
                0x0000001d       0x2d c:/program files (x86)/atollic/truestudio for stm32 9.3.0/armtools/bin/../lib/gcc/arm-atollic-eabi/6.3.1/armv7-m/crtbegin.o
 .ARM.attributes
                0x0000004a       0x2f Drivers\STM32F1xx_HAL_Driver\Src\stm32f1xx_hal.o
 .ARM.attributes
                0x00000079       0x2f Drivers\STM32F1xx_HAL_Driver\Src\stm32f1xx_hal_cortex.o
 .ARM.attributes
                0x000000a8       0x2f Drivers\STM32F1xx_HAL_Driver\Src\stm32f1xx_hal_gpio.o
 .ARM.attributes
                0x000000d7       0x2f Drivers\STM32F1xx_HAL_Driver\Src\stm32f1xx_hal_i2c.o
 .ARM.attributes
                0x00000106       0x2f Drivers\STM32F1xx_HAL_Driver\Src\stm32f1xx_hal_pcd.o
 .ARM.attributes
                0x00000135       0x2f Drivers\STM32F1xx_HAL_Driver\Src\stm32f1xx_hal_pcd_ex.o
 .ARM.attributes
                0x00000164       0x2f Drivers\STM32F1xx_HAL_Driver\Src\stm32f1xx_hal_rcc.o
 .ARM.attributes
                0x00000193       0x2f Drivers\STM32F1xx_HAL_Driver\Src\stm32f1xx_hal_rcc_ex.o
 .ARM.attributes
                0x000001c2       0x2f Drivers\STM32F1xx_HAL_Driver\Src\stm32f1xx_hal_sd.o
 .ARM.attributes
                0x000001f1       0x2f Drivers\STM32F1xx_HAL_Driver\Src\stm32f1xx_hal_spi.o
 .ARM.attributes
                0x00000220       0x2f Drivers\STM32F1xx_HAL_Driver\Src\stm32f1xx_hal_tim.o
 .ARM.attributes
                0x0000024f       0x2f Drivers\STM32F1xx_HAL_Driver\Src\stm32f1xx_hal_tim_ex.o
 .ARM.attributes
                0x0000027e       0x2f Drivers\STM32F1xx_HAL_Driver\Src\stm32f1xx_ll_sdmmc.o
 .ARM.attributes
                0x000002ad       0x2f Drivers\STM32F1xx_HAL_Driver\Src\stm32f1xx_ll_usb.o
 .ARM.attributes
                0x000002dc       0x2f Middlewares\ST\STM32_USB_Device_Library\Class\CDC\Src\usbd_cdc.o
 .ARM.attributes
                0x0000030b       0x2f Middlewares\ST\STM32_USB_Device_Library\Core\Src\usbd_core.o
 .ARM.attributes
                0x0000033a       0x2f Middlewares\ST\STM32_USB_Device_Library\Core\Src\usbd_ctlreq.o
 .ARM.attributes
                0x00000369       0x2f Middlewares\ST\STM32_USB_Device_Library\Core\Src\usbd_ioreq.o
 .ARM.attributes
                0x00000398       0x2f Middlewares\Third_Party\FatFs\src\diskio.o
 .ARM.attributes
                0x000003c7       0x2f Middlewares\Third_Party\FatFs\src\drivers\sd_diskio.o
 .ARM.attributes
                0x000003f6       0x2f Middlewares\Third_Party\FatFs\src\ff.o
 .ARM.attributes
                0x00000425       0x2f Middlewares\Third_Party\FatFs\src\ff_gen_drv.o
 .ARM.attributes
                0x00000454       0x2f Middlewares\Third_Party\FatFs\src\option\ccsbcs.o
 .ARM.attributes
                0x00000483       0x2f Src\bsp_driver_sd.o
 .ARM.attributes
                0x000004b2       0x2f Src\dwt_stm32_delay.o
 .ARM.attributes
                0x000004e1       0x2f Src\fatfs.o
 .ARM.attributes
                0x00000510       0x2f Src\fonts.o
 .ARM.attributes
                0x0000053f       0x2f Src\main.o
 .ARM.attributes
                0x0000056e       0x2f Src\ssd1306.o
 .ARM.attributes
                0x0000059d       0x2f Src\stm32f1xx_hal_msp.o
 .ARM.attributes
                0x000005cc       0x2f Src\stm32f1xx_it.o
 .ARM.attributes
                0x000005fb       0x2f Src\syscalls.o
 .ARM.attributes
                0x0000062a       0x2f Src\system_stm32f1xx.o
 .ARM.attributes
                0x00000659       0x2f Src\usb_device.o
 .ARM.attributes
                0x00000688       0x2f Src\usbd_cdc_if.o
 .ARM.attributes
                0x000006b7       0x2f Src\usbd_conf.o
 .ARM.attributes
                0x000006e6       0x2f Src\usbd_desc.o
 .ARM.attributes
                0x00000715       0x2f Src\w25qxx.o
 .ARM.attributes
                0x00000744       0x2f Src\ym2612.o
 .ARM.attributes
                0x00000773       0x21 startup\startup_stm32f103xg.o
 .ARM.attributes
                0x00000794       0x2d c:/program files (x86)/atollic/truestudio for stm32 9.3.0/armtools/bin/../lib/gcc/arm-atollic-eabi/6.3.1/../../../../arm-atollic-eabi/lib/armv7-m\libc_nano.a(lib_a-errno.o)
 .ARM.attributes
                0x000007c1       0x2d c:/program files (x86)/atollic/truestudio for stm32 9.3.0/armtools/bin/../lib/gcc/arm-atollic-eabi/6.3.1/../../../../arm-atollic-eabi/lib/armv7-m\libc_nano.a(lib_a-impure.o)
 .ARM.attributes
                0x000007ee       0x2d c:/program files (x86)/atollic/truestudio for stm32 9.3.0/armtools/bin/../lib/gcc/arm-atollic-eabi/6.3.1/../../../../arm-atollic-eabi/lib/armv7-m\libc_nano.a(lib_a-init.o)
 .ARM.attributes
                0x0000081b       0x2d c:/program files (x86)/atollic/truestudio for stm32 9.3.0/armtools/bin/../lib/gcc/arm-atollic-eabi/6.3.1/../../../../arm-atollic-eabi/lib/armv7-m\libc_nano.a(lib_a-memcpy-stub.o)
 .ARM.attributes
                0x00000848       0x2d c:/program files (x86)/atollic/truestudio for stm32 9.3.0/armtools/bin/../lib/gcc/arm-atollic-eabi/6.3.1/../../../../arm-atollic-eabi/lib/armv7-m\libc_nano.a(lib_a-memset.o)
 .ARM.attributes
                0x00000875       0x2d c:/program files (x86)/atollic/truestudio for stm32 9.3.0/armtools/bin/../lib/gcc/arm-atollic-eabi/6.3.1/../../../../arm-atollic-eabi/lib/armv7-m\libc_nano.a(lib_a-sprintf.o)
 .ARM.attributes
                0x000008a2       0x17 c:/program files (x86)/atollic/truestudio for stm32 9.3.0/armtools/bin/../lib/gcc/arm-atollic-eabi/6.3.1/../../../../arm-atollic-eabi/lib/armv7-m\libc_nano.a(lib_a-strlen.o)
 .ARM.attributes
                0x000008b9       0x2d c:/program files (x86)/atollic/truestudio for stm32 9.3.0/armtools/bin/../lib/gcc/arm-atollic-eabi/6.3.1/../../../../arm-atollic-eabi/lib/armv7-m\libc_nano.a(lib_a-nano-svfprintf.o)
 .ARM.attributes
                0x000008e6       0x2d c:/program files (x86)/atollic/truestudio for stm32 9.3.0/armtools/bin/../lib/gcc/arm-atollic-eabi/6.3.1/../../../../arm-atollic-eabi/lib/armv7-m\libc_nano.a(lib_a-nano-vfprintf_i.o)
 .ARM.attributes
                0x00000913       0x2d c:/program files (x86)/atollic/truestudio for stm32 9.3.0/armtools/bin/../lib/gcc/arm-atollic-eabi/6.3.1/../../../../arm-atollic-eabi/lib/armv7-m\libc_nano.a(lib_a-memchr-stub.o)
 .ARM.attributes
                0x00000940       0x2d c:/program files (x86)/atollic/truestudio for stm32 9.3.0/armtools/bin/../lib/gcc/arm-atollic-eabi/6.3.1/../../../../arm-atollic-eabi/lib/armv7-m\libc_nano.a(lib_a-memmove.o)
 .ARM.attributes
                0x0000096d       0x2d c:/program files (x86)/atollic/truestudio for stm32 9.3.0/armtools/bin/../lib/gcc/arm-atollic-eabi/6.3.1/../../../../arm-atollic-eabi/lib/armv7-m\libc_nano.a(lib_a-nano-freer.o)
 .ARM.attributes
                0x0000099a       0x2d c:/program files (x86)/atollic/truestudio for stm32 9.3.0/armtools/bin/../lib/gcc/arm-atollic-eabi/6.3.1/../../../../arm-atollic-eabi/lib/armv7-m\libc_nano.a(lib_a-nano-mallocr.o)
 .ARM.attributes
                0x000009c7       0x2d c:/program files (x86)/atollic/truestudio for stm32 9.3.0/armtools/bin/../lib/gcc/arm-atollic-eabi/6.3.1/../../../../arm-atollic-eabi/lib/armv7-m\libc_nano.a(lib_a-nano-reallocr.o)
 .ARM.attributes
                0x000009f4       0x2d c:/program files (x86)/atollic/truestudio for stm32 9.3.0/armtools/bin/../lib/gcc/arm-atollic-eabi/6.3.1/../../../../arm-atollic-eabi/lib/armv7-m\libc_nano.a(lib_a-sbrkr.o)
 .ARM.attributes
                0x00000a21       0x2d c:/program files (x86)/atollic/truestudio for stm32 9.3.0/armtools/bin/../lib/gcc/arm-atollic-eabi/6.3.1/../../../../arm-atollic-eabi/lib/armv7-m\libc_nano.a(lib_a-mlock.o)
 .ARM.attributes
                0x00000a4e       0x2d c:/program files (x86)/atollic/truestudio for stm32 9.3.0/armtools/bin/../lib/gcc/arm-atollic-eabi/6.3.1/../../../../arm-atollic-eabi/lib/armv7-m\libc_nano.a(lib_a-nano-msizer.o)
 .ARM.attributes
                0x00000a7b       0x2d c:/program files (x86)/atollic/truestudio for stm32 9.3.0/armtools/bin/../lib/gcc/arm-atollic-eabi/6.3.1/../../../../arm-atollic-eabi/lib/armv7-m\libc_nano.a(lib_a-reent.o)
 .ARM.attributes
                0x00000aa8       0x1d c:/program files (x86)/atollic/truestudio for stm32 9.3.0/armtools/bin/../lib/gcc/arm-atollic-eabi/6.3.1/armv7-m/crtn.o
OUTPUT(32F103RF.elf elf32-littlearm)

.comment        0x00000000       0x7c
 .comment       0x00000000       0x7c Drivers\STM32F1xx_HAL_Driver\Src\stm32f1xx_hal.o
                                 0x7d (size before relaxing)
 .comment       0x0000007c       0x7d Drivers\STM32F1xx_HAL_Driver\Src\stm32f1xx_hal_cortex.o
 .comment       0x0000007c       0x7d Drivers\STM32F1xx_HAL_Driver\Src\stm32f1xx_hal_gpio.o
 .comment       0x0000007c       0x7d Drivers\STM32F1xx_HAL_Driver\Src\stm32f1xx_hal_i2c.o
 .comment       0x0000007c       0x7d Drivers\STM32F1xx_HAL_Driver\Src\stm32f1xx_hal_pcd.o
 .comment       0x0000007c       0x7d Drivers\STM32F1xx_HAL_Driver\Src\stm32f1xx_hal_pcd_ex.o
 .comment       0x0000007c       0x7d Drivers\STM32F1xx_HAL_Driver\Src\stm32f1xx_hal_rcc.o
 .comment       0x0000007c       0x7d Drivers\STM32F1xx_HAL_Driver\Src\stm32f1xx_hal_rcc_ex.o
 .comment       0x0000007c       0x7d Drivers\STM32F1xx_HAL_Driver\Src\stm32f1xx_hal_sd.o
 .comment       0x0000007c       0x7d Drivers\STM32F1xx_HAL_Driver\Src\stm32f1xx_hal_spi.o
 .comment       0x0000007c       0x7d Drivers\STM32F1xx_HAL_Driver\Src\stm32f1xx_hal_tim.o
 .comment       0x0000007c       0x7d Drivers\STM32F1xx_HAL_Driver\Src\stm32f1xx_hal_tim_ex.o
 .comment       0x0000007c       0x7d Drivers\STM32F1xx_HAL_Driver\Src\stm32f1xx_ll_sdmmc.o
 .comment       0x0000007c       0x7d Drivers\STM32F1xx_HAL_Driver\Src\stm32f1xx_ll_usb.o
 .comment       0x0000007c       0x7d Middlewares\ST\STM32_USB_Device_Library\Class\CDC\Src\usbd_cdc.o
 .comment       0x0000007c       0x7d Middlewares\ST\STM32_USB_Device_Library\Core\Src\usbd_core.o
 .comment       0x0000007c       0x7d Middlewares\ST\STM32_USB_Device_Library\Core\Src\usbd_ctlreq.o
 .comment       0x0000007c       0x7d Middlewares\ST\STM32_USB_Device_Library\Core\Src\usbd_ioreq.o
 .comment       0x0000007c       0x7d Middlewares\Third_Party\FatFs\src\diskio.o
 .comment       0x0000007c       0x7d Middlewares\Third_Party\FatFs\src\drivers\sd_diskio.o
 .comment       0x0000007c       0x7d Middlewares\Third_Party\FatFs\src\ff.o
 .comment       0x0000007c       0x7d Middlewares\Third_Party\FatFs\src\ff_gen_drv.o
 .comment       0x0000007c       0x7d Middlewares\Third_Party\FatFs\src\option\ccsbcs.o
 .comment       0x0000007c       0x7d Src\bsp_driver_sd.o
 .comment       0x0000007c       0x7d Src\dwt_stm32_delay.o
 .comment       0x0000007c       0x7d Src\fatfs.o
 .comment       0x0000007c       0x7d Src\fonts.o
 .comment       0x0000007c       0x7d Src\main.o
 .comment       0x0000007c       0x7d Src\ssd1306.o
 .comment       0x0000007c       0x7d Src\stm32f1xx_hal_msp.o
 .comment       0x0000007c       0x7d Src\stm32f1xx_it.o
 .comment       0x0000007c       0x7d Src\syscalls.o
 .comment       0x0000007c       0x7d Src\system_stm32f1xx.o
 .comment       0x0000007c       0x7d Src\usb_device.o
 .comment       0x0000007c       0x7d Src\usbd_cdc_if.o
 .comment       0x0000007c       0x7d Src\usbd_conf.o
 .comment       0x0000007c       0x7d Src\usbd_desc.o
 .comment       0x0000007c       0x7d Src\w25qxx.o
 .comment       0x0000007c       0x7d Src\ym2612.o

.debug_frame    0x00000000      0x3bc
 .debug_frame   0x00000000       0x20 c:/program files (x86)/atollic/truestudio for stm32 9.3.0/armtools/bin/../lib/gcc/arm-atollic-eabi/6.3.1/../../../../arm-atollic-eabi/lib/armv7-m\libc_nano.a(lib_a-errno.o)
 .debug_frame   0x00000020       0x2c c:/program files (x86)/atollic/truestudio for stm32 9.3.0/armtools/bin/../lib/gcc/arm-atollic-eabi/6.3.1/../../../../arm-atollic-eabi/lib/armv7-m\libc_nano.a(lib_a-init.o)
 .debug_frame   0x0000004c       0x28 c:/program files (x86)/atollic/truestudio for stm32 9.3.0/armtools/bin/../lib/gcc/arm-atollic-eabi/6.3.1/../../../../arm-atollic-eabi/lib/armv7-m\libc_nano.a(lib_a-memcpy-stub.o)
 .debug_frame   0x00000074       0x20 c:/program files (x86)/atollic/truestudio for stm32 9.3.0/armtools/bin/../lib/gcc/arm-atollic-eabi/6.3.1/../../../../arm-atollic-eabi/lib/armv7-m\libc_nano.a(lib_a-memset.o)
 .debug_frame   0x00000094       0x70 c:/program files (x86)/atollic/truestudio for stm32 9.3.0/armtools/bin/../lib/gcc/arm-atollic-eabi/6.3.1/../../../../arm-atollic-eabi/lib/armv7-m\libc_nano.a(lib_a-sprintf.o)
 .debug_frame   0x00000104       0x90 c:/program files (x86)/atollic/truestudio for stm32 9.3.0/armtools/bin/../lib/gcc/arm-atollic-eabi/6.3.1/../../../../arm-atollic-eabi/lib/armv7-m\libc_nano.a(lib_a-nano-svfprintf.o)
 .debug_frame   0x00000194       0x60 c:/program files (x86)/atollic/truestudio for stm32 9.3.0/armtools/bin/../lib/gcc/arm-atollic-eabi/6.3.1/../../../../arm-atollic-eabi/lib/armv7-m\libc_nano.a(lib_a-nano-vfprintf_i.o)
 .debug_frame   0x000001f4       0x28 c:/program files (x86)/atollic/truestudio for stm32 9.3.0/armtools/bin/../lib/gcc/arm-atollic-eabi/6.3.1/../../../../arm-atollic-eabi/lib/armv7-m\libc_nano.a(lib_a-memchr-stub.o)
 .debug_frame   0x0000021c       0x28 c:/program files (x86)/atollic/truestudio for stm32 9.3.0/armtools/bin/../lib/gcc/arm-atollic-eabi/6.3.1/../../../../arm-atollic-eabi/lib/armv7-m\libc_nano.a(lib_a-memmove.o)
 .debug_frame   0x00000244       0x38 c:/program files (x86)/atollic/truestudio for stm32 9.3.0/armtools/bin/../lib/gcc/arm-atollic-eabi/6.3.1/../../../../arm-atollic-eabi/lib/armv7-m\libc_nano.a(lib_a-nano-freer.o)
 .debug_frame   0x0000027c       0x2c c:/program files (x86)/atollic/truestudio for stm32 9.3.0/armtools/bin/../lib/gcc/arm-atollic-eabi/6.3.1/../../../../arm-atollic-eabi/lib/armv7-m\libc_nano.a(lib_a-nano-mallocr.o)
 .debug_frame   0x000002a8       0x3c c:/program files (x86)/atollic/truestudio for stm32 9.3.0/armtools/bin/../lib/gcc/arm-atollic-eabi/6.3.1/../../../../arm-atollic-eabi/lib/armv7-m\libc_nano.a(lib_a-nano-reallocr.o)
 .debug_frame   0x000002e4       0x2c c:/program files (x86)/atollic/truestudio for stm32 9.3.0/armtools/bin/../lib/gcc/arm-atollic-eabi/6.3.1/../../../../arm-atollic-eabi/lib/armv7-m\libc_nano.a(lib_a-sbrkr.o)
 .debug_frame   0x00000310       0x30 c:/program files (x86)/atollic/truestudio for stm32 9.3.0/armtools/bin/../lib/gcc/arm-atollic-eabi/6.3.1/../../../../arm-atollic-eabi/lib/armv7-m\libc_nano.a(lib_a-mlock.o)
 .debug_frame   0x00000340       0x20 c:/program files (x86)/atollic/truestudio for stm32 9.3.0/armtools/bin/../lib/gcc/arm-atollic-eabi/6.3.1/../../../../arm-atollic-eabi/lib/armv7-m\libc_nano.a(lib_a-nano-msizer.o)
 .debug_frame   0x00000360       0x5c c:/program files (x86)/atollic/truestudio for stm32 9.3.0/armtools/bin/../lib/gcc/arm-atollic-eabi/6.3.1/../../../../arm-atollic-eabi/lib/armv7-m\libc_nano.a(lib_a-reent.o)
