fatfs_sd.c:121:13:SD_PowerOff	0	static
fatfs_sd.c:127:16:SD_CheckPower	0	static
fatfs_sd.c:34:13:SPI_TxByte	16	static
fatfs_sd.c:22:13:SELECT	8	static
fatfs_sd.c:28:13:DESELECT	8	static
fatfs_sd.c:41:16:SPI_RxByte	24	static
fatfs_sd.c:78:13:SD_PowerOn	16	static
fatfs_sd.c:60:16:SD_ReadyWait	8	static
fatfs_sd.c:217:13:SD_SendCmd	16	static
fatfs_sd.c:54:13:SPI_RxBytePtr	8	static
fatfs_sd.c:134:13:SD_RxDataBlock	16	static
fatfs_sd.c:166:13:SD_TxDataBlock	24	static
fatfs_sd.c:263:9:SD_disk_initialize	16	static
fatfs_sd.c:366:9:SD_disk_status	0	static
fatfs_sd.c:375:9:SD_disk_read	16	static
fatfs_sd.c:419:9:SD_disk_write	16	static
fatfs_sd.c:474:9:SD_disk_ioctl	32	static
