w25q64.c:11:9:W25qxx_Spi	32	static
w25q64.c:18:10:W25qxx_ReadID	24	static
w25q64.c:31:6:W25qxx_ReadUniqID	24	static
w25q64.c:42:6:W25qxx_WriteEnable	8	static
w25q64.c:50:6:W25qxx_WriteDisable	8	static
w25q64.c:58:9:W25qxx_ReadStatusRegister	24	static
w25q64.c:84:6:W25qxx_WriteStatusRegister	16	static
w25q64.c:106:6:W25qxx_WaitForWriteEnd	8	static
w25q64.c:120:6:W25qxx_Init	16	static
w25q64.c:240:6:W25qxx_EraseChip	8	static
w25q64.c:261:6:W25qxx_EraseSector	16	static
w25q64.c:289:6:W25qxx_EraseBlock	16	static
w25q64.c:319:10:W25qxx_PageToSector	16	static
w25q64.c:324:10:W25qxx_PageToBlock	16	static
w25q64.c:329:10:W25qxx_SectorToBlock	16	static
w25q64.c:334:10:W25qxx_SectorToPage	16	static
w25q64.c:339:10:W25qxx_BlockToPage	16	static
w25q64.c:344:7:W25qxx_IsEmptyPage	72	static
w25q64.c:413:7:W25qxx_IsEmptySector	72	static
w25q64.c:482:7:W25qxx_IsEmptyBlock	72	static
w25q64.c:551:6:W25qxx_WriteByte	16	static
w25q64.c:578:7:W25qxx_WritePage	24	static
w25q64.c:624:7:W25qxx_WriteSector	40	static
w25q64.c:663:7:W25qxx_WriteBlock	40	static
w25q64.c:702:9:W25qxx_ReadByte	24	static
w25q64.c:729:6:W25qxx_ReadBytes	24	static
w25q64.c:767:7:W25qxx_ReadPage	24	static
w25q64.c:811:7:W25qxx_ReadSector	40	static
w25q64.c:850:7:W25qxx_ReadBlock	40	static
